C:/Users/ASUS/STM32CubeIDE/workspace_1.9.0/FatFs_USBDisk/Src/usbh_conf.c:33:6:HAL_HCD_MspInit	80	static
C:/Users/ASUS/STM32CubeIDE/workspace_1.9.0/FatFs_USBDisk/Src/usbh_conf.c:129:6:HAL_HCD_MspDeInit	0	static
C:/Users/ASUS/STM32CubeIDE/workspace_1.9.0/FatFs_USBDisk/Src/usbh_conf.c:153:6:HAL_HCD_SOF_Callback	0	static
C:/Users/ASUS/STM32CubeIDE/workspace_1.9.0/FatFs_USBDisk/Src/usbh_conf.c:163:6:HAL_HCD_Connect_Callback	0	static
C:/Users/ASUS/STM32CubeIDE/workspace_1.9.0/FatFs_USBDisk/Src/usbh_conf.c:173:6:HAL_HCD_Disconnect_Callback	0	static
C:/Users/ASUS/STM32CubeIDE/workspace_1.9.0/FatFs_USBDisk/Src/usbh_conf.c:183:6:HAL_HCD_PortEnabled_Callback	0	static
C:/Users/ASUS/STM32CubeIDE/workspace_1.9.0/FatFs_USBDisk/Src/usbh_conf.c:194:6:HAL_HCD_PortDisabled_Callback	0	static
C:/Users/ASUS/STM32CubeIDE/workspace_1.9.0/FatFs_USBDisk/Src/usbh_conf.c:206:6:HAL_HCD_HC_NotifyURBChange_Callback	0	static
C:/Users/ASUS/STM32CubeIDE/workspace_1.9.0/FatFs_USBDisk/Src/usbh_conf.c:220:20:USBH_LL_Init	16	static
C:/Users/ASUS/STM32CubeIDE/workspace_1.9.0/FatFs_USBDisk/Src/usbh_conf.c:264:20:USBH_LL_DeInit	8	static
C:/Users/ASUS/STM32CubeIDE/workspace_1.9.0/FatFs_USBDisk/Src/usbh_conf.c:275:20:USBH_LL_Start	8	static
C:/Users/ASUS/STM32CubeIDE/workspace_1.9.0/FatFs_USBDisk/Src/usbh_conf.c:286:20:USBH_LL_Stop	8	static
C:/Users/ASUS/STM32CubeIDE/workspace_1.9.0/FatFs_USBDisk/Src/usbh_conf.c:297:19:USBH_LL_GetSpeed	8	static
C:/Users/ASUS/STM32CubeIDE/workspace_1.9.0/FatFs_USBDisk/Src/usbh_conf.c:327:20:USBH_LL_ResetPort	8	static
C:/Users/ASUS/STM32CubeIDE/workspace_1.9.0/FatFs_USBDisk/Src/usbh_conf.c:339:10:USBH_LL_GetLastXferSize	0	static
C:/Users/ASUS/STM32CubeIDE/workspace_1.9.0/FatFs_USBDisk/Src/usbh_conf.c:355:20:USBH_LL_OpenPipe	24	static
C:/Users/ASUS/STM32CubeIDE/workspace_1.9.0/FatFs_USBDisk/Src/usbh_conf.c:379:20:USBH_LL_ClosePipe	8	static
C:/Users/ASUS/STM32CubeIDE/workspace_1.9.0/FatFs_USBDisk/Src/usbh_conf.c:412:20:USBH_LL_SubmitURB	24	static
C:/Users/ASUS/STM32CubeIDE/workspace_1.9.0/FatFs_USBDisk/Src/usbh_conf.c:446:22:USBH_LL_GetURBState	0	static
C:/Users/ASUS/STM32CubeIDE/workspace_1.9.0/FatFs_USBDisk/Src/usbh_conf.c:460:20:USBH_LL_DriverVBUS	0	static
C:/Users/ASUS/STM32CubeIDE/workspace_1.9.0/FatFs_USBDisk/Src/usbh_conf.c:484:20:USBH_LL_SetToggle	0	static
C:/Users/ASUS/STM32CubeIDE/workspace_1.9.0/FatFs_USBDisk/Src/usbh_conf.c:503:9:USBH_LL_GetToggle	0	static
C:/Users/ASUS/STM32CubeIDE/workspace_1.9.0/FatFs_USBDisk/Src/usbh_conf.c:523:6:USBH_Delay	0	static
