C:/Users/ASUS/STM32CubeIDE/workspace_1.9.0/FatFs_uSD/Drivers/BSP/STM324xG_EVAL/stm324xg_eval_sd.c:143:9:BSP_SD_ITConfig	32	static
C:/Users/ASUS/STM32CubeIDE/workspace_1.9.0/FatFs_uSD/Drivers/BSP/STM324xG_EVAL/stm324xg_eval_sd.c:165:9:BSP_SD_IsDetected	8	static
C:/Users/ASUS/STM32CubeIDE/workspace_1.9.0/FatFs_uSD/Drivers/BSP/STM324xG_EVAL/stm324xg_eval_sd.c:190:13:BSP_SD_DetectCallback	0	static
C:/Users/ASUS/STM32CubeIDE/workspace_1.9.0/FatFs_uSD/Drivers/BSP/STM324xG_EVAL/stm324xg_eval_sd.c:180:6:BSP_SD_DetectIT	8	static
C:/Users/ASUS/STM32CubeIDE/workspace_1.9.0/FatFs_uSD/Drivers/BSP/STM324xG_EVAL/stm324xg_eval_sd.c:206:9:BSP_SD_ReadBlocks	16	static
C:/Users/ASUS/STM32CubeIDE/workspace_1.9.0/FatFs_uSD/Drivers/BSP/STM324xG_EVAL/stm324xg_eval_sd.c:226:9:BSP_SD_WriteBlocks	16	static
C:/Users/ASUS/STM32CubeIDE/workspace_1.9.0/FatFs_uSD/Drivers/BSP/STM324xG_EVAL/stm324xg_eval_sd.c:245:9:BSP_SD_ReadBlocks_DMA	8	static
C:/Users/ASUS/STM32CubeIDE/workspace_1.9.0/FatFs_uSD/Drivers/BSP/STM324xG_EVAL/stm324xg_eval_sd.c:265:9:BSP_SD_WriteBlocks_DMA	8	static
C:/Users/ASUS/STM32CubeIDE/workspace_1.9.0/FatFs_uSD/Drivers/BSP/STM324xG_EVAL/stm324xg_eval_sd.c:284:9:BSP_SD_Erase	8	static
C:/Users/ASUS/STM32CubeIDE/workspace_1.9.0/FatFs_uSD/Drivers/BSP/STM324xG_EVAL/stm324xg_eval_sd.c:301:13:BSP_SD_MspInit	80	static
C:/Users/ASUS/STM32CubeIDE/workspace_1.9.0/FatFs_uSD/Drivers/BSP/STM324xG_EVAL/stm324xg_eval_sd.c:94:9:BSP_SD_Init	16	static
C:/Users/ASUS/STM32CubeIDE/workspace_1.9.0/FatFs_uSD/Drivers/BSP/STM324xG_EVAL/stm324xg_eval_sd.c:410:9:BSP_SD_GetCardState	8	static
C:/Users/ASUS/STM32CubeIDE/workspace_1.9.0/FatFs_uSD/Drivers/BSP/STM324xG_EVAL/stm324xg_eval_sd.c:421:6:BSP_SD_GetCardInfo	0	static
C:/Users/ASUS/STM32CubeIDE/workspace_1.9.0/FatFs_uSD/Drivers/BSP/STM324xG_EVAL/stm324xg_eval_sd.c:461:13:BSP_SD_AbortCallback	0	static
C:/Users/ASUS/STM32CubeIDE/workspace_1.9.0/FatFs_uSD/Drivers/BSP/STM324xG_EVAL/stm324xg_eval_sd.c:432:6:HAL_SD_AbortCallback	8	static
C:/Users/ASUS/STM32CubeIDE/workspace_1.9.0/FatFs_uSD/Drivers/BSP/STM324xG_EVAL/stm324xg_eval_sd.c:470:13:BSP_SD_WriteCpltCallback	0	static
C:/Users/ASUS/STM32CubeIDE/workspace_1.9.0/FatFs_uSD/Drivers/BSP/STM324xG_EVAL/stm324xg_eval_sd.c:442:6:HAL_SD_TxCpltCallback	8	static
C:/Users/ASUS/STM32CubeIDE/workspace_1.9.0/FatFs_uSD/Drivers/BSP/STM324xG_EVAL/stm324xg_eval_sd.c:479:13:BSP_SD_ReadCpltCallback	0	static
C:/Users/ASUS/STM32CubeIDE/workspace_1.9.0/FatFs_uSD/Drivers/BSP/STM324xG_EVAL/stm324xg_eval_sd.c:452:6:HAL_SD_RxCpltCallback	8	static
