C:/Users/ASUS/STM32CubeIDE/workspace_1.9.0/LwIP_HTTP_Server_Netconn_RTOS/Middlewares/Third_Party/LwIP/src/core/mem.c:516:1:mem_init	8	static
C:/Users/ASUS/STM32CubeIDE/workspace_1.9.0/LwIP_HTTP_Server_Netconn_RTOS/Middlewares/Third_Party/LwIP/src/core/mem.c:617:1:mem_free	16	static
C:/Users/ASUS/STM32CubeIDE/workspace_1.9.0/LwIP_HTTP_Server_Netconn_RTOS/Middlewares/Third_Party/LwIP/src/core/mem.c:699:1:mem_trim	40	static
C:/Users/ASUS/STM32CubeIDE/workspace_1.9.0/LwIP_HTTP_Server_Netconn_RTOS/Middlewares/Third_Party/LwIP/src/core/mem.c:831:1:mem_malloc	24	static
C:/Users/ASUS/STM32CubeIDE/workspace_1.9.0/LwIP_HTTP_Server_Netconn_RTOS/Middlewares/Third_Party/LwIP/src/core/mem.c:999:1:mem_calloc	16	static
