C:/Users/ASUS/STM32CubeIDE/workspace_1.9.0/LwIP_HTTP_Server_Netconn_RTOS/Middlewares/Third_Party/LwIP/src/core/tcp_in.c:1888:1:tcp_get_next_optbyte	0	static
C:/Users/ASUS/STM32CubeIDE/workspace_1.9.0/LwIP_HTTP_Server_Netconn_RTOS/Middlewares/Third_Party/LwIP/src/core/tcp_in.c:1909:1:tcp_parseopt	32	static
C:/Users/ASUS/STM32CubeIDE/workspace_1.9.0/LwIP_HTTP_Server_Netconn_RTOS/Middlewares/Third_Party/LwIP/src/core/tcp_in.c:600:1:tcp_input_delayed_close	8	static
C:/Users/ASUS/STM32CubeIDE/workspace_1.9.0/LwIP_HTTP_Server_Netconn_RTOS/Middlewares/Third_Party/LwIP/src/core/tcp_in.c:1088:1:tcp_free_acked_segments.constprop	32	static
C:/Users/ASUS/STM32CubeIDE/workspace_1.9.0/LwIP_HTTP_Server_Netconn_RTOS/Middlewares/Third_Party/LwIP/src/core/tcp_in.c:1141:1:tcp_receive	24	static
C:/Users/ASUS/STM32CubeIDE/workspace_1.9.0/LwIP_HTTP_Server_Netconn_RTOS/Middlewares/Third_Party/LwIP/src/core/tcp_in.c:118:1:tcp_input	64	static
C:/Users/ASUS/STM32CubeIDE/workspace_1.9.0/LwIP_HTTP_Server_Netconn_RTOS/Middlewares/Third_Party/LwIP/src/core/tcp_in.c:2029:1:tcp_trigger_input_pcb_close	0	static
