C:/Users/ASUS/STM32CubeIDE/workspace_1.9.0/LwIP_HTTP_Server_Netconn_RTOS/Middlewares/Third_Party/LwIP/src/core/timeouts.c:183:1:sys_timeout_abs	16	static
C:/Users/ASUS/STM32CubeIDE/workspace_1.9.0/LwIP_HTTP_Server_Netconn_RTOS/Middlewares/Third_Party/LwIP/src/core/timeouts.c:232:1:lwip_cyclic_timer	16	static
C:/Users/ASUS/STM32CubeIDE/workspace_1.9.0/LwIP_HTTP_Server_Netconn_RTOS/Middlewares/Third_Party/LwIP/src/core/timeouts.c:290:1:sys_timeout	16	static
C:/Users/ASUS/STM32CubeIDE/workspace_1.9.0/LwIP_HTTP_Server_Netconn_RTOS/Middlewares/Third_Party/LwIP/src/core/timeouts.c:166:1:tcp_timer_needed	0	static
C:/Users/ASUS/STM32CubeIDE/workspace_1.9.0/LwIP_HTTP_Server_Netconn_RTOS/Middlewares/Third_Party/LwIP/src/core/timeouts.c:144:1:tcpip_tcp_timer	8	static
C:/Users/ASUS/STM32CubeIDE/workspace_1.9.0/LwIP_HTTP_Server_Netconn_RTOS/Middlewares/Third_Party/LwIP/src/core/timeouts.c:264:6:sys_timeouts_init	8	static
C:/Users/ASUS/STM32CubeIDE/workspace_1.9.0/LwIP_HTTP_Server_Netconn_RTOS/Middlewares/Third_Party/LwIP/src/core/timeouts.c:317:1:sys_untimeout	12	static
C:/Users/ASUS/STM32CubeIDE/workspace_1.9.0/LwIP_HTTP_Server_Netconn_RTOS/Middlewares/Third_Party/LwIP/src/core/timeouts.c:352:1:sys_check_timeouts	24	static
C:/Users/ASUS/STM32CubeIDE/workspace_1.9.0/LwIP_HTTP_Server_Netconn_RTOS/Middlewares/Third_Party/LwIP/src/core/timeouts.c:404:1:sys_restart_timeouts	8	static
C:/Users/ASUS/STM32CubeIDE/workspace_1.9.0/LwIP_HTTP_Server_Netconn_RTOS/Middlewares/Third_Party/LwIP/src/core/timeouts.c:426:1:sys_timeouts_sleeptime	8	static
