C:/Users/ASUS/STM32CubeIDE/workspace_1.9.0/LwIP_HTTP_Server_Netconn_RTOS/Middlewares/Third_Party/LwIP/src/apps/http/httpd.c:478:1:http_state_eof	8	static
C:/Users/ASUS/STM32CubeIDE/workspace_1.9.0/LwIP_HTTP_Server_Netconn_RTOS/Middlewares/Third_Party/LwIP/src/apps/http/httpd.c:1673:1:http_get_404_file	16	static
C:/Users/ASUS/STM32CubeIDE/workspace_1.9.0/LwIP_HTTP_Server_Netconn_RTOS/Middlewares/Third_Party/LwIP/src/apps/http/httpd.c:2601:1:http_accept	16	static
C:/Users/ASUS/STM32CubeIDE/workspace_1.9.0/LwIP_HTTP_Server_Netconn_RTOS/Middlewares/Third_Party/LwIP/src/apps/http/httpd.c:2424:1:http_err	8	static
C:/Users/ASUS/STM32CubeIDE/workspace_1.9.0/LwIP_HTTP_Server_Netconn_RTOS/Middlewares/Third_Party/LwIP/src/apps/http/httpd.c:646:1:http_close_conn.isra	16	static
C:/Users/ASUS/STM32CubeIDE/workspace_1.9.0/LwIP_HTTP_Server_Netconn_RTOS/Middlewares/Third_Party/LwIP/src/apps/http/httpd.c:1559:1:http_send	24	static
C:/Users/ASUS/STM32CubeIDE/workspace_1.9.0/LwIP_HTTP_Server_Netconn_RTOS/Middlewares/Third_Party/LwIP/src/apps/http/httpd.c:2441:1:http_sent	8	static
C:/Users/ASUS/STM32CubeIDE/workspace_1.9.0/LwIP_HTTP_Server_Netconn_RTOS/Middlewares/Third_Party/LwIP/src/apps/http/httpd.c:2468:1:http_poll	8	static
C:/Users/ASUS/STM32CubeIDE/workspace_1.9.0/LwIP_HTTP_Server_Netconn_RTOS/Middlewares/Third_Party/LwIP/src/apps/http/httpd.c:2516:1:http_recv	64	static
C:/Users/ASUS/STM32CubeIDE/workspace_1.9.0/LwIP_HTTP_Server_Netconn_RTOS/Middlewares/Third_Party/LwIP/src/apps/http/httpd.c:2659:1:httpd_init	8	static
