Archive member included to satisfy reference by file (symbol)

c:/st/stm32cubeide_1.9.0/stm32cubeide/plugins/com.st.stm32cube.ide.mcu.externaltools.gnu-tools-for-stm32.10.3-2021.10.win32_1.0.0.202111181127/tools/bin/../lib/gcc/arm-none-eabi/10.3.1/../../../../arm-none-eabi/lib/thumb/v7e-m+fp/hard\libc_nano.a(lib_a-exit.o)
                              c:/st/stm32cubeide_1.9.0/stm32cubeide/plugins/com.st.stm32cube.ide.mcu.externaltools.gnu-tools-for-stm32.10.3-2021.10.win32_1.0.0.202111181127/tools/bin/../lib/gcc/arm-none-eabi/10.3.1/../../../../arm-none-eabi/lib/thumb/v7e-m+fp/hard/crt0.o (exit)
c:/st/stm32cubeide_1.9.0/stm32cubeide/plugins/com.st.stm32cube.ide.mcu.externaltools.gnu-tools-for-stm32.10.3-2021.10.win32_1.0.0.202111181127/tools/bin/../lib/gcc/arm-none-eabi/10.3.1/../../../../arm-none-eabi/lib/thumb/v7e-m+fp/hard\libc_nano.a(lib_a-impure.o)
                              c:/st/stm32cubeide_1.9.0/stm32cubeide/plugins/com.st.stm32cube.ide.mcu.externaltools.gnu-tools-for-stm32.10.3-2021.10.win32_1.0.0.202111181127/tools/bin/../lib/gcc/arm-none-eabi/10.3.1/../../../../arm-none-eabi/lib/thumb/v7e-m+fp/hard\libc_nano.a(lib_a-exit.o) (_global_impure_ptr)
c:/st/stm32cubeide_1.9.0/stm32cubeide/plugins/com.st.stm32cube.ide.mcu.externaltools.gnu-tools-for-stm32.10.3-2021.10.win32_1.0.0.202111181127/tools/bin/../lib/gcc/arm-none-eabi/10.3.1/../../../../arm-none-eabi/lib/thumb/v7e-m+fp/hard\libc_nano.a(lib_a-init.o)
                              c:/st/stm32cubeide_1.9.0/stm32cubeide/plugins/com.st.stm32cube.ide.mcu.externaltools.gnu-tools-for-stm32.10.3-2021.10.win32_1.0.0.202111181127/tools/bin/../lib/gcc/arm-none-eabi/10.3.1/../../../../arm-none-eabi/lib/thumb/v7e-m+fp/hard/crt0.o (__libc_init_array)
c:/st/stm32cubeide_1.9.0/stm32cubeide/plugins/com.st.stm32cube.ide.mcu.externaltools.gnu-tools-for-stm32.10.3-2021.10.win32_1.0.0.202111181127/tools/bin/../lib/gcc/arm-none-eabi/10.3.1/../../../../arm-none-eabi/lib/thumb/v7e-m+fp/hard\libc_nano.a(lib_a-malloc.o)
                              ./Middlewares/STM32_USBH_Library/Class/MSC/usbh_msc.o (malloc)
c:/st/stm32cubeide_1.9.0/stm32cubeide/plugins/com.st.stm32cube.ide.mcu.externaltools.gnu-tools-for-stm32.10.3-2021.10.win32_1.0.0.202111181127/tools/bin/../lib/gcc/arm-none-eabi/10.3.1/../../../../arm-none-eabi/lib/thumb/v7e-m+fp/hard\libc_nano.a(lib_a-memcpy-stub.o)
                              ./Middlewares/FatFs/Drivers/usbh_diskio_dma.o (memcpy)
c:/st/stm32cubeide_1.9.0/stm32cubeide/plugins/com.st.stm32cube.ide.mcu.externaltools.gnu-tools-for-stm32.10.3-2021.10.win32_1.0.0.202111181127/tools/bin/../lib/gcc/arm-none-eabi/10.3.1/../../../../arm-none-eabi/lib/thumb/v7e-m+fp/hard\libc_nano.a(lib_a-memset.o)
                              c:/st/stm32cubeide_1.9.0/stm32cubeide/plugins/com.st.stm32cube.ide.mcu.externaltools.gnu-tools-for-stm32.10.3-2021.10.win32_1.0.0.202111181127/tools/bin/../lib/gcc/arm-none-eabi/10.3.1/../../../../arm-none-eabi/lib/thumb/v7e-m+fp/hard/crt0.o (memset)
c:/st/stm32cubeide_1.9.0/stm32cubeide/plugins/com.st.stm32cube.ide.mcu.externaltools.gnu-tools-for-stm32.10.3-2021.10.win32_1.0.0.202111181127/tools/bin/../lib/gcc/arm-none-eabi/10.3.1/../../../../arm-none-eabi/lib/thumb/v7e-m+fp/hard\libc_nano.a(lib_a-nano-freer.o)
                              c:/st/stm32cubeide_1.9.0/stm32cubeide/plugins/com.st.stm32cube.ide.mcu.externaltools.gnu-tools-for-stm32.10.3-2021.10.win32_1.0.0.202111181127/tools/bin/../lib/gcc/arm-none-eabi/10.3.1/../../../../arm-none-eabi/lib/thumb/v7e-m+fp/hard\libc_nano.a(lib_a-malloc.o) (_free_r)
c:/st/stm32cubeide_1.9.0/stm32cubeide/plugins/com.st.stm32cube.ide.mcu.externaltools.gnu-tools-for-stm32.10.3-2021.10.win32_1.0.0.202111181127/tools/bin/../lib/gcc/arm-none-eabi/10.3.1/../../../../arm-none-eabi/lib/thumb/v7e-m+fp/hard\libc_nano.a(lib_a-nano-mallocr.o)
                              c:/st/stm32cubeide_1.9.0/stm32cubeide/plugins/com.st.stm32cube.ide.mcu.externaltools.gnu-tools-for-stm32.10.3-2021.10.win32_1.0.0.202111181127/tools/bin/../lib/gcc/arm-none-eabi/10.3.1/../../../../arm-none-eabi/lib/thumb/v7e-m+fp/hard\libc_nano.a(lib_a-malloc.o) (_malloc_r)
c:/st/stm32cubeide_1.9.0/stm32cubeide/plugins/com.st.stm32cube.ide.mcu.externaltools.gnu-tools-for-stm32.10.3-2021.10.win32_1.0.0.202111181127/tools/bin/../lib/gcc/arm-none-eabi/10.3.1/../../../../arm-none-eabi/lib/thumb/v7e-m+fp/hard\libc_nano.a(lib_a-sbrkr.o)
                              c:/st/stm32cubeide_1.9.0/stm32cubeide/plugins/com.st.stm32cube.ide.mcu.externaltools.gnu-tools-for-stm32.10.3-2021.10.win32_1.0.0.202111181127/tools/bin/../lib/gcc/arm-none-eabi/10.3.1/../../../../arm-none-eabi/lib/thumb/v7e-m+fp/hard\libc_nano.a(lib_a-nano-mallocr.o) (_sbrk_r)
c:/st/stm32cubeide_1.9.0/stm32cubeide/plugins/com.st.stm32cube.ide.mcu.externaltools.gnu-tools-for-stm32.10.3-2021.10.win32_1.0.0.202111181127/tools/bin/../lib/gcc/arm-none-eabi/10.3.1/../../../../arm-none-eabi/lib/thumb/v7e-m+fp/hard\libc_nano.a(lib_a-mlock.o)
[...]
Memory Configuration

Name             Origin             Length             Attributes
RAM              0x0000000020000000 0x0000000000020000 xrw
CCMRAM           0x0000000010000000 0x0000000000010000 rw
FLASH            0x0000000008000000 0x0000000000100000 xr
*default*        0x0000000000000000 0xffffffffffffffff

Linker script and memory map

LOAD c:/st/stm32cubeide_1.9.0/stm32cubeide/plugins/com.st.stm32cube.ide.mcu.externaltools.gnu-tools-for-stm32.10.3-2021.10.win32_1.0.0.202111181127/tools/bin/../lib/gcc/arm-none-eabi/10.3.1/thumb/v7e-m+fp/hard/crti.o
LOAD c:/st/stm32cubeide_1.9.0/stm32cubeide/plugins/com.st.stm32cube.ide.mcu.externaltools.gnu-tools-for-stm32.10.3-2021.10.win32_1.0.0.202111181127/tools/bin/../lib/gcc/arm-none-eabi/10.3.1/thumb/v7e-m+fp/hard/crtbegin.o
LOAD c:/st/stm32cubeide_1.9.0/stm32cubeide/plugins/com.st.stm32cube.ide.mcu.externaltools.gnu-tools-for-stm32.10.3-2021.10.win32_1.0.0.202111181127/tools/bin/../lib/gcc/arm-none-eabi/10.3.1/../../../../arm-none-eabi/lib/thumb/v7e-m+fp/hard/crt0.o
LOAD ./Application/SW4STM32/startup_stm32f407xx.o
LOAD ./Application/User/main.o
LOAD ./Application/User/stm32f4xx_it.o
LOAD ./Application/User/usbh_conf.o
LOAD ./Drivers/BSP/Components/stmpe811.o
LOAD ./Drivers/BSP/STM324xG_EVAL/stm324xg_eval.o
LOAD ./Drivers/BSP/STM324xG_EVAL/stm324xg_eval_io.o
LOAD ./Drivers/CMSIS/system_stm32f4xx.o
LOAD ./Drivers/STM32F4xx_HAL_Driver/stm32f4xx_hal.o
LOAD ./Drivers/STM32F4xx_HAL_Driver/stm32f4xx_hal_cortex.o
LOAD ./Drivers/STM32F4xx_HAL_Driver/stm32f4xx_hal_crc.o
LOAD ./Drivers/STM32F4xx_HAL_Driver/stm32f4xx_hal_dma.o
LOAD ./Drivers/STM32F4xx_HAL_Driver/stm32f4xx_hal_flash.o
LOAD ./Drivers/STM32F4xx_HAL_Driver/stm32f4xx_hal_flash_ex.o
LOAD ./Drivers/STM32F4xx_HAL_Driver/stm32f4xx_hal_gpio.o
LOAD ./Drivers/STM32F4xx_HAL_Driver/stm32f4xx_hal_hcd.o
LOAD ./Drivers/STM32F4xx_HAL_Driver/stm32f4xx_hal_i2c.o
LOAD ./Drivers/STM32F4xx_HAL_Driver/stm32f4xx_hal_i2s.o
LOAD ./Drivers/STM32F4xx_HAL_Driver/stm32f4xx_hal_nand.o
LOAD ./Drivers/STM32F4xx_HAL_Driver/stm32f4xx_hal_pcd.o
LOAD ./Drivers/STM32F4xx_HAL_Driver/stm32f4xx_hal_pwr.o
LOAD ./Drivers/STM32F4xx_HAL_Driver/stm32f4xx_hal_rcc.o
LOAD ./Drivers/STM32F4xx_HAL_Driver/stm32f4xx_hal_rng.o
LOAD ./Drivers/STM32F4xx_HAL_Driver/stm32f4xx_hal_sram.o
LOAD ./Drivers/STM32F4xx_HAL_Driver/stm32f4xx_hal_uart.o
LOAD ./Drivers/STM32F4xx_HAL_Driver/stm32f4xx_hal_wwdg.o
LOAD ./Drivers/STM32F4xx_HAL_Driver/stm32f4xx_ll_fsmc.o
LOAD ./Drivers/STM32F4xx_HAL_Driver/stm32f4xx_ll_sdmmc.o
LOAD ./Drivers/STM32F4xx_HAL_Driver/stm32f4xx_ll_usb.o
LOAD ./Middlewares/FatFs/Core/diskio.o
LOAD ./Middlewares/FatFs/Core/ff.o
LOAD ./Middlewares/FatFs/Core/ff_gen_drv.o
LOAD ./Middlewares/FatFs/Drivers/usbh_diskio_dma.o
LOAD ./Middlewares/STM32_USBH_Library/Class/MSC/usbh_msc.o
LOAD ./Middlewares/STM32_USBH_Library/Class/MSC/usbh_msc_bot.o
LOAD ./Middlewares/STM32_USBH_Library/Class/MSC/usbh_msc_scsi.o
LOAD ./Middlewares/STM32_USBH_Library/Core/usbh_core.o
LOAD ./Middlewares/STM32_USBH_Library/Core/usbh_ctlreq.o
LOAD ./Middlewares/STM32_USBH_Library/Core/usbh_ioreq.o
LOAD ./Middlewares/STM32_USBH_Library/Core/usbh_pipes.o
START GROUP
LOAD c:/st/stm32cubeide_1.9.0/stm32cubeide/plugins/com.st.stm32cube.ide.mcu.externaltools.gnu-tools-for-stm32.10.3-2021.10.win32_1.0.0.202111181127/tools/bin/../lib/gcc/arm-none-eabi/10.3.1/../../../../arm-none-eabi/lib/thumb/v7e-m+fp/hard\libc_nano.a
LOAD c:/st/stm32cubeide_1.9.0/stm32cubeide/plugins/com.st.stm32cube.ide.mcu.externaltools.gnu-tools-for-stm32.10.3-2021.10.win32_1.0.0.202111181127/tools/bin/../lib/gcc/arm-none-eabi/10.3.1/../../../../arm-none-eabi/lib/thumb/v7e-m+fp/hard\libm.a
END GROUP
START GROUP
LOAD c:/st/stm32cubeide_1.9.0/stm32cubeide/plugins/com.st.stm32cube.ide.mcu.externaltools.gnu-tools-for-stm32.10.3-2021.10.win32_1.0.0.202111181127/tools/bin/../lib/gcc/arm-none-eabi/10.3.1/thumb/v7e-m+fp/hard\libgcc.a
LOAD c:/st/stm32cubeide_1.9.0/stm32cubeide/plugins/com.st.stm32cube.ide.mcu.externaltools.gnu-tools-for-stm32.10.3-2021.10.win32_1.0.0.202111181127/tools/bin/../lib/gcc/arm-none-eabi/10.3.1/../../../../arm-none-eabi/lib/thumb/v7e-m+fp/hard\libc_nano.a
END GROUP
START GROUP
LOAD c:/st/stm32cubeide_1.9.0/stm32cubeide/plugins/com.st.stm32cube.ide.mcu.externaltools.gnu-tools-for-stm32.10.3-2021.10.win32_1.0.0.202111181127/tools/bin/../lib/gcc/arm-none-eabi/10.3.1/thumb/v7e-m+fp/hard\libgcc.a
LOAD c:/st/stm32cubeide_1.9.0/stm32cubeide/plugins/com.st.stm32cube.ide.mcu.externaltools.gnu-tools-for-stm32.10.3-2021.10.win32_1.0.0.202111181127/tools/bin/../lib/gcc/arm-none-eabi/10.3.1/../../../../arm-none-eabi/lib/thumb/v7e-m+fp/hard\libc_nano.a
LOAD c:/st/stm32cubeide_1.9.0/stm32cubeide/plugins/com.st.stm32cube.ide.mcu.externaltools.gnu-tools-for-stm32.10.3-2021.10.win32_1.0.0.202111181127/tools/bin/../lib/gcc/arm-none-eabi/10.3.1/../../../../arm-none-eabi/lib/thumb/v7e-m+fp/hard\libnosys.a
END GROUP
START GROUP
LOAD c:/st/stm32cubeide_1.9.0/stm32cubeide/plugins/com.st.stm32cube.ide.mcu.externaltools.gnu-tools-for-stm32.10.3-2021.10.win32_1.0.0.202111181127/tools/bin/../lib/gcc/arm-none-eabi/10.3.1/thumb/v7e-m+fp/hard\libgcc.a
LOAD c:/st/stm32cubeide_1.9.0/stm32cubeide/plugins/com.st.stm32cube.ide.mcu.externaltools.gnu-tools-for-stm32.10.3-2021.10.win32_1.0.0.202111181127/tools/bin/../lib/gcc/arm-none-eabi/10.3.1/../../../../arm-none-eabi/lib/thumb/v7e-m+fp/hard\libc_nano.a
LOAD c:/st/stm32cubeide_1.9.0/stm32cubeide/plugins/com.st.stm32cube.ide.mcu.externaltools.gnu-tools-for-stm32.10.3-2021.10.win32_1.0.0.202111181127/tools/bin/../lib/gcc/arm-none-eabi/10.3.1/../../../../arm-none-eabi/lib/thumb/v7e-m+fp/hard\libnosys.a
END GROUP
LOAD c:/st/stm32cubeide_1.9.0/stm32cubeide/plugins/com.st.stm32cube.ide.mcu.externaltools.gnu-tools-for-stm32.10.3-2021.10.win32_1.0.0.202111181127/tools/bin/../lib/gcc/arm-none-eabi/10.3.1/thumb/v7e-m+fp/hard/crtend.o
LOAD c:/st/stm32cubeide_1.9.0/stm32cubeide/plugins/com.st.stm32cube.ide.mcu.externaltools.gnu-tools-for-stm32.10.3-2021.10.win32_1.0.0.202111181127/tools/bin/../lib/gcc/arm-none-eabi/10.3.1/thumb/v7e-m+fp/hard/crtn.o
                0x0000000020020000                _estack = 0x20020000
                0x0000000000000400                _Min_Heap_Size = 0x400
                0x0000000000000800                _Min_Stack_Size = 0x800

.isr_vector     0x0000000008000000      0x188
                0x0000000008000000                . = ALIGN (0x4)
 *(.isr_vector)
 .isr_vector    0x0000000008000000      0x188 ./Application/SW4STM32/startup_stm32f407xx.o
                0x0000000008000000                g_pfnVectors
                0x0000000008000188                . = ALIGN (0x4)

.text           0x0000000008000188     0x4e44
                0x0000000008000188                . = ALIGN (0x4)
 *(.text)
 .text          0x0000000008000188       0x40 c:/st/stm32cubeide_1.9.0/stm32cubeide/plugins/com.st.stm32cube.ide.mcu.externaltools.gnu-tools-for-stm32.10.3-2021.10.win32_1.0.0.202111181127/tools/bin/../lib/gcc/arm-none-eabi/10.3.1/thumb/v7e-m+fp/hard/crtbegin.o
 .text          0x00000000080001c8       0x30 c:/st/stm32cubeide_1.9.0/stm32cubeide/plugins/com.st.stm32cube.ide.mcu.externaltools.gnu-tools-for-stm32.10.3-2021.10.win32_1.0.0.202111181127/tools/bin/../lib/gcc/arm-none-eabi/10.3.1/thumb/v7e-m+fp/hard\libgcc.a(_aeabi_uldivmod.o)
                0x00000000080001c8                __aeabi_uldivmod
 .text          0x00000000080001f8      0x2d0 c:/st/stm32cubeide_1.9.0/stm32cubeide/plugins/com.st.stm32cube.ide.mcu.externaltools.gnu-tools-for-stm32.10.3-2021.10.win32_1.0.0.202111181127/tools/bin/../lib/gcc/arm-none-eabi/10.3.1/thumb/v7e-m+fp/hard\libgcc.a(_udivmoddi4.o)
                0x00000000080001f8                __udivmoddi4
 .text          0x00000000080004c8        0x4 c:/st/stm32cubeide_1.9.0/stm32cubeide/plugins/com.st.stm32cube.ide.mcu.externaltools.gnu-tools-for-stm32.10.3-2021.10.win32_1.0.0.202111181127/tools/bin/../lib/gcc/arm-none-eabi/10.3.1/thumb/v7e-m+fp/hard\libgcc.a(_dvmd_tls.o)
                0x00000000080004c8                __aeabi_idiv0
                0x00000000080004c8                __aeabi_ldiv0
 *(.text*)
 .text.Reset_Handler
                0x00000000080004cc       0x50 ./Application/SW4STM32/startup_stm32f407xx.o
                0x00000000080004cc                Reset_Handler
 .text.Default_Handler
                0x000000000800051c        0x2 ./Application/SW4STM32/startup_stm32f407xx.o
                0x000000000800051c                RTC_Alarm_IRQHandler
                0x000000000800051c                HASH_RNG_IRQHandler
                0x000000000800051c                EXTI2_IRQHandler
                0x000000000800051c                TIM8_CC_IRQHandler
                0x000000000800051c                TIM1_CC_IRQHandler
                0x000000000800051c                DMA2_Stream5_IRQHandler
                0x000000000800051c                DMA1_Stream5_IRQHandler
                0x000000000800051c                PVD_IRQHandler
                0x000000000800051c                SDIO_IRQHandler
                0x000000000800051c                TAMP_STAMP_IRQHandler
                0x000000000800051c                CAN2_RX1_IRQHandler
                0x000000000800051c                EXTI3_IRQHandler
                0x000000000800051c                TIM8_TRG_COM_TIM14_IRQHandler
                0x000000000800051c                TIM1_UP_TIM10_IRQHandler
                0x000000000800051c                TIM8_UP_TIM13_IRQHandler
                0x000000000800051c                I2C3_ER_IRQHandler
                0x000000000800051c                EXTI0_IRQHandler
                0x000000000800051c                I2C2_EV_IRQHandler
                0x000000000800051c                DMA1_Stream2_IRQHandler
                0x000000000800051c                CAN1_RX0_IRQHandler
                0x000000000800051c                FPU_IRQHandler
                0x000000000800051c                OTG_HS_WKUP_IRQHandler
                0x000000000800051c                CAN2_SCE_IRQHandler
                0x000000000800051c                DMA2_Stream2_IRQHandler
                0x000000000800051c                SPI1_IRQHandler
                0x000000000800051c                TIM6_DAC_IRQHandler
                0x000000000800051c                TIM1_BRK_TIM9_IRQHandler
                0x000000000800051c                DCMI_IRQHandler
                0x000000000800051c                CAN2_RX0_IRQHandler
                0x000000000800051c                DMA2_Stream3_IRQHandler
                0x000000000800051c                USART6_IRQHandler
                0x000000000800051c                USART3_IRQHandler
                0x000000000800051c                CAN1_RX1_IRQHandler
                0x000000000800051c                UART5_IRQHandler
                0x000000000800051c                DMA2_Stream0_IRQHandler
                0x000000000800051c                TIM4_IRQHandler
                0x000000000800051c                I2C1_EV_IRQHandler
                0x000000000800051c                DMA1_Stream6_IRQHandler
                0x000000000800051c                DMA1_Stream1_IRQHandler
                0x000000000800051c                UART4_IRQHandler
                0x000000000800051c                TIM3_IRQHandler
                0x000000000800051c                RCC_IRQHandler
                0x000000000800051c                TIM8_BRK_TIM12_IRQHandler
                0x000000000800051c                Default_Handler
                0x000000000800051c                EXTI15_10_IRQHandler
                0x000000000800051c                ADC_IRQHandler
                0x000000000800051c                DMA1_Stream7_IRQHandler
                0x000000000800051c                TIM7_IRQHandler
                0x000000000800051c                CAN2_TX_IRQHandler
                0x000000000800051c                TIM5_IRQHandler
                0x000000000800051c                DMA2_Stream7_IRQHandler
                0x000000000800051c                I2C3_EV_IRQHandler
                0x000000000800051c                EXTI9_5_IRQHandler
                0x000000000800051c                RTC_WKUP_IRQHandler
                0x000000000800051c                ETH_WKUP_IRQHandler
                0x000000000800051c                SPI2_IRQHandler
                0x000000000800051c                OTG_HS_EP1_IN_IRQHandler
                0x000000000800051c                DMA1_Stream0_IRQHandler
                0x000000000800051c                CAN1_TX_IRQHandler
                0x000000000800051c                EXTI4_IRQHandler
                0x000000000800051c                FSMC_IRQHandler
                0x000000000800051c                ETH_IRQHandler
                0x000000000800051c                OTG_HS_EP1_OUT_IRQHandler
                0x000000000800051c                WWDG_IRQHandler
                0x000000000800051c                TIM2_IRQHandler
                0x000000000800051c                OTG_FS_WKUP_IRQHandler
                0x000000000800051c                TIM1_TRG_COM_TIM11_IRQHandler
                0x000000000800051c                EXTI1_IRQHandler
                0x000000000800051c                USART2_IRQHandler
                0x000000000800051c                I2C2_ER_IRQHandler
                0x000000000800051c                DMA2_Stream1_IRQHandler
                0x000000000800051c                CAN1_SCE_IRQHandler
                0x000000000800051c                FLASH_IRQHandler
                0x000000000800051c                DMA2_Stream4_IRQHandler
                0x000000000800051c                USART1_IRQHandler
                0x000000000800051c                OTG_FS_IRQHandler
                0x000000000800051c                SPI3_IRQHandler
                0x000000000800051c                DMA1_Stream4_IRQHandler
                0x000000000800051c                I2C1_ER_IRQHandler
                0x000000000800051c                DMA2_Stream6_IRQHandler
                0x000000000800051c                DMA1_Stream3_IRQHandler
 *fill*         0x000000000800051e        0x2 
 .text.USBH_UserProcess
                0x0000000008000520       0x28 ./Application/User/main.o
 .text.startup.main
                0x0000000008000548      0x1a4 ./Application/User/main.o
                0x0000000008000548                main
 .text.NMI_Handler
                0x00000000080006ec        0x2 ./Application/User/stm32f4xx_it.o
                0x00000000080006ec                NMI_Handler
 .text.HardFault_Handler
                0x00000000080006ee        0x2 ./Application/User/stm32f4xx_it.o
                0x00000000080006ee                HardFault_Handler
 .text.MemManage_Handler
                0x00000000080006f0        0x2 ./Application/User/stm32f4xx_it.o
                0x00000000080006f0                MemManage_Handler
 .text.BusFault_Handler
                0x00000000080006f2        0x2 ./Application/User/stm32f4xx_it.o
                0x00000000080006f2                BusFault_Handler
 .text.UsageFault_Handler
                0x00000000080006f4        0x2 ./Application/User/stm32f4xx_it.o
                0x00000000080006f4                UsageFault_Handler
 .text.SVC_Handler
                0x00000000080006f6        0x2 ./Application/User/stm32f4xx_it.o
                0x00000000080006f6                SVC_Handler
 .text.DebugMon_Handler
                0x00000000080006f8        0x2 ./Application/User/stm32f4xx_it.o
                0x00000000080006f8                DebugMon_Handler
 .text.PendSV_Handler
                0x00000000080006fa        0x2 ./Application/User/stm32f4xx_it.o
                0x00000000080006fa                PendSV_Handler
 .text.SysTick_Handler
                0x00000000080006fc        0x4 ./Application/User/stm32f4xx_it.o
                0x00000000080006fc                SysTick_Handler
 .text.OTG_HS_IRQHandler
                0x0000000008000700        0xc ./Application/User/stm32f4xx_it.o
                0x0000000008000700                OTG_HS_IRQHandler
 .text.HAL_HCD_MspInit
                0x000000000800070c      0x18c ./Application/User/usbh_conf.o
                0x000000000800070c                HAL_HCD_MspInit
 .text.HAL_HCD_SOF_Callback
                0x0000000008000898        0x8 ./Application/User/usbh_conf.o
                0x0000000008000898                HAL_HCD_SOF_Callback
 .text.HAL_HCD_Connect_Callback
                0x00000000080008a0        0x8 ./Application/User/usbh_conf.o
                0x00000000080008a0                HAL_HCD_Connect_Callback
 .text.HAL_HCD_Disconnect_Callback
                0x00000000080008a8        0x8 ./Application/User/usbh_conf.o
                0x00000000080008a8                HAL_HCD_Disconnect_Callback
 .text.HAL_HCD_PortEnabled_Callback
                0x00000000080008b0        0x8 ./Application/User/usbh_conf.o
                0x00000000080008b0                HAL_HCD_PortEnabled_Callback
 .text.HAL_HCD_PortDisabled_Callback
                0x00000000080008b8        0x8 ./Application/User/usbh_conf.o
                0x00000000080008b8                HAL_HCD_PortDisabled_Callback
 .text.HAL_HCD_HC_NotifyURBChange_Callback
                0x00000000080008c0        0x2 ./Application/User/usbh_conf.o
                0x00000000080008c0                HAL_HCD_HC_NotifyURBChange_Callback
 *fill*         0x00000000080008c2        0x2 
 .text.USBH_LL_Init
                0x00000000080008c4       0x48 ./Application/User/usbh_conf.o
                0x00000000080008c4                USBH_LL_Init
 .text.USBH_LL_Start
                0x000000000800090c        0xe ./Application/User/usbh_conf.o
                0x000000000800090c                USBH_LL_Start
 .text.USBH_LL_Stop
                0x000000000800091a        0xe ./Application/User/usbh_conf.o
                0x000000000800091a                USBH_LL_Stop
 .text.USBH_LL_GetSpeed
                0x0000000008000928       0x14 ./Application/User/usbh_conf.o
                0x0000000008000928                USBH_LL_GetSpeed
 .text.USBH_LL_ResetPort
                0x000000000800093c        0xe ./Application/User/usbh_conf.o
                0x000000000800093c                USBH_LL_ResetPort
 .text.USBH_LL_GetLastXferSize
                0x000000000800094a        0x8 ./Application/User/usbh_conf.o
                0x000000000800094a                USBH_LL_GetLastXferSize
 .text.USBH_LL_OpenPipe
                0x0000000008000952       0x22 ./Application/User/usbh_conf.o
                0x0000000008000952                USBH_LL_OpenPipe
 .text.USBH_LL_ClosePipe
                0x0000000008000974        0xe ./Application/User/usbh_conf.o
                0x0000000008000974                USBH_LL_ClosePipe
 .text.USBH_LL_SubmitURB
                0x0000000008000982       0x26 ./Application/User/usbh_conf.o
                0x0000000008000982                USBH_LL_SubmitURB
 .text.USBH_LL_GetURBState
                0x00000000080009a8        0x8 ./Application/User/usbh_conf.o
                0x00000000080009a8                USBH_LL_GetURBState
 .text.USBH_LL_DriverVBUS
                0x00000000080009b0        0x4 ./Application/User/usbh_conf.o
                0x00000000080009b0                USBH_LL_DriverVBUS
 .text.USBH_LL_SetToggle
                0x00000000080009b4       0x20 ./Application/User/usbh_conf.o
                0x00000000080009b4                USBH_LL_SetToggle
 .text.USBH_LL_GetToggle
                0x00000000080009d4       0x20 ./Application/User/usbh_conf.o
                0x00000000080009d4                USBH_LL_GetToggle
 .text.USBH_Delay
                0x00000000080009f4        0x4 ./Application/User/usbh_conf.o
                0x00000000080009f4                USBH_Delay
 .text.SystemInit
                0x00000000080009f8       0x14 ./Drivers/CMSIS/system_stm32f4xx.o
                0x00000000080009f8                SystemInit
 .text.HAL_MspInit
                0x0000000008000a0c        0x2 ./Drivers/STM32F4xx_HAL_Driver/stm32f4xx_hal.o
                0x0000000008000a0c                HAL_MspInit
 *fill*         0x0000000008000a0e        0x2 
 .text.HAL_InitTick
                0x0000000008000a10       0x44 ./Drivers/STM32F4xx_HAL_Driver/stm32f4xx_hal.o
                0x0000000008000a10                HAL_InitTick
 .text.HAL_Init
                0x0000000008000a54       0x2c ./Drivers/STM32F4xx_HAL_Driver/stm32f4xx_hal.o
                0x0000000008000a54                HAL_Init
 .text.HAL_IncTick
                0x0000000008000a80       0x18 ./Drivers/STM32F4xx_HAL_Driver/stm32f4xx_hal.o
                0x0000000008000a80                HAL_IncTick
 .text.HAL_GetTick
                0x0000000008000a98        0xc ./Drivers/STM32F4xx_HAL_Driver/stm32f4xx_hal.o
                0x0000000008000a98                HAL_GetTick
 .text.HAL_Delay
                0x0000000008000aa4       0x28 ./Drivers/STM32F4xx_HAL_Driver/stm32f4xx_hal.o
                0x0000000008000aa4                HAL_Delay
 .text.HAL_GetREVID
                0x0000000008000acc        0xc ./Drivers/STM32F4xx_HAL_Driver/stm32f4xx_hal.o
                0x0000000008000acc                HAL_GetREVID
 .text.HAL_NVIC_SetPriorityGrouping
                0x0000000008000ad8       0x24 ./Drivers/STM32F4xx_HAL_Driver/stm32f4xx_hal_cortex.o
                0x0000000008000ad8                HAL_NVIC_SetPriorityGrouping
 .text.HAL_NVIC_SetPriority
                0x0000000008000afc       0x64 ./Drivers/STM32F4xx_HAL_Driver/stm32f4xx_hal_cortex.o
                0x0000000008000afc                HAL_NVIC_SetPriority
 .text.HAL_NVIC_EnableIRQ
                0x0000000008000b60       0x1c ./Drivers/STM32F4xx_HAL_Driver/stm32f4xx_hal_cortex.o
                0x0000000008000b60                HAL_NVIC_EnableIRQ
 .text.HAL_SYSTICK_Config
                0x0000000008000b7c       0x28 ./Drivers/STM32F4xx_HAL_Driver/stm32f4xx_hal_cortex.o
                0x0000000008000b7c                HAL_SYSTICK_Config
 .text.HAL_GPIO_Init
                0x0000000008000ba4      0x1b4 ./Drivers/STM32F4xx_HAL_Driver/stm32f4xx_hal_gpio.o
                0x0000000008000ba4                HAL_GPIO_Init
 .text.HAL_HCD_HC_Init
                0x0000000008000d58       0x6c ./Drivers/STM32F4xx_HAL_Driver/stm32f4xx_hal_hcd.o
                0x0000000008000d58                HAL_HCD_HC_Init
 .text.HAL_HCD_HC_Halt
                0x0000000008000dc4       0x24 ./Drivers/STM32F4xx_HAL_Driver/stm32f4xx_hal_hcd.o
                0x0000000008000dc4                HAL_HCD_HC_Halt
 .text.HAL_HCD_Init
                0x0000000008000de8       0x98 ./Drivers/STM32F4xx_HAL_Driver/stm32f4xx_hal_hcd.o
                0x0000000008000de8                HAL_HCD_Init
 .text.HAL_HCD_HC_SubmitRequest
                0x0000000008000e80       0xc8 ./Drivers/STM32F4xx_HAL_Driver/stm32f4xx_hal_hcd.o
                0x0000000008000e80                HAL_HCD_HC_SubmitRequest
 .text.HAL_HCD_IRQHandler
                0x0000000008000f48      0x5e4 ./Drivers/STM32F4xx_HAL_Driver/stm32f4xx_hal_hcd.o
                0x0000000008000f48                HAL_HCD_IRQHandler
 .text.HAL_HCD_Start
                0x000000000800152c       0x2a ./Drivers/STM32F4xx_HAL_Driver/stm32f4xx_hal_hcd.o
                0x000000000800152c                HAL_HCD_Start
 .text.HAL_HCD_Stop
                0x0000000008001556       0x24 ./Drivers/STM32F4xx_HAL_Driver/stm32f4xx_hal_hcd.o
                0x0000000008001556                HAL_HCD_Stop
 .text.HAL_HCD_ResetPort
                0x000000000800157a        0x6 ./Drivers/STM32F4xx_HAL_Driver/stm32f4xx_hal_hcd.o
                0x000000000800157a                HAL_HCD_ResetPort
 .text.HAL_HCD_HC_GetURBState
                0x0000000008001580        0xc ./Drivers/STM32F4xx_HAL_Driver/stm32f4xx_hal_hcd.o
                0x0000000008001580                HAL_HCD_HC_GetURBState
 .text.HAL_HCD_HC_GetXferCount
                0x000000000800158c        0xa ./Drivers/STM32F4xx_HAL_Driver/stm32f4xx_hal_hcd.o
                0x000000000800158c                HAL_HCD_HC_GetXferCount
 .text.HAL_HCD_GetCurrentFrame
                0x0000000008001596        0x6 ./Drivers/STM32F4xx_HAL_Driver/stm32f4xx_hal_hcd.o
                0x0000000008001596                HAL_HCD_GetCurrentFrame
 .text.HAL_HCD_GetCurrentSpeed
                0x000000000800159c        0x6 ./Drivers/STM32F4xx_HAL_Driver/stm32f4xx_hal_hcd.o
                0x000000000800159c                HAL_HCD_GetCurrentSpeed
 *fill*         0x00000000080015a2        0x2 
 .text.HAL_RCC_OscConfig
                0x00000000080015a4      0x360 ./Drivers/STM32F4xx_HAL_Driver/stm32f4xx_hal_rcc.o
                0x00000000080015a4                HAL_RCC_OscConfig
 .text.HAL_RCC_GetSysClockFreq
                0x0000000008001904       0x5c ./Drivers/STM32F4xx_HAL_Driver/stm32f4xx_hal_rcc.o
                0x0000000008001904                HAL_RCC_GetSysClockFreq
 .text.HAL_RCC_ClockConfig
                0x0000000008001960      0x138 ./Drivers/STM32F4xx_HAL_Driver/stm32f4xx_hal_rcc.o
                0x0000000008001960                HAL_RCC_ClockConfig
 .text.USB_CoreReset
                0x0000000008001a98       0x4c ./Drivers/STM32F4xx_HAL_Driver/stm32f4xx_ll_usb.o
 .text.USB_CoreInit
                0x0000000008001ae4       0x80 ./Drivers/STM32F4xx_HAL_Driver/stm32f4xx_ll_usb.o
                0x0000000008001ae4                USB_CoreInit
 .text.USB_EnableGlobalInt
                0x0000000008001b64        0xc ./Drivers/STM32F4xx_HAL_Driver/stm32f4xx_ll_usb.o
                0x0000000008001b64                USB_EnableGlobalInt
 .text.USB_DisableGlobalInt
                0x0000000008001b70        0xc ./Drivers/STM32F4xx_HAL_Driver/stm32f4xx_ll_usb.o
                0x0000000008001b70                USB_DisableGlobalInt
 .text.USB_SetCurrentMode
                0x0000000008001b7c       0x60 ./Drivers/STM32F4xx_HAL_Driver/stm32f4xx_ll_usb.o
                0x0000000008001b7c                USB_SetCurrentMode
 .text.USB_FlushTxFifo
                0x0000000008001bdc       0x4c ./Drivers/STM32F4xx_HAL_Driver/stm32f4xx_ll_usb.o
                0x0000000008001bdc                USB_FlushTxFifo
 .text.USB_FlushRxFifo
                0x0000000008001c28       0x48 ./Drivers/STM32F4xx_HAL_Driver/stm32f4xx_ll_usb.o
                0x0000000008001c28                USB_FlushRxFifo
 .text.USB_WritePacket
                0x0000000008001c70       0x26 ./Drivers/STM32F4xx_HAL_Driver/stm32f4xx_ll_usb.o
                0x0000000008001c70                USB_WritePacket
 .text.USB_ReadPacket
                0x0000000008001c96       0x40 ./Drivers/STM32F4xx_HAL_Driver/stm32f4xx_ll_usb.o
                0x0000000008001c96                USB_ReadPacket
 .text.USB_ReadInterrupts
                0x0000000008001cd6        0x8 ./Drivers/STM32F4xx_HAL_Driver/stm32f4xx_ll_usb.o
                0x0000000008001cd6                USB_ReadInterrupts
 .text.USB_GetMode
                0x0000000008001cde        0x8 ./Drivers/STM32F4xx_HAL_Driver/stm32f4xx_ll_usb.o
                0x0000000008001cde                USB_GetMode
 *fill*         0x0000000008001ce6        0x2 
 .text.USB_HostInit
                0x0000000008001ce8       0xd8 ./Drivers/STM32F4xx_HAL_Driver/stm32f4xx_ll_usb.o
                0x0000000008001ce8                USB_HostInit
 .text.USB_InitFSLSPClkSel
                0x0000000008001dc0       0x38 ./Drivers/STM32F4xx_HAL_Driver/stm32f4xx_ll_usb.o
                0x0000000008001dc0                USB_InitFSLSPClkSel
 .text.USB_ResetPort
                0x0000000008001df8       0x3c ./Drivers/STM32F4xx_HAL_Driver/stm32f4xx_ll_usb.o
                0x0000000008001df8                USB_ResetPort
 .text.USB_DriveVbus
                0x0000000008001e34       0x40 ./Drivers/STM32F4xx_HAL_Driver/stm32f4xx_ll_usb.o
                0x0000000008001e34                USB_DriveVbus
 .text.USB_GetHostSpeed
                0x0000000008001e74       0x16 ./Drivers/STM32F4xx_HAL_Driver/stm32f4xx_ll_usb.o
                0x0000000008001e74                USB_GetHostSpeed
 .text.USB_GetCurrentFrame
                0x0000000008001e8a        0xa ./Drivers/STM32F4xx_HAL_Driver/stm32f4xx_ll_usb.o
                0x0000000008001e8a                USB_GetCurrentFrame
 .text.USB_HC_Init
                0x0000000008001e94      0x114 ./Drivers/STM32F4xx_HAL_Driver/stm32f4xx_ll_usb.o
                0x0000000008001e94                USB_HC_Init
 .text.USB_HC_ReadInterrupt
                0x0000000008001fa8        0xa ./Drivers/STM32F4xx_HAL_Driver/stm32f4xx_ll_usb.o
                0x0000000008001fa8                USB_HC_ReadInterrupt
 .text.USB_HC_Halt
                0x0000000008001fb2       0xb8 ./Drivers/STM32F4xx_HAL_Driver/stm32f4xx_ll_usb.o
                0x0000000008001fb2                USB_HC_Halt
 *fill*         0x000000000800206a        0x2 
 .text.USB_DoPing
                0x000000000800206c       0x24 ./Drivers/STM32F4xx_HAL_Driver/stm32f4xx_ll_usb.o
                0x000000000800206c                USB_DoPing
 .text.USB_HC_StartXfer
                0x0000000008002090      0x14e ./Drivers/STM32F4xx_HAL_Driver/stm32f4xx_ll_usb.o
                0x0000000008002090                USB_HC_StartXfer
 .text.USB_StopHost
                0x00000000080021de       0x80 ./Drivers/STM32F4xx_HAL_Driver/stm32f4xx_ll_usb.o
                0x00000000080021de                USB_StopHost
 *fill*         0x000000000800225e        0x2 
 .text.disk_status
                0x0000000008002260       0x14 ./Middlewares/FatFs/Core/diskio.o
                0x0000000008002260                disk_status
 .text.disk_initialize
                0x0000000008002274       0x20 ./Middlewares/FatFs/Core/diskio.o
                0x0000000008002274                disk_initialize
 .text.disk_read
                0x0000000008002294       0x1c ./Middlewares/FatFs/Core/diskio.o
                0x0000000008002294                disk_read
 .text.disk_write
                0x00000000080022b0       0x1c ./Middlewares/FatFs/Core/diskio.o
                0x00000000080022b0                disk_write
 .text.disk_ioctl
                0x00000000080022cc       0x1c ./Middlewares/FatFs/Core/diskio.o
                0x00000000080022cc                disk_ioctl
 .text.get_fattime
                0x00000000080022e8        0x4 ./Middlewares/FatFs/Core/diskio.o
                0x00000000080022e8                get_fattime
 .text.ld_dword
                0x00000000080022ec        0x4 ./Middlewares/FatFs/Core/ff.o
 .text.st_dword
                0x00000000080022f0       0x10 ./Middlewares/FatFs/Core/ff.o
 .text.mem_set  0x0000000008002300        0xc ./Middlewares/FatFs/Core/ff.o
 .text.chk_lock
                0x000000000800230c       0x74 ./Middlewares/FatFs/Core/ff.o
 .text.inc_lock
                0x0000000008002380       0x84 ./Middlewares/FatFs/Core/ff.o
 .text.dec_lock
                0x0000000008002404       0x3c ./Middlewares/FatFs/Core/ff.o
 .text.clear_lock
                0x0000000008002440       0x1c ./Middlewares/FatFs/Core/ff.o
 .text.clust2sect
                0x000000000800245c       0x16 ./Middlewares/FatFs/Core/ff.o
 .text.clmt_clust
                0x0000000008002472       0x22 ./Middlewares/FatFs/Core/ff.o
 .text.st_clust
                0x0000000008002494       0x18 ./Middlewares/FatFs/Core/ff.o
 .text.get_ldnumber
                0x00000000080024ac       0x3a ./Middlewares/FatFs/Core/ff.o
 .text.validate
                0x00000000080024e6       0x34 ./Middlewares/FatFs/Core/ff.o
 .text.mem_cpy.part.0
                0x000000000800251a       0x12 ./Middlewares/FatFs/Core/ff.o
 .text.sync_window.part.0
                0x000000000800252c       0x4c ./Middlewares/FatFs/Core/ff.o
 .text.sync_window
                0x0000000008002578        0xc ./Middlewares/FatFs/Core/ff.o
 .text.move_window
                0x0000000008002584       0x32 ./Middlewares/FatFs/Core/ff.o
 *fill*         0x00000000080025b6        0x2 
 .text.check_fs
                0x00000000080025b8       0x74 ./Middlewares/FatFs/Core/ff.o
 .text.find_volume
                0x000000000800262c      0x254 ./Middlewares/FatFs/Core/ff.o
 .text.put_fat  0x0000000008002880       0xfa ./Middlewares/FatFs/Core/ff.o
 .text.sync_fs  0x000000000800297a       0x96 ./Middlewares/FatFs/Core/ff.o
 .text.ld_clust.isra.0
                0x0000000008002a10       0x10 ./Middlewares/FatFs/Core/ff.o
 .text.get_fat.isra.0
                0x0000000008002a20       0xac ./Middlewares/FatFs/Core/ff.o
 .text.dir_sdi.constprop.0
                0x0000000008002acc       0x64 ./Middlewares/FatFs/Core/ff.o
 .text.remove_chain
                0x0000000008002b30       0x70 ./Middlewares/FatFs/Core/ff.o
 .text.create_chain
                0x0000000008002ba0       0xb0 ./Middlewares/FatFs/Core/ff.o
 .text.dir_next
                0x0000000008002c50       0xea ./Middlewares/FatFs/Core/ff.o
 *fill*         0x0000000008002d3a        0x2 
 .text.follow_path
                0x0000000008002d3c      0x17c ./Middlewares/FatFs/Core/ff.o
 .text.dir_register
                0x0000000008002eb8       0x62 ./Middlewares/FatFs/Core/ff.o
 *fill*         0x0000000008002f1a        0x2 
 .text.f_mount  0x0000000008002f1c       0x58 ./Middlewares/FatFs/Core/ff.o
                0x0000000008002f1c                f_mount
 .text.f_open   0x0000000008002f74      0x200 ./Middlewares/FatFs/Core/ff.o
                0x0000000008002f74                f_open
 .text.f_read   0x0000000008003174      0x166 ./Middlewares/FatFs/Core/ff.o
                0x0000000008003174                f_read
 .text.f_write  0x00000000080032da      0x18e ./Middlewares/FatFs/Core/ff.o
                0x00000000080032da                f_write
 .text.f_sync   0x0000000008003468       0x92 ./Middlewares/FatFs/Core/ff.o
                0x0000000008003468                f_sync
 .text.f_close  0x00000000080034fa       0x22 ./Middlewares/FatFs/Core/ff.o
                0x00000000080034fa                f_close
 .text.FATFS_LinkDriverEx
                0x000000000800351c       0x44 ./Middlewares/FatFs/Core/ff_gen_drv.o
                0x000000000800351c                FATFS_LinkDriverEx
 .text.FATFS_LinkDriver
                0x0000000008003560        0x6 ./Middlewares/FatFs/Core/ff_gen_drv.o
                0x0000000008003560                FATFS_LinkDriver
 *fill*         0x0000000008003566        0x2 
 .text.FATFS_UnLinkDriverEx
                0x0000000008003568       0x30 ./Middlewares/FatFs/Core/ff_gen_drv.o
                0x0000000008003568                FATFS_UnLinkDriverEx
 .text.FATFS_UnLinkDriver
                0x0000000008003598        0x6 ./Middlewares/FatFs/Core/ff_gen_drv.o
                0x0000000008003598                FATFS_UnLinkDriver
 .text.USBH_initialize
                0x000000000800359e        0x4 ./Middlewares/FatFs/Drivers/usbh_diskio_dma.o
                0x000000000800359e                USBH_initialize
 *fill*         0x00000000080035a2        0x2 
 .text.USBH_status
                0x00000000080035a4       0x18 ./Middlewares/FatFs/Drivers/usbh_diskio_dma.o
                0x00000000080035a4                USBH_status
 .text.USBH_read
                0x00000000080035bc       0x98 ./Middlewares/FatFs/Drivers/usbh_diskio_dma.o
                0x00000000080035bc                USBH_read
 .text.USBH_ioctl
                0x0000000008003654       0x60 ./Middlewares/FatFs/Drivers/usbh_diskio_dma.o
                0x0000000008003654                USBH_ioctl
 .text.USBH_write
                0x00000000080036b4       0xa0 ./Middlewares/FatFs/Drivers/usbh_diskio_dma.o
                0x00000000080036b4                USBH_write
 .text.USBH_MSC_SOFProcess
                0x0000000008003754        0x4 ./Middlewares/STM32_USBH_Library/Class/MSC/usbh_msc.o
 .text.USBH_MSC_Process
                0x0000000008003758      0x1b8 ./Middlewares/STM32_USBH_Library/Class/MSC/usbh_msc.o
 .text.USBH_MSC_ClassRequest
                0x0000000008003910       0x68 ./Middlewares/STM32_USBH_Library/Class/MSC/usbh_msc.o
 .text.USBH_MSC_InterfaceDeInit
                0x0000000008003978       0x4c ./Middlewares/STM32_USBH_Library/Class/MSC/usbh_msc.o
 .text.USBH_MSC_InterfaceInit
                0x00000000080039c4      0x10a ./Middlewares/STM32_USBH_Library/Class/MSC/usbh_msc.o
 .text.USBH_MSC_RdWrProcess
                0x0000000008003ace       0x74 ./Middlewares/STM32_USBH_Library/Class/MSC/usbh_msc.o
 .text.USBH_MSC_UnitIsReady
                0x0000000008003b42       0x22 ./Middlewares/STM32_USBH_Library/Class/MSC/usbh_msc.o
                0x0000000008003b42                USBH_MSC_UnitIsReady
 .text.USBH_MSC_GetLUNInfo
                0x0000000008003b64       0x2e ./Middlewares/STM32_USBH_Library/Class/MSC/usbh_msc.o
                0x0000000008003b64                USBH_MSC_GetLUNInfo
 .text.USBH_MSC_Read
                0x0000000008003b92       0x82 ./Middlewares/STM32_USBH_Library/Class/MSC/usbh_msc.o
                0x0000000008003b92                USBH_MSC_Read
 .text.USBH_MSC_Write
                0x0000000008003c14       0x82 ./Middlewares/STM32_USBH_Library/Class/MSC/usbh_msc.o
                0x0000000008003c14                USBH_MSC_Write
 .text.USBH_MSC_BOT_REQ_Reset
                0x0000000008003c96       0x10 ./Middlewares/STM32_USBH_Library/Class/MSC/usbh_msc_bot.o
                0x0000000008003c96                USBH_MSC_BOT_REQ_Reset
 .text.USBH_MSC_BOT_REQ_GetMaxLUN
                0x0000000008003ca6       0x12 ./Middlewares/STM32_USBH_Library/Class/MSC/usbh_msc_bot.o
                0x0000000008003ca6                USBH_MSC_BOT_REQ_GetMaxLUN
 .text.USBH_MSC_BOT_Init
                0x0000000008003cb8       0x24 ./Middlewares/STM32_USBH_Library/Class/MSC/usbh_msc_bot.o
                0x0000000008003cb8                USBH_MSC_BOT_Init
 .text.USBH_MSC_BOT_Process
                0x0000000008003cdc      0x1cc ./Middlewares/STM32_USBH_Library/Class/MSC/usbh_msc_bot.o
                0x0000000008003cdc                USBH_MSC_BOT_Process
 .text.USBH_MSC_SCSI_TestUnitReady
                0x0000000008003ea8       0x46 ./Middlewares/STM32_USBH_Library/Class/MSC/usbh_msc_scsi.o
                0x0000000008003ea8                USBH_MSC_SCSI_TestUnitReady
 .text.USBH_MSC_SCSI_ReadCapacity
                0x0000000008003eee       0x6a ./Middlewares/STM32_USBH_Library/Class/MSC/usbh_msc_scsi.o
                0x0000000008003eee                USBH_MSC_SCSI_ReadCapacity
 .text.USBH_MSC_SCSI_Inquiry
                0x0000000008003f58       0xc0 ./Middlewares/STM32_USBH_Library/Class/MSC/usbh_msc_scsi.o
                0x0000000008003f58                USBH_MSC_SCSI_Inquiry
 .text.USBH_MSC_SCSI_RequestSense
                0x0000000008004018       0x7a ./Middlewares/STM32_USBH_Library/Class/MSC/usbh_msc_scsi.o
                0x0000000008004018                USBH_MSC_SCSI_RequestSense
 .text.USBH_MSC_SCSI_Write
                0x0000000008004092       0x7e ./Middlewares/STM32_USBH_Library/Class/MSC/usbh_msc_scsi.o
                0x0000000008004092                USBH_MSC_SCSI_Write
 .text.USBH_MSC_SCSI_Read
                0x0000000008004110       0x80 ./Middlewares/STM32_USBH_Library/Class/MSC/usbh_msc_scsi.o
                0x0000000008004110                USBH_MSC_SCSI_Read
 .text.DeInitStateMachine.isra.0
                0x0000000008004190       0x3c ./Middlewares/STM32_USBH_Library/Core/usbh_core.o
 .text.USBH_Init
                0x00000000080041cc       0x3e ./Middlewares/STM32_USBH_Library/Core/usbh_core.o
                0x00000000080041cc                USBH_Init
 .text.USBH_RegisterClass
                0x000000000800420a       0x1a ./Middlewares/STM32_USBH_Library/Core/usbh_core.o
                0x000000000800420a                USBH_RegisterClass
 .text.USBH_SelectInterface
                0x0000000008004224       0x12 ./Middlewares/STM32_USBH_Library/Core/usbh_core.o
                0x0000000008004224                USBH_SelectInterface
 .text.USBH_FindInterface
                0x0000000008004236       0x38 ./Middlewares/STM32_USBH_Library/Core/usbh_core.o
                0x0000000008004236                USBH_FindInterface
 .text.USBH_Start
                0x000000000800426e       0x14 ./Middlewares/STM32_USBH_Library/Core/usbh_core.o
                0x000000000800426e                USBH_Start
 .text.USBH_Process
                0x0000000008004282      0x3e0 ./Middlewares/STM32_USBH_Library/Core/usbh_core.o
                0x0000000008004282                USBH_Process
 .text.USBH_LL_SetTimer
                0x0000000008004662        0x6 ./Middlewares/STM32_USBH_Library/Core/usbh_core.o
                0x0000000008004662                USBH_LL_SetTimer
 .text.USBH_LL_IncTimer
                0x0000000008004668       0x1c ./Middlewares/STM32_USBH_Library/Core/usbh_core.o
                0x0000000008004668                USBH_LL_IncTimer
 .text.USBH_LL_PortEnabled
                0x0000000008004684        0x8 ./Middlewares/STM32_USBH_Library/Core/usbh_core.o
                0x0000000008004684                USBH_LL_PortEnabled
 .text.USBH_LL_PortDisabled
                0x000000000800468c        0x8 ./Middlewares/STM32_USBH_Library/Core/usbh_core.o
                0x000000000800468c                USBH_LL_PortDisabled
 .text.USBH_LL_Connect
                0x0000000008004694       0x14 ./Middlewares/STM32_USBH_Library/Core/usbh_core.o
                0x0000000008004694                USBH_LL_Connect
 .text.USBH_LL_Disconnect
                0x00000000080046a8       0x2c ./Middlewares/STM32_USBH_Library/Core/usbh_core.o
                0x00000000080046a8                USBH_LL_Disconnect
 .text.USBH_CtlReq
                0x00000000080046d4      0x176 ./Middlewares/STM32_USBH_Library/Core/usbh_ctlreq.o
                0x00000000080046d4                USBH_CtlReq
 .text.USBH_GetDescriptor
                0x000000000800484a       0x38 ./Middlewares/STM32_USBH_Library/Core/usbh_ctlreq.o
                0x000000000800484a                USBH_GetDescriptor
 .text.USBH_Get_DevDesc
                0x0000000008004882       0xba ./Middlewares/STM32_USBH_Library/Core/usbh_ctlreq.o
                0x0000000008004882                USBH_Get_DevDesc
 .text.USBH_Get_CfgDesc
                0x000000000800493c      0x1e4 ./Middlewares/STM32_USBH_Library/Core/usbh_ctlreq.o
                0x000000000800493c                USBH_Get_CfgDesc
 .text.USBH_Get_StringDesc
                0x0000000008004b20       0x4e ./Middlewares/STM32_USBH_Library/Core/usbh_ctlreq.o
                0x0000000008004b20                USBH_Get_StringDesc
 .text.USBH_SetAddress
                0x0000000008004b6e       0x1a ./Middlewares/STM32_USBH_Library/Core/usbh_ctlreq.o
                0x0000000008004b6e                USBH_SetAddress
 .text.USBH_SetCfg
                0x0000000008004b88       0x1a ./Middlewares/STM32_USBH_Library/Core/usbh_ctlreq.o
                0x0000000008004b88                USBH_SetCfg
 .text.USBH_SetFeature
                0x0000000008004ba2       0x1a ./Middlewares/STM32_USBH_Library/Core/usbh_ctlreq.o
                0x0000000008004ba2                USBH_SetFeature
 .text.USBH_ClrFeature
                0x0000000008004bbc       0x1a ./Middlewares/STM32_USBH_Library/Core/usbh_ctlreq.o
                0x0000000008004bbc                USBH_ClrFeature
 .text.USBH_CtlSendSetup
                0x0000000008004bd6       0x20 ./Middlewares/STM32_USBH_Library/Core/usbh_ioreq.o
                0x0000000008004bd6                USBH_CtlSendSetup
 .text.USBH_CtlSendData
                0x0000000008004bf6       0x2e ./Middlewares/STM32_USBH_Library/Core/usbh_ioreq.o
                0x0000000008004bf6                USBH_CtlSendData
 .text.USBH_CtlReceiveData
                0x0000000008004c24       0x20 ./Middlewares/STM32_USBH_Library/Core/usbh_ioreq.o
                0x0000000008004c24                USBH_CtlReceiveData
 .text.USBH_BulkSendData
                0x0000000008004c44       0x2e ./Middlewares/STM32_USBH_Library/Core/usbh_ioreq.o
                0x0000000008004c44                USBH_BulkSendData
 .text.USBH_BulkReceiveData
                0x0000000008004c72       0x20 ./Middlewares/STM32_USBH_Library/Core/usbh_ioreq.o
                0x0000000008004c72                USBH_BulkReceiveData
 .text.USBH_OpenPipe
                0x0000000008004c92       0x1e ./Middlewares/STM32_USBH_Library/Core/usbh_pipes.o
                0x0000000008004c92                USBH_OpenPipe
 .text.USBH_ClosePipe
                0x0000000008004cb0        0xa ./Middlewares/STM32_USBH_Library/Core/usbh_pipes.o
                0x0000000008004cb0                USBH_ClosePipe
 .text.USBH_AllocPipe
                0x0000000008004cba       0x30 ./Middlewares/STM32_USBH_Library/Core/usbh_pipes.o
                0x0000000008004cba                USBH_AllocPipe
 .text.USBH_FreePipe
                0x0000000008004cea       0x1c ./Middlewares/STM32_USBH_Library/Core/usbh_pipes.o
                0x0000000008004cea                USBH_FreePipe
 *fill*         0x0000000008004d06        0x2 
 .text.__libc_init_array
                0x0000000008004d08       0x48 c:/st/stm32cubeide_1.9.0/stm32cubeide/plugins/com.st.stm32cube.ide.mcu.externaltools.gnu-tools-for-stm32.10.3-2021.10.win32_1.0.0.202111181127/tools/bin/../lib/gcc/arm-none-eabi/10.3.1/../../../../arm-none-eabi/lib/thumb/v7e-m+fp/hard\libc_nano.a(lib_a-init.o)
                0x0000000008004d08                __libc_init_array
 .text.malloc   0x0000000008004d50       0x10 c:/st/stm32cubeide_1.9.0/stm32cubeide/plugins/com.st.stm32cube.ide.mcu.externaltools.gnu-tools-for-stm32.10.3-2021.10.win32_1.0.0.202111181127/tools/bin/../lib/gcc/arm-none-eabi/10.3.1/../../../../arm-none-eabi/lib/thumb/v7e-m+fp/hard\libc_nano.a(lib_a-malloc.o)
                0x0000000008004d50                malloc
 .text.free     0x0000000008004d60       0x10 c:/st/stm32cubeide_1.9.0/stm32cubeide/plugins/com.st.stm32cube.ide.mcu.externaltools.gnu-tools-for-stm32.10.3-2021.10.win32_1.0.0.202111181127/tools/bin/../lib/gcc/arm-none-eabi/10.3.1/../../../../arm-none-eabi/lib/thumb/v7e-m+fp/hard\libc_nano.a(lib_a-malloc.o)
                0x0000000008004d60                free
 .text.memcpy   0x0000000008004d70       0x1c c:/st/stm32cubeide_1.9.0/stm32cubeide/plugins/com.st.stm32cube.ide.mcu.externaltools.gnu-tools-for-stm32.10.3-2021.10.win32_1.0.0.202111181127/tools/bin/../lib/gcc/arm-none-eabi/10.3.1/../../../../arm-none-eabi/lib/thumb/v7e-m+fp/hard\libc_nano.a(lib_a-memcpy-stub.o)
                0x0000000008004d70                memcpy
 .text.memset   0x0000000008004d8c       0x10 c:/st/stm32cubeide_1.9.0/stm32cubeide/plugins/com.st.stm32cube.ide.mcu.externaltools.gnu-tools-for-stm32.10.3-2021.10.win32_1.0.0.202111181127/tools/bin/../lib/gcc/arm-none-eabi/10.3.1/../../../../arm-none-eabi/lib/thumb/v7e-m+fp/hard\libc_nano.a(lib_a-memset.o)
                0x0000000008004d8c                memset
 .text._free_r  0x0000000008004d9c       0x98 c:/st/stm32cubeide_1.9.0/stm32cubeide/plugins/com.st.stm32cube.ide.mcu.externaltools.gnu-tools-for-stm32.10.3-2021.10.win32_1.0.0.202111181127/tools/bin/../lib/gcc/arm-none-eabi/10.3.1/../../../../arm-none-eabi/lib/thumb/v7e-m+fp/hard\libc_nano.a(lib_a-nano-freer.o)
                0x0000000008004d9c                _free_r
 .text.sbrk_aligned
                0x0000000008004e34       0x40 c:/st/stm32cubeide_1.9.0/stm32cubeide/plugins/com.st.stm32cube.ide.mcu.externaltools.gnu-tools-for-stm32.10.3-2021.10.win32_1.0.0.202111181127/tools/bin/../lib/gcc/arm-none-eabi/10.3.1/../../../../arm-none-eabi/lib/thumb/v7e-m+fp/hard\libc_nano.a(lib_a-nano-mallocr.o)
 .text._malloc_r
                0x0000000008004e74       0xe8 c:/st/stm32cubeide_1.9.0/stm32cubeide/plugins/com.st.stm32cube.ide.mcu.externaltools.gnu-tools-for-stm32.10.3-2021.10.win32_1.0.0.202111181127/tools/bin/../lib/gcc/arm-none-eabi/10.3.1/../../../../arm-none-eabi/lib/thumb/v7e-m+fp/hard\libc_nano.a(lib_a-nano-mallocr.o)
                0x0000000008004e74                _malloc_r
 .text._sbrk_r  0x0000000008004f5c       0x20 c:/st/stm32cubeide_1.9.0/stm32cubeide/plugins/com.st.stm32cube.ide.mcu.externaltools.gnu-tools-for-stm32.10.3-2021.10.win32_1.0.0.202111181127/tools/bin/../lib/gcc/arm-none-eabi/10.3.1/../../../../arm-none-eabi/lib/thumb/v7e-m+fp/hard\libc_nano.a(lib_a-sbrkr.o)
                0x0000000008004f5c                _sbrk_r
 .text.__malloc_lock
                0x0000000008004f7c        0xc c:/st/stm32cubeide_1.9.0/stm32cubeide/plugins/com.st.stm32cube.ide.mcu.externaltools.gnu-tools-for-stm32.10.3-2021.10.win32_1.0.0.202111181127/tools/bin/../lib/gcc/arm-none-eabi/10.3.1/../../../../arm-none-eabi/lib/thumb/v7e-m+fp/hard\libc_nano.a(lib_a-mlock.o)
                0x0000000008004f7c                __malloc_lock
 .text.__malloc_unlock
                0x0000000008004f88        0xc c:/st/stm32cubeide_1.9.0/stm32cubeide/plugins/com.st.stm32cube.ide.mcu.externaltools.gnu-tools-for-stm32.10.3-2021.10.win32_1.0.0.202111181127/tools/bin/../lib/gcc/arm-none-eabi/10.3.1/../../../../arm-none-eabi/lib/thumb/v7e-m+fp/hard\libc_nano.a(lib_a-mlock.o)
                0x0000000008004f88                __malloc_unlock
 .text.__retarget_lock_acquire_recursive
                0x0000000008004f94        0x2 c:/st/stm32cubeide_1.9.0/stm32cubeide/plugins/com.st.stm32cube.ide.mcu.externaltools.gnu-tools-for-stm32.10.3-2021.10.win32_1.0.0.202111181127/tools/bin/../lib/gcc/arm-none-eabi/10.3.1/../../../../arm-none-eabi/lib/thumb/v7e-m+fp/hard\libc_nano.a(lib_a-lock.o)
                0x0000000008004f94                __retarget_lock_acquire_recursive
 .text.__retarget_lock_release_recursive
                0x0000000008004f96        0x2 c:/st/stm32cubeide_1.9.0/stm32cubeide/plugins/com.st.stm32cube.ide.mcu.externaltools.gnu-tools-for-stm32.10.3-2021.10.win32_1.0.0.202111181127/tools/bin/../lib/gcc/arm-none-eabi/10.3.1/../../../../arm-none-eabi/lib/thumb/v7e-m+fp/hard\libc_nano.a(lib_a-lock.o)
                0x0000000008004f96                __retarget_lock_release_recursive
 .text._sbrk    0x0000000008004f98       0x1c c:/st/stm32cubeide_1.9.0/stm32cubeide/plugins/com.st.stm32cube.ide.mcu.externaltools.gnu-tools-for-stm32.10.3-2021.10.win32_1.0.0.202111181127/tools/bin/../lib/gcc/arm-none-eabi/10.3.1/../../../../arm-none-eabi/lib/thumb/v7e-m+fp/hard\libnosys.a(sbrk.o)
                0x0000000008004f98                _sbrk
 *(.glue_7)
 .glue_7        0x0000000008004fb4        0x0 linker stubs
 *(.glue_7t)
 .glue_7t       0x0000000008004fb4        0x0 linker stubs
 *(.eh_frame)
 .eh_frame      0x0000000008004fb4        0x0 c:/st/stm32cubeide_1.9.0/stm32cubeide/plugins/com.st.stm32cube.ide.mcu.externaltools.gnu-tools-for-stm32.10.3-2021.10.win32_1.0.0.202111181127/tools/bin/../lib/gcc/arm-none-eabi/10.3.1/thumb/v7e-m+fp/hard/crtbegin.o
 *(.init)
 .init          0x0000000008004fb4        0x4 c:/st/stm32cubeide_1.9.0/stm32cubeide/plugins/com.st.stm32cube.ide.mcu.externaltools.gnu-tools-for-stm32.10.3-2021.10.win32_1.0.0.202111181127/tools/bin/../lib/gcc/arm-none-eabi/10.3.1/thumb/v7e-m+fp/hard/crti.o
                0x0000000008004fb4                _init
 .init          0x0000000008004fb8        0x8 c:/st/stm32cubeide_1.9.0/stm32cubeide/plugins/com.st.stm32cube.ide.mcu.externaltools.gnu-tools-for-stm32.10.3-2021.10.win32_1.0.0.202111181127/tools/bin/../lib/gcc/arm-none-eabi/10.3.1/thumb/v7e-m+fp/hard/crtn.o
 *(.fini)
 .fini          0x0000000008004fc0        0x4 c:/st/stm32cubeide_1.9.0/stm32cubeide/plugins/com.st.stm32cube.ide.mcu.externaltools.gnu-tools-for-stm32.10.3-2021.10.win32_1.0.0.202111181127/tools/bin/../lib/gcc/arm-none-eabi/10.3.1/thumb/v7e-m+fp/hard/crti.o
                0x0000000008004fc0                _fini
 .fini          0x0000000008004fc4        0x8 c:/st/stm32cubeide_1.9.0/stm32cubeide/plugins/com.st.stm32cube.ide.mcu.externaltools.gnu-tools-for-stm32.10.3-2021.10.win32_1.0.0.202111181127/tools/bin/../lib/gcc/arm-none-eabi/10.3.1/thumb/v7e-m+fp/hard/crtn.o
                0x0000000008004fcc                . = ALIGN (0x4)
                0x0000000008004fcc                _etext = .

.vfp11_veneer   0x0000000008004fcc        0x0
 .vfp11_veneer  0x0000000008004fcc        0x0 linker stubs

.v4_bx          0x0000000008004fcc        0x0
 .v4_bx         0x0000000008004fcc        0x0 linker stubs

.iplt           0x0000000008004fcc        0x0
 .iplt          0x0000000008004fcc        0x0 c:/st/stm32cubeide_1.9.0/stm32cubeide/plugins/com.st.stm32cube.ide.mcu.externaltools.gnu-tools-for-stm32.10.3-2021.10.win32_1.0.0.202111181127/tools/bin/../lib/gcc/arm-none-eabi/10.3.1/thumb/v7e-m+fp/hard/crtbegin.o

.rodata         0x0000000008004fcc      0x140
                0x0000000008004fcc                . = ALIGN (0x4)
 *(.rodata)
 .rodata        0x0000000008004fcc       0x18 ./Drivers/CMSIS/system_stm32f4xx.o
                0x0000000008004fcc                AHBPrescTable
                0x0000000008004fdc                APBPrescTable
 .rodata        0x0000000008004fe4       0x9c ./Middlewares/FatFs/Core/ff.o
 .rodata        0x0000000008005080       0x14 ./Middlewares/FatFs/Drivers/usbh_diskio_dma.o
                0x0000000008005080                USBH_Driver
 *(.rodata*)
 .rodata.str1.1
                0x0000000008005094       0x2f ./Application/User/main.o
                                         0x30 (size before relaxing)
 .rodata.str1.1
                0x00000000080050c3       0x43 ./Middlewares/FatFs/Core/ff.o
 .rodata.str1.1
                0x0000000008005106        0x4 ./Middlewares/STM32_USBH_Library/Class/MSC/usbh_msc.o
                0x000000000800510c                . = ALIGN (0x4)
 *fill*         0x000000000800510a        0x2 

.ARM.extab
 *(.ARM.extab* .gnu.linkonce.armextab.*)

.ARM            0x000000000800510c        0x8
                0x000000000800510c                __exidx_start = .
 *(.ARM.exidx*)
 .ARM.exidx     0x000000000800510c        0x8 c:/st/stm32cubeide_1.9.0/stm32cubeide/plugins/com.st.stm32cube.ide.mcu.externaltools.gnu-tools-for-stm32.10.3-2021.10.win32_1.0.0.202111181127/tools/bin/../lib/gcc/arm-none-eabi/10.3.1/thumb/v7e-m+fp/hard\libgcc.a(_udivmoddi4.o)
                0x0000000008005114                __exidx_end = .

.rel.dyn        0x0000000008005114        0x0
 .rel.iplt      0x0000000008005114        0x0 c:/st/stm32cubeide_1.9.0/stm32cubeide/plugins/com.st.stm32cube.ide.mcu.externaltools.gnu-tools-for-stm32.10.3-2021.10.win32_1.0.0.202111181127/tools/bin/../lib/gcc/arm-none-eabi/10.3.1/thumb/v7e-m+fp/hard/crtbegin.o

.preinit_array  0x0000000008005114        0x0
                0x0000000008005114                PROVIDE (__preinit_array_start = .)
 *(.preinit_array*)
                0x0000000008005114                PROVIDE (__preinit_array_end = .)

.init_array     0x0000000008005114        0x4
                0x0000000008005114                PROVIDE (__init_array_start = .)
 *(SORT_BY_NAME(.init_array.*))
 *(.init_array*)
 .init_array    0x0000000008005114        0x4 c:/st/stm32cubeide_1.9.0/stm32cubeide/plugins/com.st.stm32cube.ide.mcu.externaltools.gnu-tools-for-stm32.10.3-2021.10.win32_1.0.0.202111181127/tools/bin/../lib/gcc/arm-none-eabi/10.3.1/thumb/v7e-m+fp/hard/crtbegin.o
                0x0000000008005118                PROVIDE (__init_array_end = .)

.fini_array     0x0000000008005118        0x4
                [!provide]                        PROVIDE (__fini_array_start = .)
 *(SORT_BY_NAME(.fini_array.*))
 *(.fini_array*)
 .fini_array    0x0000000008005118        0x4 c:/st/stm32cubeide_1.9.0/stm32cubeide/plugins/com.st.stm32cube.ide.mcu.externaltools.gnu-tools-for-stm32.10.3-2021.10.win32_1.0.0.202111181127/tools/bin/../lib/gcc/arm-none-eabi/10.3.1/thumb/v7e-m+fp/hard/crtbegin.o
                [!provide]                        PROVIDE (__fini_array_end = .)
                0x000000000800511c                _sidata = LOADADDR (.data)

.data           0x0000000020000000       0x90 load address 0x000000000800511c
                0x0000000020000000                . = ALIGN (0x4)
                0x0000000020000000                _sdata = .
 *(.data)
 .data          0x0000000020000000        0x4 ./Drivers/CMSIS/system_stm32f4xx.o
                0x0000000020000000                SystemCoreClock
 .data          0x0000000020000004        0x8 ./Drivers/STM32F4xx_HAL_Driver/stm32f4xx_hal.o
                0x0000000020000004                uwTickFreq
                0x0000000020000008                uwTickPrio
 .data          0x000000002000000c       0x20 ./Middlewares/STM32_USBH_Library/Class/MSC/usbh_msc.o
                0x000000002000000c                USBH_msc
 *(.data*)
 .data._impure_ptr
                0x000000002000002c        0x4 c:/st/stm32cubeide_1.9.0/stm32cubeide/plugins/com.st.stm32cube.ide.mcu.externaltools.gnu-tools-for-stm32.10.3-2021.10.win32_1.0.0.202111181127/tools/bin/../lib/gcc/arm-none-eabi/10.3.1/../../../../arm-none-eabi/lib/thumb/v7e-m+fp/hard\libc_nano.a(lib_a-impure.o)
                0x000000002000002c                _impure_ptr
 .data.impure_data
                0x0000000020000030       0x60 c:/st/stm32cubeide_1.9.0/stm32cubeide/plugins/com.st.stm32cube.ide.mcu.externaltools.gnu-tools-for-stm32.10.3-2021.10.win32_1.0.0.202111181127/tools/bin/../lib/gcc/arm-none-eabi/10.3.1/../../../../arm-none-eabi/lib/thumb/v7e-m+fp/hard\libc_nano.a(lib_a-impure.o)
                0x0000000020000090                . = ALIGN (0x4)
                0x0000000020000090                _edata = .
                0x00000000080051ac                _siccmram = LOADADDR (.ccmram)

.igot.plt       0x0000000020000090        0x0 load address 0x00000000080051ac
 .igot.plt      0x0000000020000090        0x0 c:/st/stm32cubeide_1.9.0/stm32cubeide/plugins/com.st.stm32cube.ide.mcu.externaltools.gnu-tools-for-stm32.10.3-2021.10.win32_1.0.0.202111181127/tools/bin/../lib/gcc/arm-none-eabi/10.3.1/thumb/v7e-m+fp/hard/crtbegin.o

.ccmram         0x0000000010000000        0x0 load address 0x00000000080051ac
                0x0000000010000000                . = ALIGN (0x4)
                0x0000000010000000                _sccmram = .
 *(.ccmram)
 *(.ccmram*)
                0x0000000010000000                . = ALIGN (0x4)
                0x0000000010000000                _eccmram = .
                0x0000000010000000                . = ALIGN (0x4)

.bss            0x0000000020000090      0xeb4
                0x0000000020000090                _sbss = .
                0x0000000020000090                __bss_start__ = _sbss
 *(.bss)
 .bss           0x0000000020000090       0x1c c:/st/stm32cubeide_1.9.0/stm32cubeide/plugins/com.st.stm32cube.ide.mcu.externaltools.gnu-tools-for-stm32.10.3-2021.10.win32_1.0.0.202111181127/tools/bin/../lib/gcc/arm-none-eabi/10.3.1/thumb/v7e-m+fp/hard/crtbegin.o
 .bss           0x00000000200000ac      0x940 ./Application/User/main.o
                0x00000000200000ac                Appli_state
                0x00000000200000ad                USBDISKPath
                0x00000000200000b4                hUSBHost
                0x000000002000058c                USBDISKFatFs
                0x00000000200007bc                MyFile
 .bss           0x00000000200009ec      0x304 ./Application/User/usbh_conf.o
                0x00000000200009ec                hhcd
 .bss           0x0000000020000cf0        0x4 ./Drivers/STM32F4xx_HAL_Driver/stm32f4xx_hal.o
                0x0000000020000cf0                uwTick
 .bss           0x0000000020000cf4       0x2a ./Middlewares/FatFs/Core/ff.o
 *fill*         0x0000000020000d1e        0x2 
 .bss           0x0000000020000d20       0x10 ./Middlewares/FatFs/Core/ff_gen_drv.o
                0x0000000020000d20                disk
 .bss           0x0000000020000d30      0x200 ./Middlewares/FatFs/Drivers/usbh_diskio_dma.o
 *(.bss*)
 .bss.__malloc_free_list
                0x0000000020000f30        0x4 c:/st/stm32cubeide_1.9.0/stm32cubeide/plugins/com.st.stm32cube.ide.mcu.externaltools.gnu-tools-for-stm32.10.3-2021.10.win32_1.0.0.202111181127/tools/bin/../lib/gcc/arm-none-eabi/10.3.1/../../../../arm-none-eabi/lib/thumb/v7e-m+fp/hard\libc_nano.a(lib_a-nano-mallocr.o)
                0x0000000020000f30                __malloc_free_list
 .bss.__malloc_sbrk_start
                0x0000000020000f34        0x4 c:/st/stm32cubeide_1.9.0/stm32cubeide/plugins/com.st.stm32cube.ide.mcu.externaltools.gnu-tools-for-stm32.10.3-2021.10.win32_1.0.0.202111181127/tools/bin/../lib/gcc/arm-none-eabi/10.3.1/../../../../arm-none-eabi/lib/thumb/v7e-m+fp/hard\libc_nano.a(lib_a-nano-mallocr.o)
                0x0000000020000f34                __malloc_sbrk_start
 .bss.errno     0x0000000020000f38        0x4 c:/st/stm32cubeide_1.9.0/stm32cubeide/plugins/com.st.stm32cube.ide.mcu.externaltools.gnu-tools-for-stm32.10.3-2021.10.win32_1.0.0.202111181127/tools/bin/../lib/gcc/arm-none-eabi/10.3.1/../../../../arm-none-eabi/lib/thumb/v7e-m+fp/hard\libc_nano.a(lib_a-reent.o)
                0x0000000020000f38                errno
 .bss.__lock___malloc_recursive_mutex
                0x0000000020000f3c        0x1 c:/st/stm32cubeide_1.9.0/stm32cubeide/plugins/com.st.stm32cube.ide.mcu.externaltools.gnu-tools-for-stm32.10.3-2021.10.win32_1.0.0.202111181127/tools/bin/../lib/gcc/arm-none-eabi/10.3.1/../../../../arm-none-eabi/lib/thumb/v7e-m+fp/hard\libc_nano.a(lib_a-lock.o)
                0x0000000020000f3c                __lock___malloc_recursive_mutex
 *fill*         0x0000000020000f3d        0x3 
 .bss.heap_end.0
                0x0000000020000f40        0x4 c:/st/stm32cubeide_1.9.0/stm32cubeide/plugins/com.st.stm32cube.ide.mcu.externaltools.gnu-tools-for-stm32.10.3-2021.10.win32_1.0.0.202111181127/tools/bin/../lib/gcc/arm-none-eabi/10.3.1/../../../../arm-none-eabi/lib/thumb/v7e-m+fp/hard\libnosys.a(sbrk.o)
 *(COMMON)
                0x0000000020000f44                . = ALIGN (0x4)
                0x0000000020000f44                _ebss = .
                0x0000000020000f44                __bss_end__ = _ebss

._user_heap_stack
                0x0000000020000f44      0xc04
                0x0000000020000f48                . = ALIGN (0x8)
 *fill*         0x0000000020000f44        0x4 
                0x0000000020000f48                PROVIDE (end = .)
                [!provide]                        PROVIDE (_end = .)
                0x0000000020001348                . = (. + _Min_Heap_Size)
 *fill*         0x0000000020000f48      0x400 
                0x0000000020001b48                . = (. + _Min_Stack_Size)
 *fill*         0x0000000020001348      0x800 
                0x0000000020001b48                . = ALIGN (0x8)

/DISCARD/
 libc.a(*)
 libm.a(*)
 libgcc.a(*)

.ARM.attributes
                0x0000000000000000       0x30
 *(.ARM.attributes)
 .ARM.attributes
                0x0000000000000000       0x1e c:/st/stm32cubeide_1.9.0/stm32cubeide/plugins/com.st.stm32cube.ide.mcu.externaltools.gnu-tools-for-stm32.10.3-2021.10.win32_1.0.0.202111181127/tools/bin/../lib/gcc/arm-none-eabi/10.3.1/thumb/v7e-m+fp/hard/crti.o
 .ARM.attributes
                0x000000000000001e       0x34 c:/st/stm32cubeide_1.9.0/stm32cubeide/plugins/com.st.stm32cube.ide.mcu.externaltools.gnu-tools-for-stm32.10.3-2021.10.win32_1.0.0.202111181127/tools/bin/../lib/gcc/arm-none-eabi/10.3.1/thumb/v7e-m+fp/hard/crtbegin.o
 .ARM.attributes
                0x0000000000000052       0x21 ./Application/SW4STM32/startup_stm32f407xx.o
 .ARM.attributes
                0x0000000000000073       0x34 ./Application/User/main.o
 .ARM.attributes
                0x00000000000000a7       0x34 ./Application/User/stm32f4xx_it.o
 .ARM.attributes
                0x00000000000000db       0x34 ./Application/User/usbh_conf.o
 .ARM.attributes
                0x000000000000010f       0x34 ./Drivers/CMSIS/system_stm32f4xx.o
 .ARM.attributes
                0x0000000000000143       0x34 ./Drivers/STM32F4xx_HAL_Driver/stm32f4xx_hal.o
 .ARM.attributes
                0x0000000000000177       0x34 ./Drivers/STM32F4xx_HAL_Driver/stm32f4xx_hal_cortex.o
 .ARM.attributes
                0x00000000000001ab       0x34 ./Drivers/STM32F4xx_HAL_Driver/stm32f4xx_hal_gpio.o
 .ARM.attributes
                0x00000000000001df       0x34 ./Drivers/STM32F4xx_HAL_Driver/stm32f4xx_hal_hcd.o
 .ARM.attributes
                0x0000000000000213       0x34 ./Drivers/STM32F4xx_HAL_Driver/stm32f4xx_hal_rcc.o
 .ARM.attributes
                0x0000000000000247       0x34 ./Drivers/STM32F4xx_HAL_Driver/stm32f4xx_ll_usb.o
 .ARM.attributes
                0x000000000000027b       0x34 ./Middlewares/FatFs/Core/diskio.o
 .ARM.attributes
                0x00000000000002af       0x34 ./Middlewares/FatFs/Core/ff.o
 .ARM.attributes
                0x00000000000002e3       0x34 ./Middlewares/FatFs/Core/ff_gen_drv.o
 .ARM.attributes
                0x0000000000000317       0x34 ./Middlewares/FatFs/Drivers/usbh_diskio_dma.o
 .ARM.attributes
                0x000000000000034b       0x34 ./Middlewares/STM32_USBH_Library/Class/MSC/usbh_msc.o
 .ARM.attributes
                0x000000000000037f       0x34 ./Middlewares/STM32_USBH_Library/Class/MSC/usbh_msc_bot.o
 .ARM.attributes
                0x00000000000003b3       0x34 ./Middlewares/STM32_USBH_Library/Class/MSC/usbh_msc_scsi.o
 .ARM.attributes
                0x00000000000003e7       0x34 ./Middlewares/STM32_USBH_Library/Core/usbh_core.o
 .ARM.attributes
                0x000000000000041b       0x34 ./Middlewares/STM32_USBH_Library/Core/usbh_ctlreq.o
 .ARM.attributes
                0x000000000000044f       0x34 ./Middlewares/STM32_USBH_Library/Core/usbh_ioreq.o
 .ARM.attributes
                0x0000000000000483       0x34 ./Middlewares/STM32_USBH_Library/Core/usbh_pipes.o
 .ARM.attributes
                0x00000000000004b7       0x34 c:/st/stm32cubeide_1.9.0/stm32cubeide/plugins/com.st.stm32cube.ide.mcu.externaltools.gnu-tools-for-stm32.10.3-2021.10.win32_1.0.0.202111181127/tools/bin/../lib/gcc/arm-none-eabi/10.3.1/../../../../arm-none-eabi/lib/thumb/v7e-m+fp/hard\libc_nano.a(lib_a-impure.o)
 .ARM.attributes
                0x00000000000004eb       0x34 c:/st/stm32cubeide_1.9.0/stm32cubeide/plugins/com.st.stm32cube.ide.mcu.externaltools.gnu-tools-for-stm32.10.3-2021.10.win32_1.0.0.202111181127/tools/bin/../lib/gcc/arm-none-eabi/10.3.1/../../../../arm-none-eabi/lib/thumb/v7e-m+fp/hard\libc_nano.a(lib_a-init.o)
 .ARM.attributes
                0x000000000000051f       0x34 c:/st/stm32cubeide_1.9.0/stm32cubeide/plugins/com.st.stm32cube.ide.mcu.externaltools.gnu-tools-for-stm32.10.3-2021.10.win32_1.0.0.202111181127/tools/bin/../lib/gcc/arm-none-eabi/10.3.1/../../../../arm-none-eabi/lib/thumb/v7e-m+fp/hard\libc_nano.a(lib_a-malloc.o)
 .ARM.attributes
                0x0000000000000553       0x34 c:/st/stm32cubeide_1.9.0/stm32cubeide/plugins/com.st.stm32cube.ide.mcu.externaltools.gnu-tools-for-stm32.10.3-2021.10.win32_1.0.0.202111181127/tools/bin/../lib/gcc/arm-none-eabi/10.3.1/../../../../arm-none-eabi/lib/thumb/v7e-m+fp/hard\libc_nano.a(lib_a-memcpy-stub.o)
 .ARM.attributes
                0x0000000000000587       0x34 c:/st/stm32cubeide_1.9.0/stm32cubeide/plugins/com.st.stm32cube.ide.mcu.externaltools.gnu-tools-for-stm32.10.3-2021.10.win32_1.0.0.202111181127/tools/bin/../lib/gcc/arm-none-eabi/10.3.1/../../../../arm-none-eabi/lib/thumb/v7e-m+fp/hard\libc_nano.a(lib_a-memset.o)
 .ARM.attributes
                0x00000000000005bb       0x34 c:/st/stm32cubeide_1.9.0/stm32cubeide/plugins/com.st.stm32cube.ide.mcu.externaltools.gnu-tools-for-stm32.10.3-2021.10.win32_1.0.0.202111181127/tools/bin/../lib/gcc/arm-none-eabi/10.3.1/../../../../arm-none-eabi/lib/thumb/v7e-m+fp/hard\libc_nano.a(lib_a-nano-freer.o)
 .ARM.attributes
                0x00000000000005ef       0x34 c:/st/stm32cubeide_1.9.0/stm32cubeide/plugins/com.st.stm32cube.ide.mcu.externaltools.gnu-tools-for-stm32.10.3-2021.10.win32_1.0.0.202111181127/tools/bin/../lib/gcc/arm-none-eabi/10.3.1/../../../../arm-none-eabi/lib/thumb/v7e-m+fp/hard\libc_nano.a(lib_a-nano-mallocr.o)
 .ARM.attributes
                0x0000000000000623       0x34 c:/st/stm32cubeide_1.9.0/stm32cubeide/plugins/com.st.stm32cube.ide.mcu.externaltools.gnu-tools-for-stm32.10.3-2021.10.win32_1.0.0.202111181127/tools/bin/../lib/gcc/arm-none-eabi/10.3.1/../../../../arm-none-eabi/lib/thumb/v7e-m+fp/hard\libc_nano.a(lib_a-sbrkr.o)
 .ARM.attributes
                0x0000000000000657       0x34 c:/st/stm32cubeide_1.9.0/stm32cubeide/plugins/com.st.stm32cube.ide.mcu.externaltools.gnu-tools-for-stm32.10.3-2021.10.win32_1.0.0.202111181127/tools/bin/../lib/gcc/arm-none-eabi/10.3.1/../../../../arm-none-eabi/lib/thumb/v7e-m+fp/hard\libc_nano.a(lib_a-mlock.o)
 .ARM.attributes
                0x000000000000068b       0x34 c:/st/stm32cubeide_1.9.0/stm32cubeide/plugins/com.st.stm32cube.ide.mcu.externaltools.gnu-tools-for-stm32.10.3-2021.10.win32_1.0.0.202111181127/tools/bin/../lib/gcc/arm-none-eabi/10.3.1/../../../../arm-none-eabi/lib/thumb/v7e-m+fp/hard\libc_nano.a(lib_a-reent.o)
 .ARM.attributes
                0x00000000000006bf       0x34 c:/st/stm32cubeide_1.9.0/stm32cubeide/plugins/com.st.stm32cube.ide.mcu.externaltools.gnu-tools-for-stm32.10.3-2021.10.win32_1.0.0.202111181127/tools/bin/../lib/gcc/arm-none-eabi/10.3.1/../../../../arm-none-eabi/lib/thumb/v7e-m+fp/hard\libc_nano.a(lib_a-lock.o)
 .ARM.attributes
                0x00000000000006f3       0x1e c:/st/stm32cubeide_1.9.0/stm32cubeide/plugins/com.st.stm32cube.ide.mcu.externaltools.gnu-tools-for-stm32.10.3-2021.10.win32_1.0.0.202111181127/tools/bin/../lib/gcc/arm-none-eabi/10.3.1/thumb/v7e-m+fp/hard\libgcc.a(_aeabi_uldivmod.o)
 .ARM.attributes
                0x0000000000000711       0x34 c:/st/stm32cubeide_1.9.0/stm32cubeide/plugins/com.st.stm32cube.ide.mcu.externaltools.gnu-tools-for-stm32.10.3-2021.10.win32_1.0.0.202111181127/tools/bin/../lib/gcc/arm-none-eabi/10.3.1/thumb/v7e-m+fp/hard\libgcc.a(_udivmoddi4.o)
 .ARM.attributes
                0x0000000000000745       0x1e c:/st/stm32cubeide_1.9.0/stm32cubeide/plugins/com.st.stm32cube.ide.mcu.externaltools.gnu-tools-for-stm32.10.3-2021.10.win32_1.0.0.202111181127/tools/bin/../lib/gcc/arm-none-eabi/10.3.1/thumb/v7e-m+fp/hard\libgcc.a(_dvmd_tls.o)
 .ARM.attributes
                0x0000000000000763       0x34 c:/st/stm32cubeide_1.9.0/stm32cubeide/plugins/com.st.stm32cube.ide.mcu.externaltools.gnu-tools-for-stm32.10.3-2021.10.win32_1.0.0.202111181127/tools/bin/../lib/gcc/arm-none-eabi/10.3.1/../../../../arm-none-eabi/lib/thumb/v7e-m+fp/hard\libnosys.a(sbrk.o)
 .ARM.attributes
                0x0000000000000797       0x1e c:/st/stm32cubeide_1.9.0/stm32cubeide/plugins/com.st.stm32cube.ide.mcu.externaltools.gnu-tools-for-stm32.10.3-2021.10.win32_1.0.0.202111181127/tools/bin/../lib/gcc/arm-none-eabi/10.3.1/thumb/v7e-m+fp/hard/crtn.o
OUTPUT(FatFs_USBDisk.elf elf32-littlearm)
LOAD linker stubs
LOAD c:/st/stm32cubeide_1.9.0/stm32cubeide/plugins/com.st.stm32cube.ide.mcu.externaltools.gnu-tools-for-stm32.10.3-2021.10.win32_1.0.0.202111181127/tools/bin/../lib/gcc/arm-none-eabi/10.3.1/../../../../arm-none-eabi/lib/thumb/v7e-m+fp/hard\libc.a
LOAD c:/st/stm32cubeide_1.9.0/stm32cubeide/plugins/com.st.stm32cube.ide.mcu.externaltools.gnu-tools-for-stm32.10.3-2021.10.win32_1.0.0.202111181127/tools/bin/../lib/gcc/arm-none-eabi/10.3.1/../../../../arm-none-eabi/lib/thumb/v7e-m+fp/hard\libm.a
LOAD c:/st/stm32cubeide_1.9.0/stm32cubeide/plugins/com.st.stm32cube.ide.mcu.externaltools.gnu-tools-for-stm32.10.3-2021.10.win32_1.0.0.202111181127/tools/bin/../lib/gcc/arm-none-eabi/10.3.1/thumb/v7e-m+fp/hard\libgcc.a

.debug_line     0x0000000000000000    0x15ee1
 .debug_line    0x0000000000000000       0xb5 ./Application/SW4STM32/startup_stm32f407xx.o
 .debug_line    0x00000000000000b5      0xd3d ./Application/User/main.o
 .debug_line    0x0000000000000df2      0xc22 ./Application/User/stm32f4xx_it.o
 .debug_line    0x0000000000001a14      0xe70 ./Application/User/usbh_conf.o
 .debug_line    0x0000000000002884      0x83b ./Drivers/CMSIS/system_stm32f4xx.o
 .debug_line    0x00000000000030bf      0xae7 ./Drivers/STM32F4xx_HAL_Driver/stm32f4xx_hal.o
 .debug_line    0x0000000000003ba6      0xd51 ./Drivers/STM32F4xx_HAL_Driver/stm32f4xx_hal_cortex.o
 .debug_line    0x00000000000048f7      0xcf5 ./Drivers/STM32F4xx_HAL_Driver/stm32f4xx_hal_gpio.o
 .debug_line    0x00000000000055ec     0x142b ./Drivers/STM32F4xx_HAL_Driver/stm32f4xx_hal_hcd.o
 .debug_line    0x0000000000006a17     0x1065 ./Drivers/STM32F4xx_HAL_Driver/stm32f4xx_hal_rcc.o
 .debug_line    0x0000000000007a7c     0x23df ./Drivers/STM32F4xx_HAL_Driver/stm32f4xx_ll_usb.o
 .debug_line    0x0000000000009e5b      0x505 ./Middlewares/FatFs/Core/diskio.o
 .debug_line    0x000000000000a360     0x3a75 ./Middlewares/FatFs/Core/ff.o
 .debug_line    0x000000000000ddd5      0x537 ./Middlewares/FatFs/Core/ff_gen_drv.o
 .debug_line    0x000000000000e30c      0xcff ./Middlewares/FatFs/Drivers/usbh_diskio_dma.o
 .debug_line    0x000000000000f00b     0x12a1 ./Middlewares/STM32_USBH_Library/Class/MSC/usbh_msc.o
 .debug_line    0x00000000000102ac      0xe45 ./Middlewares/STM32_USBH_Library/Class/MSC/usbh_msc_bot.o
 .debug_line    0x00000000000110f1      0xf0a ./Middlewares/STM32_USBH_Library/Class/MSC/usbh_msc_scsi.o
 .debug_line    0x0000000000011ffb     0x1434 ./Middlewares/STM32_USBH_Library/Core/usbh_core.o
 .debug_line    0x000000000001342f     0x1379 ./Middlewares/STM32_USBH_Library/Core/usbh_ctlreq.o
 .debug_line    0x00000000000147a8      0xc16 ./Middlewares/STM32_USBH_Library/Core/usbh_ioreq.o
 .debug_line    0x00000000000153be      0xb23 ./Middlewares/STM32_USBH_Library/Core/usbh_pipes.o

.debug_info     0x0000000000000000    0x19724
 .debug_info    0x0000000000000000       0x22 ./Application/SW4STM32/startup_stm32f407xx.o
 .debug_info    0x0000000000000022     0x179b ./Application/User/main.o
 .debug_info    0x00000000000017bd      0x680 ./Application/User/stm32f4xx_it.o
 .debug_info    0x0000000000001e3d     0x1ec8 ./Application/User/usbh_conf.o
 .debug_info    0x0000000000003d05      0x53c ./Drivers/CMSIS/system_stm32f4xx.o
 .debug_info    0x0000000000004241      0xa50 ./Drivers/STM32F4xx_HAL_Driver/stm32f4xx_hal.o
 .debug_info    0x0000000000004c91     0x108c ./Drivers/STM32F4xx_HAL_Driver/stm32f4xx_hal_cortex.o
 .debug_info    0x0000000000005d1d      0x7b0 ./Drivers/STM32F4xx_HAL_Driver/stm32f4xx_hal_gpio.o
 .debug_info    0x00000000000064cd     0x1552 ./Drivers/STM32F4xx_HAL_Driver/stm32f4xx_hal_hcd.o
 .debug_info    0x0000000000007a1f      0xb93 ./Drivers/STM32F4xx_HAL_Driver/stm32f4xx_hal_rcc.o
 .debug_info    0x00000000000085b2     0x1ff5 ./Drivers/STM32F4xx_HAL_Driver/stm32f4xx_ll_usb.o
 .debug_info    0x000000000000a5a7      0x481 ./Middlewares/FatFs/Core/diskio.o
 .debug_info    0x000000000000aa28     0x4962 ./Middlewares/FatFs/Core/ff.o
 .debug_info    0x000000000000f38a      0x4d7 ./Middlewares/FatFs/Core/ff_gen_drv.o
 .debug_info    0x000000000000f861     0x161a ./Middlewares/FatFs/Drivers/usbh_diskio_dma.o
 .debug_info    0x0000000000010e7b     0x1978 ./Middlewares/STM32_USBH_Library/Class/MSC/usbh_msc.o
 .debug_info    0x00000000000127f3     0x1474 ./Middlewares/STM32_USBH_Library/Class/MSC/usbh_msc_bot.o
 .debug_info    0x0000000000013c67     0x13b8 ./Middlewares/STM32_USBH_Library/Class/MSC/usbh_msc_scsi.o
 .debug_info    0x000000000001501f     0x1625 ./Middlewares/STM32_USBH_Library/Core/usbh_core.o
 .debug_info    0x0000000000016644     0x15a6 ./Middlewares/STM32_USBH_Library/Core/usbh_ctlreq.o
 .debug_info    0x0000000000017bea      0xf81 ./Middlewares/STM32_USBH_Library/Core/usbh_ioreq.o
 .debug_info    0x0000000000018b6b      0xbb9 ./Middlewares/STM32_USBH_Library/Core/usbh_pipes.o

.debug_abbrev   0x0000000000000000     0x3d8c
 .debug_abbrev  0x0000000000000000       0x12 ./Application/SW4STM32/startup_stm32f407xx.o
 .debug_abbrev  0x0000000000000012      0x3a3 ./Application/User/main.o
 .debug_abbrev  0x00000000000003b5      0x1dd ./Application/User/stm32f4xx_it.o
 .debug_abbrev  0x0000000000000592      0x3d5 ./Application/User/usbh_conf.o
 .debug_abbrev  0x0000000000000967      0x11c ./Drivers/CMSIS/system_stm32f4xx.o
 .debug_abbrev  0x0000000000000a83      0x289 ./Drivers/STM32F4xx_HAL_Driver/stm32f4xx_hal.o
 .debug_abbrev  0x0000000000000d0c      0x372 ./Drivers/STM32F4xx_HAL_Driver/stm32f4xx_hal_cortex.o
 .debug_abbrev  0x000000000000107e      0x1f0 ./Drivers/STM32F4xx_HAL_Driver/stm32f4xx_hal_gpio.o
 .debug_abbrev  0x000000000000126e      0x33d ./Drivers/STM32F4xx_HAL_Driver/stm32f4xx_hal_hcd.o
 .debug_abbrev  0x00000000000015ab      0x344 ./Drivers/STM32F4xx_HAL_Driver/stm32f4xx_hal_rcc.o
 .debug_abbrev  0x00000000000018ef      0x3ad ./Drivers/STM32F4xx_HAL_Driver/stm32f4xx_ll_usb.o
 .debug_abbrev  0x0000000000001c9c      0x1bb ./Middlewares/FatFs/Core/diskio.o
 .debug_abbrev  0x0000000000001e57      0x3d3 ./Middlewares/FatFs/Core/ff.o
 .debug_abbrev  0x000000000000222a      0x227 ./Middlewares/FatFs/Core/ff_gen_drv.o
 .debug_abbrev  0x0000000000002451      0x2f1 ./Middlewares/FatFs/Drivers/usbh_diskio_dma.o
 .debug_abbrev  0x0000000000002742      0x34d ./Middlewares/STM32_USBH_Library/Class/MSC/usbh_msc.o
 .debug_abbrev  0x0000000000002a8f      0x343 ./Middlewares/STM32_USBH_Library/Class/MSC/usbh_msc_bot.o
 .debug_abbrev  0x0000000000002dd2      0x301 ./Middlewares/STM32_USBH_Library/Class/MSC/usbh_msc_scsi.o
 .debug_abbrev  0x00000000000030d3      0x3fc ./Middlewares/STM32_USBH_Library/Core/usbh_core.o
 .debug_abbrev  0x00000000000034cf      0x3a1 ./Middlewares/STM32_USBH_Library/Core/usbh_ctlreq.o
 .debug_abbrev  0x0000000000003870      0x24f ./Middlewares/STM32_USBH_Library/Core/usbh_ioreq.o
 .debug_abbrev  0x0000000000003abf      0x2cd ./Middlewares/STM32_USBH_Library/Core/usbh_pipes.o

.debug_aranges  0x0000000000000000      0xb58
 .debug_aranges
                0x0000000000000000       0x28 ./Application/SW4STM32/startup_stm32f407xx.o
 .debug_aranges
                0x0000000000000028       0x28 ./Application/User/main.o
 .debug_aranges
                0x0000000000000050       0x50 ./Application/User/stm32f4xx_it.o
 .debug_aranges
                0x00000000000000a0       0xd0 ./Application/User/usbh_conf.o
 .debug_aranges
                0x0000000000000170       0x28 ./Drivers/CMSIS/system_stm32f4xx.o
 .debug_aranges
                0x0000000000000198       0xe8 ./Drivers/STM32F4xx_HAL_Driver/stm32f4xx_hal.o
 .debug_aranges
                0x0000000000000280       0xa8 ./Drivers/STM32F4xx_HAL_Driver/stm32f4xx_hal_cortex.o
 .debug_aranges
                0x0000000000000328       0x58 ./Drivers/STM32F4xx_HAL_Driver/stm32f4xx_hal_gpio.o
 .debug_aranges
                0x0000000000000380       0xa8 ./Drivers/STM32F4xx_HAL_Driver/stm32f4xx_hal_hcd.o
 .debug_aranges
                0x0000000000000428       0x88 ./Drivers/STM32F4xx_HAL_Driver/stm32f4xx_hal_rcc.o
 .debug_aranges
                0x00000000000004b0      0x1a0 ./Drivers/STM32F4xx_HAL_Driver/stm32f4xx_ll_usb.o
 .debug_aranges
                0x0000000000000650       0x48 ./Middlewares/FatFs/Core/diskio.o
 .debug_aranges
                0x0000000000000698      0x190 ./Middlewares/FatFs/Core/ff.o
 .debug_aranges
                0x0000000000000828       0x40 ./Middlewares/FatFs/Core/ff_gen_drv.o
 .debug_aranges
                0x0000000000000868       0x40 ./Middlewares/FatFs/Drivers/usbh_diskio_dma.o
 .debug_aranges
                0x00000000000008a8       0x78 ./Middlewares/STM32_USBH_Library/Class/MSC/usbh_msc.o
 .debug_aranges
                0x0000000000000920       0x38 ./Middlewares/STM32_USBH_Library/Class/MSC/usbh_msc_bot.o
 .debug_aranges
                0x0000000000000958       0x48 ./Middlewares/STM32_USBH_Library/Class/MSC/usbh_msc_scsi.o
 .debug_aranges
                0x00000000000009a0       0xb0 ./Middlewares/STM32_USBH_Library/Core/usbh_core.o
 .debug_aranges
                0x0000000000000a50       0x70 ./Middlewares/STM32_USBH_Library/Core/usbh_ctlreq.o
 .debug_aranges
                0x0000000000000ac0       0x60 ./Middlewares/STM32_USBH_Library/Core/usbh_ioreq.o
 .debug_aranges
                0x0000000000000b20       0x38 ./Middlewares/STM32_USBH_Library/Core/usbh_pipes.o

.debug_str      0x0000000000000000    0xd19c5
 .debug_str     0x0000000000000000       0xc4 ./Application/SW4STM32/startup_stm32f407xx.o
 .debug_str     0x00000000000000c4    0xcd348 ./Application/User/main.o
                                      0xcd73b (size before relaxing)
 .debug_str     0x00000000000cd40c      0x4b1 ./Application/User/stm32f4xx_it.o
                                      0xccd3e (size before relaxing)
 .debug_str     0x00000000000cd8bd      0x99b ./Application/User/usbh_conf.o
                                      0xcc250 (size before relaxing)
 .debug_str     0x00000000000ce258      0x13b ./Drivers/CMSIS/system_stm32f4xx.o
                                      0xc5dbf (size before relaxing)
 .debug_str     0x00000000000ce393      0x61f ./Drivers/STM32F4xx_HAL_Driver/stm32f4xx_hal.o
                                      0xc6919 (size before relaxing)
 .debug_str     0x00000000000ce9b2      0x37c ./Drivers/STM32F4xx_HAL_Driver/stm32f4xx_hal_cortex.o
                                      0xc664c (size before relaxing)
 .debug_str     0x00000000000ced2e      0x1a3 ./Drivers/STM32F4xx_HAL_Driver/stm32f4xx_hal_gpio.o
                                      0xc5f10 (size before relaxing)
 .debug_str     0x00000000000ceed1      0x388 ./Drivers/STM32F4xx_HAL_Driver/stm32f4xx_hal_hcd.o
                                      0xc6572 (size before relaxing)
 .debug_str     0x00000000000cf259      0x27a ./Drivers/STM32F4xx_HAL_Driver/stm32f4xx_hal_rcc.o
                                      0xc61da (size before relaxing)
 .debug_str     0x00000000000cf4d3      0x551 ./Drivers/STM32F4xx_HAL_Driver/stm32f4xx_ll_usb.o
                                      0xc66bf (size before relaxing)
 .debug_str     0x00000000000cfa24       0xa0 ./Middlewares/FatFs/Core/diskio.o
                                       0x4358 (size before relaxing)
 .debug_str     0x00000000000cfac4      0xf24 ./Middlewares/FatFs/Core/ff.o
                                       0x4557 (size before relaxing)
 .debug_str     0x00000000000d09e8       0xb4 ./Middlewares/FatFs/Core/ff_gen_drv.o
                                       0x438c (size before relaxing)
 .debug_str     0x00000000000d0a9c      0x2d5 ./Middlewares/FatFs/Drivers/usbh_diskio_dma.o
                                      0xcc708 (size before relaxing)
 .debug_str     0x00000000000d0d71      0x4f0 ./Middlewares/STM32_USBH_Library/Class/MSC/usbh_msc.o
                                      0xcc136 (size before relaxing)
 .debug_str     0x00000000000d1261      0x16d ./Middlewares/STM32_USBH_Library/Class/MSC/usbh_msc_bot.o
                                      0xcc099 (size before relaxing)
 .debug_str     0x00000000000d13ce       0x88 ./Middlewares/STM32_USBH_Library/Class/MSC/usbh_msc_scsi.o
                                      0xcbf74 (size before relaxing)
 .debug_str     0x00000000000d1456      0x1ff ./Middlewares/STM32_USBH_Library/Core/usbh_core.o
                                      0xcb70f (size before relaxing)
 .debug_str     0x00000000000d1655      0x20c ./Middlewares/STM32_USBH_Library/Core/usbh_ctlreq.o
                                      0xcb69b (size before relaxing)
 .debug_str     0x00000000000d1861       0xd6 ./Middlewares/STM32_USBH_Library/Core/usbh_ioreq.o
                                      0xcb4a0 (size before relaxing)
 .debug_str     0x00000000000d1937       0x8e ./Middlewares/STM32_USBH_Library/Core/usbh_pipes.o
                                      0xcb436 (size before relaxing)

.debug_ranges   0x0000000000000000     0x11d8
 .debug_ranges  0x0000000000000000       0x20 ./Application/SW4STM32/startup_stm32f407xx.o
 .debug_ranges  0x0000000000000020       0xa0 ./Application/User/main.o
 .debug_ranges  0x00000000000000c0       0x40 ./Application/User/stm32f4xx_it.o
 .debug_ranges  0x0000000000000100      0x160 ./Application/User/usbh_conf.o
 .debug_ranges  0x0000000000000260       0x18 ./Drivers/CMSIS/system_stm32f4xx.o
 .debug_ranges  0x0000000000000278       0xd8 ./Drivers/STM32F4xx_HAL_Driver/stm32f4xx_hal.o
 .debug_ranges  0x0000000000000350      0x150 ./Drivers/STM32F4xx_HAL_Driver/stm32f4xx_hal_cortex.o
 .debug_ranges  0x00000000000004a0       0x68 ./Drivers/STM32F4xx_HAL_Driver/stm32f4xx_hal_gpio.o
 .debug_ranges  0x0000000000000508      0x140 ./Drivers/STM32F4xx_HAL_Driver/stm32f4xx_hal_hcd.o
 .debug_ranges  0x0000000000000648       0xb0 ./Drivers/STM32F4xx_HAL_Driver/stm32f4xx_hal_rcc.o
 .debug_ranges  0x00000000000006f8      0x1c0 ./Drivers/STM32F4xx_HAL_Driver/stm32f4xx_ll_usb.o
 .debug_ranges  0x00000000000008b8       0x38 ./Middlewares/FatFs/Core/diskio.o
 .debug_ranges  0x00000000000008f0      0x498 ./Middlewares/FatFs/Core/ff.o
 .debug_ranges  0x0000000000000d88       0x30 ./Middlewares/FatFs/Core/ff_gen_drv.o
 .debug_ranges  0x0000000000000db8       0x30 ./Middlewares/FatFs/Drivers/usbh_diskio_dma.o
 .debug_ranges  0x0000000000000de8       0x68 ./Middlewares/STM32_USBH_Library/Class/MSC/usbh_msc.o
 .debug_ranges  0x0000000000000e50       0x40 ./Middlewares/STM32_USBH_Library/Class/MSC/usbh_msc_bot.o
 .debug_ranges  0x0000000000000e90       0x38 ./Middlewares/STM32_USBH_Library/Class/MSC/usbh_msc_scsi.o
 .debug_ranges  0x0000000000000ec8       0xb8 ./Middlewares/STM32_USBH_Library/Core/usbh_core.o
 .debug_ranges  0x0000000000000f80      0x1b8 ./Middlewares/STM32_USBH_Library/Core/usbh_ctlreq.o
 .debug_ranges  0x0000000000001138       0x50 ./Middlewares/STM32_USBH_Library/Core/usbh_ioreq.o
 .debug_ranges  0x0000000000001188       0x50 ./Middlewares/STM32_USBH_Library/Core/usbh_pipes.o

.debug_loc      0x0000000000000000     0xe85a
 .debug_loc     0x0000000000000000       0xc1 ./Application/User/main.o
 .debug_loc     0x00000000000000c1      0x548 ./Application/User/usbh_conf.o
 .debug_loc     0x0000000000000609      0x118 ./Drivers/CMSIS/system_stm32f4xx.o
 .debug_loc     0x0000000000000721      0x139 ./Drivers/STM32F4xx_HAL_Driver/stm32f4xx_hal.o
 .debug_loc     0x000000000000085a      0x5d3 ./Drivers/STM32F4xx_HAL_Driver/stm32f4xx_hal_cortex.o
 .debug_loc     0x0000000000000e2d      0x422 ./Drivers/STM32F4xx_HAL_Driver/stm32f4xx_hal_gpio.o
 .debug_loc     0x000000000000124f      0xb49 ./Drivers/STM32F4xx_HAL_Driver/stm32f4xx_hal_hcd.o
 .debug_loc     0x0000000000001d98      0x4af ./Drivers/STM32F4xx_HAL_Driver/stm32f4xx_hal_rcc.o
 .debug_loc     0x0000000000002247     0x2290 ./Drivers/STM32F4xx_HAL_Driver/stm32f4xx_ll_usb.o
 .debug_loc     0x00000000000044d7      0x1fe ./Middlewares/FatFs/Core/diskio.o
 .debug_loc     0x00000000000046d5     0x5a9c ./Middlewares/FatFs/Core/ff.o
 .debug_loc     0x000000000000a171      0x302 ./Middlewares/FatFs/Core/ff_gen_drv.o
 .debug_loc     0x000000000000a473      0x4c6 ./Middlewares/FatFs/Drivers/usbh_diskio_dma.o
 .debug_loc     0x000000000000a939      0xac7 ./Middlewares/STM32_USBH_Library/Class/MSC/usbh_msc.o
 .debug_loc     0x000000000000b400      0x6b7 ./Middlewares/STM32_USBH_Library/Class/MSC/usbh_msc_bot.o
 .debug_loc     0x000000000000bab7      0x92a ./Middlewares/STM32_USBH_Library/Class/MSC/usbh_msc_scsi.o
 .debug_loc     0x000000000000c3e1      0xa72 ./Middlewares/STM32_USBH_Library/Core/usbh_core.o
 .debug_loc     0x000000000000ce53     0x1236 ./Middlewares/STM32_USBH_Library/Core/usbh_ctlreq.o
 .debug_loc     0x000000000000e089      0x5b0 ./Middlewares/STM32_USBH_Library/Core/usbh_ioreq.o
 .debug_loc     0x000000000000e639      0x221 ./Middlewares/STM32_USBH_Library/Core/usbh_pipes.o

.debug_macro    0x0000000000000000    0x24f06
 .debug_macro   0x0000000000000000      0x49f ./Application/User/main.o
 .debug_macro   0x000000000000049f      0xa84 ./Application/User/main.o
 .debug_macro   0x0000000000000f23      0x2cf ./Application/User/main.o
 .debug_macro   0x00000000000011f2       0x2e ./Application/User/main.o
 .debug_macro   0x0000000000001220       0x2f ./Application/User/main.o
 .debug_macro   0x000000000000124f       0x22 ./Application/User/main.o
 .debug_macro   0x0000000000001271       0x8e ./Application/User/main.o
 .debug_macro   0x00000000000012ff       0x51 ./Application/User/main.o
 .debug_macro   0x0000000000001350      0x103 ./Application/User/main.o
 .debug_macro   0x0000000000001453       0x6a ./Application/User/main.o
 .debug_macro   0x00000000000014bd      0x1df ./Application/User/main.o
 .debug_macro   0x000000000000169c       0x1c ./Application/User/main.o
 .debug_macro   0x00000000000016b8       0x22 ./Application/User/main.o
 .debug_macro   0x00000000000016da       0xd9 ./Application/User/main.o
 .debug_macro   0x00000000000017b3     0x102d ./Application/User/main.o
 .debug_macro   0x00000000000027e0      0x11f ./Application/User/main.o
 .debug_macro   0x00000000000028ff    0x15e82 ./Application/User/main.o
 .debug_macro   0x0000000000018781       0x6d ./Application/User/main.o
 .debug_macro   0x00000000000187ee     0x367e ./Application/User/main.o
 .debug_macro   0x000000000001be6c      0x174 ./Application/User/main.o
 .debug_macro   0x000000000001bfe0       0x5c ./Application/User/main.o
 .debug_macro   0x000000000001c03c      0x96b ./Application/User/main.o
 .debug_macro   0x000000000001c9a7      0x9fe ./Application/User/main.o
 .debug_macro   0x000000000001d3a5      0x115 ./Application/User/main.o
 .debug_macro   0x000000000001d4ba      0x13e ./Application/User/main.o
 .debug_macro   0x000000000001d5f8       0xa5 ./Application/User/main.o
 .debug_macro   0x000000000001d69d      0x287 ./Application/User/main.o
 .debug_macro   0x000000000001d924       0x5f ./Application/User/main.o
 .debug_macro   0x000000000001d983      0x236 ./Application/User/main.o
 .debug_macro   0x000000000001dbb9      0x12c ./Application/User/main.o
 .debug_macro   0x000000000001dce5      0x21e ./Application/User/main.o
 .debug_macro   0x000000000001df03       0x2e ./Application/User/main.o
 .debug_macro   0x000000000001df31      0x516 ./Application/User/main.o
 .debug_macro   0x000000000001e447      0x1b5 ./Application/User/main.o
 .debug_macro   0x000000000001e5fc       0xd6 ./Application/User/main.o
 .debug_macro   0x000000000001e6d2      0x11a ./Application/User/main.o
 .debug_macro   0x000000000001e7ec       0x7e ./Application/User/main.o
 .debug_macro   0x000000000001e86a       0x89 ./Application/User/main.o
 .debug_macro   0x000000000001e8f3      0x861 ./Application/User/main.o
 .debug_macro   0x000000000001f154      0x1d5 ./Application/User/main.o
 .debug_macro   0x000000000001f329      0x295 ./Application/User/main.o
 .debug_macro   0x000000000001f5be      0x248 ./Application/User/main.o
 .debug_macro   0x000000000001f806       0x7c ./Application/User/main.o
 .debug_macro   0x000000000001f882      0x12d ./Application/User/main.o
 .debug_macro   0x000000000001f9af      0x249 ./Application/User/main.o
 .debug_macro   0x000000000001fbf8       0x16 ./Application/User/main.o
 .debug_macro   0x000000000001fc0e       0x7c ./Application/User/main.o
 .debug_macro   0x000000000001fc8a       0xdd ./Application/User/main.o
 .debug_macro   0x000000000001fd67       0xe2 ./Application/User/main.o
 .debug_macro   0x000000000001fe49       0x52 ./Application/User/main.o
 .debug_macro   0x000000000001fe9b       0x1e ./Application/User/main.o
 .debug_macro   0x000000000001feb9       0x3c ./Application/User/main.o
 .debug_macro   0x000000000001fef5       0x34 ./Application/User/main.o
 .debug_macro   0x000000000001ff29       0x16 ./Application/User/main.o
 .debug_macro   0x000000000001ff3f       0x35 ./Application/User/main.o
 .debug_macro   0x000000000001ff74      0x341 ./Application/User/main.o
 .debug_macro   0x00000000000202b5       0x10 ./Application/User/main.o
 .debug_macro   0x00000000000202c5       0x16 ./Application/User/main.o
 .debug_macro   0x00000000000202db       0x43 ./Application/User/main.o
 .debug_macro   0x000000000002031e       0x34 ./Application/User/main.o
 .debug_macro   0x0000000000020352       0x10 ./Application/User/main.o
 .debug_macro   0x0000000000020362       0x58 ./Application/User/main.o
 .debug_macro   0x00000000000203ba       0x71 ./Application/User/main.o
 .debug_macro   0x000000000002042b       0x1c ./Application/User/main.o
 .debug_macro   0x0000000000020447      0x12a ./Application/User/main.o
 .debug_macro   0x0000000000020571       0x10 ./Application/User/main.o
 .debug_macro   0x0000000000020581       0x1c ./Application/User/main.o
 .debug_macro   0x000000000002059d       0x52 ./Application/User/main.o
 .debug_macro   0x00000000000205ef       0x22 ./Application/User/main.o
 .debug_macro   0x0000000000020611       0x10 ./Application/User/main.o
 .debug_macro   0x0000000000020621       0x52 ./Application/User/main.o
 .debug_macro   0x0000000000020673       0xd5 ./Application/User/main.o
 .debug_macro   0x0000000000020748       0x1c ./Application/User/main.o
 .debug_macro   0x0000000000020764       0x3d ./Application/User/main.o
 .debug_macro   0x00000000000207a1       0x16 ./Application/User/main.o
 .debug_macro   0x00000000000207b7      0x145 ./Application/User/main.o
 .debug_macro   0x00000000000208fc       0x16 ./Application/User/main.o
 .debug_macro   0x0000000000020912       0x16 ./Application/User/main.o
 .debug_macro   0x0000000000020928       0x29 ./Application/User/main.o
 .debug_macro   0x0000000000020951       0x16 ./Application/User/main.o
 .debug_macro   0x0000000000020967       0x20 ./Application/User/main.o
 .debug_macro   0x0000000000020987       0x64 ./Application/User/main.o
 .debug_macro   0x00000000000209eb      0x233 ./Application/User/main.o
 .debug_macro   0x0000000000020c1e       0x2e ./Application/User/main.o
 .debug_macro   0x0000000000020c4c       0x2e ./Application/User/main.o
 .debug_macro   0x0000000000020c7a       0x28 ./Application/User/main.o
 .debug_macro   0x0000000000020ca2       0x65 ./Application/User/main.o
 .debug_macro   0x0000000000020d07       0xeb ./Application/User/main.o
 .debug_macro   0x0000000000020df2       0x34 ./Application/User/main.o
 .debug_macro   0x0000000000020e26      0x4ad ./Application/User/stm32f4xx_it.o
 .debug_macro   0x00000000000212d3      0x427 ./Application/User/usbh_conf.o
 .debug_macro   0x00000000000216fa      0x217 ./Drivers/CMSIS/system_stm32f4xx.o
 .debug_macro   0x0000000000021911      0x277 ./Drivers/STM32F4xx_HAL_Driver/stm32f4xx_hal.o
 .debug_macro   0x0000000000021b88      0x217 ./Drivers/STM32F4xx_HAL_Driver/stm32f4xx_hal_cortex.o
 .debug_macro   0x0000000000021d9f      0x21d ./Drivers/STM32F4xx_HAL_Driver/stm32f4xx_hal_gpio.o
 .debug_macro   0x0000000000021fbc      0x217 ./Drivers/STM32F4xx_HAL_Driver/stm32f4xx_hal_hcd.o
 .debug_macro   0x00000000000221d3      0x23b ./Drivers/STM32F4xx_HAL_Driver/stm32f4xx_hal_rcc.o
 .debug_macro   0x000000000002240e      0x217 ./Drivers/STM32F4xx_HAL_Driver/stm32f4xx_ll_usb.o
 .debug_macro   0x0000000000022625       0xa3 ./Middlewares/FatFs/Core/diskio.o
 .debug_macro   0x00000000000226c8      0x448 ./Middlewares/FatFs/Core/ff.o