C:/Users/ASUS/STM32CubeIDE/workspace_1.9.0/LwIP_HTTP_Server_Netconn_RTOS/Src/ethernetif.c:539:9:ETH_PHY_IO_DeInit	0	static
C:/Users/ASUS/STM32CubeIDE/workspace_1.9.0/LwIP_HTTP_Server_Netconn_RTOS/Src/ethernetif.c:256:14:low_level_output	64	static
C:/Users/ASUS/STM32CubeIDE/workspace_1.9.0/LwIP_HTTP_Server_Netconn_RTOS/Src/ethernetif.c:718:6:RMII_Thread	8	static
C:/Users/ASUS/STM32CubeIDE/workspace_1.9.0/LwIP_HTTP_Server_Netconn_RTOS/Src/ethernetif.c:582:9:ETH_PHY_IO_GetTick	0	static
C:/Users/ASUS/STM32CubeIDE/workspace_1.9.0/LwIP_HTTP_Server_Netconn_RTOS/Src/ethernetif.c:522:9:ETH_PHY_IO_Init	8	static
C:/Users/ASUS/STM32CubeIDE/workspace_1.9.0/LwIP_HTTP_Server_Netconn_RTOS/Src/ethernetif.c:551:9:ETH_PHY_IO_ReadReg	8	static
C:/Users/ASUS/STM32CubeIDE/workspace_1.9.0/LwIP_HTTP_Server_Netconn_RTOS/Src/ethernetif.c:568:9:ETH_PHY_IO_WriteReg	8	static
C:/Users/ASUS/STM32CubeIDE/workspace_1.9.0/LwIP_HTTP_Server_Netconn_RTOS/Src/ethernetif.c:403:6:pbuf_free_custom	8	static
C:/Users/ASUS/STM32CubeIDE/workspace_1.9.0/LwIP_HTTP_Server_Netconn_RTOS/Src/ethernetif.c:329:13:ethernetif_input	32	static
C:/Users/ASUS/STM32CubeIDE/workspace_1.9.0/LwIP_HTTP_Server_Netconn_RTOS/Src/ethernetif.c:366:7:ethernetif_init	176	static
C:/Users/ASUS/STM32CubeIDE/workspace_1.9.0/LwIP_HTTP_Server_Netconn_RTOS/Src/ethernetif.c:421:7:sys_now	0	static
C:/Users/ASUS/STM32CubeIDE/workspace_1.9.0/LwIP_HTTP_Server_Netconn_RTOS/Src/ethernetif.c:434:6:HAL_ETH_MspInit	72	static
C:/Users/ASUS/STM32CubeIDE/workspace_1.9.0/LwIP_HTTP_Server_Netconn_RTOS/Src/ethernetif.c:486:6:HAL_ETH_RxCpltCallback	0	static
C:/Users/ASUS/STM32CubeIDE/workspace_1.9.0/LwIP_HTTP_Server_Netconn_RTOS/Src/ethernetif.c:496:6:HAL_ETH_TxCpltCallback	0	static
C:/Users/ASUS/STM32CubeIDE/workspace_1.9.0/LwIP_HTTP_Server_Netconn_RTOS/Src/ethernetif.c:506:6:HAL_ETH_ErrorCallback	8	static
C:/Users/ASUS/STM32CubeIDE/workspace_1.9.0/LwIP_HTTP_Server_Netconn_RTOS/Src/ethernetif.c:592:6:ethernet_link_thread	136	static
C:/Users/ASUS/STM32CubeIDE/workspace_1.9.0/LwIP_HTTP_Server_Netconn_RTOS/Src/ethernetif.c:655:6:HAL_ETH_RxAllocateCallback	16	static
C:/Users/ASUS/STM32CubeIDE/workspace_1.9.0/LwIP_HTTP_Server_Netconn_RTOS/Src/ethernetif.c:675:6:HAL_ETH_RxLinkCallback	12	static
C:/Users/ASUS/STM32CubeIDE/workspace_1.9.0/LwIP_HTTP_Server_Netconn_RTOS/Src/ethernetif.c:708:6:HAL_ETH_TxFreeCallback	0	static
