C:/Users/ASUS/STM32CubeIDE/workspace_1.9.0/FatFs_USBDisk/Drivers/BSP/STM324xG_EVAL/stm324xg_eval_io.c:98:9:BSP_IO_Init	16	static
C:/Users/ASUS/STM32CubeIDE/workspace_1.9.0/FatFs_USBDisk/Drivers/BSP/STM324xG_EVAL/stm324xg_eval_io.c:122:9:BSP_IO_ITGetStatus	8	static
C:/Users/ASUS/STM32CubeIDE/workspace_1.9.0/FatFs_USBDisk/Drivers/BSP/STM324xG_EVAL/stm324xg_eval_io.c:133:6:BSP_IO_ITClear	0	static
C:/Users/ASUS/STM32CubeIDE/workspace_1.9.0/FatFs_USBDisk/Drivers/BSP/STM324xG_EVAL/stm324xg_eval_io.c:153:9:BSP_IO_ConfigPin	8	static
C:/Users/ASUS/STM32CubeIDE/workspace_1.9.0/FatFs_USBDisk/Drivers/BSP/STM324xG_EVAL/stm324xg_eval_io.c:167:6:BSP_IO_WritePin	0	static
C:/Users/ASUS/STM32CubeIDE/workspace_1.9.0/FatFs_USBDisk/Drivers/BSP/STM324xG_EVAL/stm324xg_eval_io.c:178:10:BSP_IO_ReadPin	8	static
C:/Users/ASUS/STM32CubeIDE/workspace_1.9.0/FatFs_USBDisk/Drivers/BSP/STM324xG_EVAL/stm324xg_eval_io.c:188:6:BSP_IO_TogglePin	16	static
