C:/Users/ASUS/STM32CubeIDE/workspace_1.9.0/FatFs_USBDisk/Middlewares/ST/STM32_USB_Host_Library/Class/MSC/Src/usbh_msc.c:546:27:USBH_MSC_SOFProcess	0	static
C:/Users/ASUS/STM32CubeIDE/workspace_1.9.0/FatFs_USBDisk/Middlewares/ST/STM32_USB_Host_Library/Class/MSC/Src/usbh_msc.c:335:27:USBH_MSC_Process	24	static
C:/Users/ASUS/STM32CubeIDE/workspace_1.9.0/FatFs_USBDisk/Middlewares/ST/STM32_USB_Host_Library/Class/MSC/Src/usbh_msc.c:279:27:USBH_MSC_ClassRequest	8	static
C:/Users/ASUS/STM32CubeIDE/workspace_1.9.0/FatFs_USBDisk/Middlewares/ST/STM32_USB_Host_Library/Class/MSC/Src/usbh_msc.c:245:27:USBH_MSC_InterfaceDeInit	16	static
C:/Users/ASUS/STM32CubeIDE/workspace_1.9.0/FatFs_USBDisk/Middlewares/ST/STM32_USB_Host_Library/Class/MSC/Src/usbh_msc.c:147:27:USBH_MSC_InterfaceInit	40	static
C:/Users/ASUS/STM32CubeIDE/workspace_1.9.0/FatFs_USBDisk/Middlewares/ST/STM32_USB_Host_Library/Class/MSC/Src/usbh_msc.c:560:27:USBH_MSC_RdWrProcess	24	static
C:/Users/ASUS/STM32CubeIDE/workspace_1.9.0/FatFs_USBDisk/Middlewares/ST/STM32_USB_Host_Library/Class/MSC/Src/usbh_msc.c:681:10:USBH_MSC_IsReady	0	static
C:/Users/ASUS/STM32CubeIDE/workspace_1.9.0/FatFs_USBDisk/Middlewares/ST/STM32_USB_Host_Library/Class/MSC/Src/usbh_msc.c:704:10:USBH_MSC_GetMaxLUN	0	static
C:/Users/ASUS/STM32CubeIDE/workspace_1.9.0/FatFs_USBDisk/Middlewares/ST/STM32_USB_Host_Library/Class/MSC/Src/usbh_msc.c:723:10:USBH_MSC_UnitIsReady	0	static
C:/Users/ASUS/STM32CubeIDE/workspace_1.9.0/FatFs_USBDisk/Middlewares/ST/STM32_USB_Host_Library/Class/MSC/Src/usbh_msc.c:747:20:USBH_MSC_GetLUNInfo	8	static
C:/Users/ASUS/STM32CubeIDE/workspace_1.9.0/FatFs_USBDisk/Middlewares/ST/STM32_USB_Host_Library/Class/MSC/Src/usbh_msc.c:771:20:USBH_MSC_Read	32	static
C:/Users/ASUS/STM32CubeIDE/workspace_1.9.0/FatFs_USBDisk/Middlewares/ST/STM32_USB_Host_Library/Class/MSC/Src/usbh_msc.c:818:20:USBH_MSC_Write	32	static
