Archive member included to satisfy reference by file (symbol)

c:/st/stm32cubeide_1.9.0/stm32cubeide/plugins/com.st.stm32cube.ide.mcu.externaltools.gnu-tools-for-stm32.10.3-2021.10.win32_1.0.0.202111181127/tools/bin/../lib/gcc/arm-none-eabi/10.3.1/../../../../arm-none-eabi/lib/thumb/v7e-m+fp/hard\libc_nano.a(lib_a-exit.o)
                              c:/st/stm32cubeide_1.9.0/stm32cubeide/plugins/com.st.stm32cube.ide.mcu.externaltools.gnu-tools-for-stm32.10.3-2021.10.win32_1.0.0.202111181127/tools/bin/../lib/gcc/arm-none-eabi/10.3.1/../../../../arm-none-eabi/lib/thumb/v7e-m+fp/hard/crt0.o (exit)
c:/st/stm32cubeide_1.9.0/stm32cubeide/plugins/com.st.stm32cube.ide.mcu.externaltools.gnu-tools-for-stm32.10.3-2021.10.win32_1.0.0.202111181127/tools/bin/../lib/gcc/arm-none-eabi/10.3.1/../../../../arm-none-eabi/lib/thumb/v7e-m+fp/hard\libc_nano.a(lib_a-impure.o)
                              c:/st/stm32cubeide_1.9.0/stm32cubeide/plugins/com.st.stm32cube.ide.mcu.externaltools.gnu-tools-for-stm32.10.3-2021.10.win32_1.0.0.202111181127/tools/bin/../lib/gcc/arm-none-eabi/10.3.1/../../../../arm-none-eabi/lib/thumb/v7e-m+fp/hard\libc_nano.a(lib_a-exit.o) (_global_impure_ptr)
c:/st/stm32cubeide_1.9.0/stm32cubeide/plugins/com.st.stm32cube.ide.mcu.externaltools.gnu-tools-for-stm32.10.3-2021.10.win32_1.0.0.202111181127/tools/bin/../lib/gcc/arm-none-eabi/10.3.1/../../../../arm-none-eabi/lib/thumb/v7e-m+fp/hard\libc_nano.a(lib_a-init.o)
                              c:/st/stm32cubeide_1.9.0/stm32cubeide/plugins/com.st.stm32cube.ide.mcu.externaltools.gnu-tools-for-stm32.10.3-2021.10.win32_1.0.0.202111181127/tools/bin/../lib/gcc/arm-none-eabi/10.3.1/../../../../arm-none-eabi/lib/thumb/v7e-m+fp/hard/crt0.o (__libc_init_array)
c:/st/stm32cubeide_1.9.0/stm32cubeide/plugins/com.st.stm32cube.ide.mcu.externaltools.gnu-tools-for-stm32.10.3-2021.10.win32_1.0.0.202111181127/tools/bin/../lib/gcc/arm-none-eabi/10.3.1/../../../../arm-none-eabi/lib/thumb/v7e-m+fp/hard\libc_nano.a(lib_a-memset.o)
                              c:/st/stm32cubeide_1.9.0/stm32cubeide/plugins/com.st.stm32cube.ide.mcu.externaltools.gnu-tools-for-stm32.10.3-2021.10.win32_1.0.0.202111181127/tools/bin/../lib/gcc/arm-none-eabi/10.3.1/../../../../arm-none-eabi/lib/thumb/v7e-m+fp/hard/crt0.o (memset)
c:/st/stm32cubeide_1.9.0/stm32cubeide/plugins/com.st.stm32cube.ide.mcu.externaltools.gnu-tools-for-stm32.10.3-2021.10.win32_1.0.0.202111181127/tools/bin/../lib/gcc/arm-none-eabi/10.3.1/thumb/v7e-m+fp/hard\libgcc.a(_aeabi_ldivmod.o)
                              ./Drivers/STM32F4xx_HAL_Driver/stm32f4xx_hal_rcc.o (__aeabi_ldivmod)
c:/st/stm32cubeide_1.9.0/stm32cubeide/plugins/com.st.stm32cube.ide.mcu.externaltools.gnu-tools-for-stm32.10.3-2021.10.win32_1.0.0.202111181127/tools/bin/../lib/gcc/arm-none-eabi/10.3.1/thumb/v7e-m+fp/hard\libgcc.a(_aeabi_uldivmod.o)
                              ./Drivers/STM32F4xx_HAL_Driver/stm32f4xx_hal_rcc.o (__aeabi_uldivmod)
c:/st/stm32cubeide_1.9.0/stm32cubeide/plugins/com.st.stm32cube.ide.mcu.externaltools.gnu-tools-for-stm32.10.3-2021.10.win32_1.0.0.202111181127/tools/bin/../lib/gcc/arm-none-eabi/10.3.1/thumb/v7e-m+fp/hard\libgcc.a(_udivmoddi4.o)
                              c:/st/stm32cubeide_1.9.0/stm32cubeide/plugins/com.st.stm32cube.ide.mcu.externaltools.gnu-tools-for-stm32.10.3-2021.10.win32_1.0.0.202111181127/tools/bin/../lib/gcc/arm-none-eabi/10.3.1/thumb/v7e-m+fp/hard\libgcc.a(_aeabi_ldivmod.o) (__udivmoddi4)
c:/st/stm32cubeide_1.9.0/stm32cubeide/plugins/com.st.stm32cube.ide.mcu.externaltools.gnu-tools-for-stm32.10.3-2021.10.win32_1.0.0.202111181127/tools/bin/../lib/gcc/arm-none-eabi/10.3.1/thumb/v7e-m+fp/hard\libgcc.a(_dvmd_tls.o)
                              c:/st/stm32cubeide_1.9.0/stm32cubeide/plugins/com.st.stm32cube.ide.mcu.externaltools.gnu-tools-for-stm32.10.3-2021.10.win32_1.0.0.202111181127/tools/bin/../lib/gcc/arm-none-eabi/10.3.1/thumb/v7e-m+fp/hard\libgcc.a(_aeabi_ldivmod.o) (__aeabi_ldiv0)
c:/st/stm32cubeide_1.9.0/stm32cubeide/plugins/com.st.stm32cube.ide.mcu.externaltools.gnu-tools-for-stm32.10.3-2021.10.win32_1.0.0.202111181127/tools/bin/../lib/gcc/arm-none-eabi/10.3.1/../../../../arm-none-eabi/lib/thumb/v7e-m+fp/hard\libnosys.a(_exit.o)
                              c:/st/stm32cubeide_1.9.0/stm32cubeide/plugins/com.st.stm32cube.ide.mcu.externaltools.gnu-tools-for-stm32.10.3-2021.10.win32_1.0.0.202111181127/tools/bin/../lib/gcc/arm-none-eabi/10.3.1/../../../../arm-none-eabi/lib/thumb/v7e-m+fp/hard\libc_nano.a(lib_a-exit.o) (_exit)

Discarded input sections

 .text          0x0000000000000000        0x0 c:/st/stm32cubeide_1.9.0/stm32cubeide/plugins/com.st.stm32cube.ide.mcu.externaltools.gnu-tools-for-stm32.10.3-2021.10.win32_1.0.0.202111181127/tools/bin/../lib/gcc/arm-none-eabi/10.3.1/thumb/v7e-m+fp/hard/crti.o
[...]
Memory Configuration

Name             Origin             Length             Attributes
RAM              0x0000000020000000 0x0000000000020000 xrw
CCMRAM           0x0000000010000000 0x0000000000010000 rw
FLASH            0x0000000008000000 0x0000000000100000 xr
*default*        0x0000000000000000 0xffffffffffffffff

Linker script and memory map

LOAD c:/st/stm32cubeide_1.9.0/stm32cubeide/plugins/com.st.stm32cube.ide.mcu.externaltools.gnu-tools-for-stm32.10.3-2021.10.win32_1.0.0.202111181127/tools/bin/../lib/gcc/arm-none-eabi/10.3.1/thumb/v7e-m+fp/hard/crti.o
LOAD c:/st/stm32cubeide_1.9.0/stm32cubeide/plugins/com.st.stm32cube.ide.mcu.externaltools.gnu-tools-for-stm32.10.3-2021.10.win32_1.0.0.202111181127/tools/bin/../lib/gcc/arm-none-eabi/10.3.1/thumb/v7e-m+fp/hard/crtbegin.o
LOAD c:/st/stm32cubeide_1.9.0/stm32cubeide/plugins/com.st.stm32cube.ide.mcu.externaltools.gnu-tools-for-stm32.10.3-2021.10.win32_1.0.0.202111181127/tools/bin/../lib/gcc/arm-none-eabi/10.3.1/../../../../arm-none-eabi/lib/thumb/v7e-m+fp/hard/crt0.o
LOAD ./Application/SW4STM32/startup_stm32f407xx.o
LOAD ./Application/User/main.o
LOAD ./Application/User/stm32f4xx_it.o
LOAD ./Drivers/BSP/Components/stmpe811.o
LOAD ./Drivers/BSP/STM324xG_EVAL/stm324xg_eval.o
LOAD ./Drivers/BSP/STM324xG_EVAL/stm324xg_eval_io.o
LOAD ./Drivers/BSP/STM324xG_EVAL/stm324xg_eval_sd.o
LOAD ./Drivers/CMSIS/system_stm32f4xx.o
LOAD ./Drivers/STM32F4xx_HAL_Driver/stm32f4xx_hal.o
LOAD ./Drivers/STM32F4xx_HAL_Driver/stm32f4xx_hal_cortex.o
LOAD ./Drivers/STM32F4xx_HAL_Driver/stm32f4xx_hal_crc.o
LOAD ./Drivers/STM32F4xx_HAL_Driver/stm32f4xx_hal_dma.o
LOAD ./Drivers/STM32F4xx_HAL_Driver/stm32f4xx_hal_flash.o
LOAD ./Drivers/STM32F4xx_HAL_Driver/stm32f4xx_hal_flash_ex.o
LOAD ./Drivers/STM32F4xx_HAL_Driver/stm32f4xx_hal_gpio.o
LOAD ./Drivers/STM32F4xx_HAL_Driver/stm32f4xx_hal_i2c.o
LOAD ./Drivers/STM32F4xx_HAL_Driver/stm32f4xx_hal_pwr.o
LOAD ./Drivers/STM32F4xx_HAL_Driver/stm32f4xx_hal_rcc.o
LOAD ./Drivers/STM32F4xx_HAL_Driver/stm32f4xx_hal_sd.o
LOAD ./Drivers/STM32F4xx_HAL_Driver/stm32f4xx_hal_sram.o
LOAD ./Drivers/STM32F4xx_HAL_Driver/stm32f4xx_hal_uart.o
LOAD ./Drivers/STM32F4xx_HAL_Driver/stm32f4xx_hal_usart.o
LOAD ./Drivers/STM32F4xx_HAL_Driver/stm32f4xx_ll_fsmc.o
LOAD ./Drivers/STM32F4xx_HAL_Driver/stm32f4xx_ll_sdmmc.o
LOAD ./Middlewares/FatFs/Core/diskio.o
LOAD ./Middlewares/FatFs/Core/ff.o
LOAD ./Middlewares/FatFs/Core/ff_gen_drv.o
LOAD ./Middlewares/FatFs/Drivers/sd_diskio.o
LOAD ./Middlewares/FatFs/Options/syscall.o
LOAD ./Middlewares/FatFs/Options/unicode.o
START GROUP
LOAD c:/st/stm32cubeide_1.9.0/stm32cubeide/plugins/com.st.stm32cube.ide.mcu.externaltools.gnu-tools-for-stm32.10.3-2021.10.win32_1.0.0.202111181127/tools/bin/../lib/gcc/arm-none-eabi/10.3.1/../../../../arm-none-eabi/lib/thumb/v7e-m+fp/hard\libc_nano.a
LOAD c:/st/stm32cubeide_1.9.0/stm32cubeide/plugins/com.st.stm32cube.ide.mcu.externaltools.gnu-tools-for-stm32.10.3-2021.10.win32_1.0.0.202111181127/tools/bin/../lib/gcc/arm-none-eabi/10.3.1/../../../../arm-none-eabi/lib/thumb/v7e-m+fp/hard\libm.a
END GROUP
START GROUP
LOAD c:/st/stm32cubeide_1.9.0/stm32cubeide/plugins/com.st.stm32cube.ide.mcu.externaltools.gnu-tools-for-stm32.10.3-2021.10.win32_1.0.0.202111181127/tools/bin/../lib/gcc/arm-none-eabi/10.3.1/thumb/v7e-m+fp/hard\libgcc.a
LOAD c:/st/stm32cubeide_1.9.0/stm32cubeide/plugins/com.st.stm32cube.ide.mcu.externaltools.gnu-tools-for-stm32.10.3-2021.10.win32_1.0.0.202111181127/tools/bin/../lib/gcc/arm-none-eabi/10.3.1/../../../../arm-none-eabi/lib/thumb/v7e-m+fp/hard\libc_nano.a
END GROUP
START GROUP
LOAD c:/st/stm32cubeide_1.9.0/stm32cubeide/plugins/com.st.stm32cube.ide.mcu.externaltools.gnu-tools-for-stm32.10.3-2021.10.win32_1.0.0.202111181127/tools/bin/../lib/gcc/arm-none-eabi/10.3.1/thumb/v7e-m+fp/hard\libgcc.a
LOAD c:/st/stm32cubeide_1.9.0/stm32cubeide/plugins/com.st.stm32cube.ide.mcu.externaltools.gnu-tools-for-stm32.10.3-2021.10.win32_1.0.0.202111181127/tools/bin/../lib/gcc/arm-none-eabi/10.3.1/../../../../arm-none-eabi/lib/thumb/v7e-m+fp/hard\libc_nano.a
LOAD c:/st/stm32cubeide_1.9.0/stm32cubeide/plugins/com.st.stm32cube.ide.mcu.externaltools.gnu-tools-for-stm32.10.3-2021.10.win32_1.0.0.202111181127/tools/bin/../lib/gcc/arm-none-eabi/10.3.1/../../../../arm-none-eabi/lib/thumb/v7e-m+fp/hard\libnosys.a
END GROUP
START GROUP
LOAD c:/st/stm32cubeide_1.9.0/stm32cubeide/plugins/com.st.stm32cube.ide.mcu.externaltools.gnu-tools-for-stm32.10.3-2021.10.win32_1.0.0.202111181127/tools/bin/../lib/gcc/arm-none-eabi/10.3.1/thumb/v7e-m+fp/hard\libgcc.a
LOAD c:/st/stm32cubeide_1.9.0/stm32cubeide/plugins/com.st.stm32cube.ide.mcu.externaltools.gnu-tools-for-stm32.10.3-2021.10.win32_1.0.0.202111181127/tools/bin/../lib/gcc/arm-none-eabi/10.3.1/../../../../arm-none-eabi/lib/thumb/v7e-m+fp/hard\libc_nano.a
LOAD c:/st/stm32cubeide_1.9.0/stm32cubeide/plugins/com.st.stm32cube.ide.mcu.externaltools.gnu-tools-for-stm32.10.3-2021.10.win32_1.0.0.202111181127/tools/bin/../lib/gcc/arm-none-eabi/10.3.1/../../../../arm-none-eabi/lib/thumb/v7e-m+fp/hard\libnosys.a
END GROUP
LOAD c:/st/stm32cubeide_1.9.0/stm32cubeide/plugins/com.st.stm32cube.ide.mcu.externaltools.gnu-tools-for-stm32.10.3-2021.10.win32_1.0.0.202111181127/tools/bin/../lib/gcc/arm-none-eabi/10.3.1/thumb/v7e-m+fp/hard/crtend.o
LOAD c:/st/stm32cubeide_1.9.0/stm32cubeide/plugins/com.st.stm32cube.ide.mcu.externaltools.gnu-tools-for-stm32.10.3-2021.10.win32_1.0.0.202111181127/tools/bin/../lib/gcc/arm-none-eabi/10.3.1/thumb/v7e-m+fp/hard/crtn.o
                0x0000000020020000                _estack = 0x20020000
                0x0000000000000200                _Min_Heap_Size = 0x200
                0x0000000000000800                _Min_Stack_Size = 0x800

.isr_vector     0x0000000008000000      0x188
                0x0000000008000000                . = ALIGN (0x4)
 *(.isr_vector)
 .isr_vector    0x0000000008000000      0x188 ./Application/SW4STM32/startup_stm32f407xx.o
                0x0000000008000000                g_pfnVectors
                0x0000000008000188                . = ALIGN (0x4)

.text           0x0000000008000188     0x3d58
                0x0000000008000188                . = ALIGN (0x4)
 *(.text)
 .text          0x0000000008000188       0x40 c:/st/stm32cubeide_1.9.0/stm32cubeide/plugins/com.st.stm32cube.ide.mcu.externaltools.gnu-tools-for-stm32.10.3-2021.10.win32_1.0.0.202111181127/tools/bin/../lib/gcc/arm-none-eabi/10.3.1/thumb/v7e-m+fp/hard/crtbegin.o
 .text          0x00000000080001c8       0x30 c:/st/stm32cubeide_1.9.0/stm32cubeide/plugins/com.st.stm32cube.ide.mcu.externaltools.gnu-tools-for-stm32.10.3-2021.10.win32_1.0.0.202111181127/tools/bin/../lib/gcc/arm-none-eabi/10.3.1/thumb/v7e-m+fp/hard\libgcc.a(_aeabi_uldivmod.o)
                0x00000000080001c8                __aeabi_uldivmod
 .text          0x00000000080001f8      0x2d0 c:/st/stm32cubeide_1.9.0/stm32cubeide/plugins/com.st.stm32cube.ide.mcu.externaltools.gnu-tools-for-stm32.10.3-2021.10.win32_1.0.0.202111181127/tools/bin/../lib/gcc/arm-none-eabi/10.3.1/thumb/v7e-m+fp/hard\libgcc.a(_udivmoddi4.o)
                0x00000000080001f8                __udivmoddi4
 .text          0x00000000080004c8        0x4 c:/st/stm32cubeide_1.9.0/stm32cubeide/plugins/com.st.stm32cube.ide.mcu.externaltools.gnu-tools-for-stm32.10.3-2021.10.win32_1.0.0.202111181127/tools/bin/../lib/gcc/arm-none-eabi/10.3.1/thumb/v7e-m+fp/hard\libgcc.a(_dvmd_tls.o)
                0x00000000080004c8                __aeabi_idiv0
                0x00000000080004c8                __aeabi_ldiv0
 *(.text*)
 .text.Reset_Handler
                0x00000000080004cc       0x50 ./Application/SW4STM32/startup_stm32f407xx.o
                0x00000000080004cc                Reset_Handler
 .text.Default_Handler
                0x000000000800051c        0x2 ./Application/SW4STM32/startup_stm32f407xx.o
                0x000000000800051c                RTC_Alarm_IRQHandler
                0x000000000800051c                HASH_RNG_IRQHandler
                0x000000000800051c                EXTI2_IRQHandler
                0x000000000800051c                TIM8_CC_IRQHandler
                0x000000000800051c                TIM1_CC_IRQHandler
                0x000000000800051c                DMA2_Stream5_IRQHandler
                0x000000000800051c                DMA1_Stream5_IRQHandler
                0x000000000800051c                PVD_IRQHandler
                0x000000000800051c                TAMP_STAMP_IRQHandler
                0x000000000800051c                CAN2_RX1_IRQHandler
                0x000000000800051c                EXTI3_IRQHandler
                0x000000000800051c                TIM8_TRG_COM_TIM14_IRQHandler
                0x000000000800051c                TIM1_UP_TIM10_IRQHandler
                0x000000000800051c                TIM8_UP_TIM13_IRQHandler
                0x000000000800051c                I2C3_ER_IRQHandler
                0x000000000800051c                EXTI0_IRQHandler
                0x000000000800051c                I2C2_EV_IRQHandler
                0x000000000800051c                DMA1_Stream2_IRQHandler
                0x000000000800051c                CAN1_RX0_IRQHandler
                0x000000000800051c                FPU_IRQHandler
                0x000000000800051c                OTG_HS_WKUP_IRQHandler
                0x000000000800051c                CAN2_SCE_IRQHandler
                0x000000000800051c                DMA2_Stream2_IRQHandler
                0x000000000800051c                SPI1_IRQHandler
                0x000000000800051c                TIM6_DAC_IRQHandler
                0x000000000800051c                TIM1_BRK_TIM9_IRQHandler
                0x000000000800051c                DCMI_IRQHandler
                0x000000000800051c                CAN2_RX0_IRQHandler
                0x000000000800051c                USART6_IRQHandler
                0x000000000800051c                USART3_IRQHandler
                0x000000000800051c                CAN1_RX1_IRQHandler
                0x000000000800051c                UART5_IRQHandler
                0x000000000800051c                DMA2_Stream0_IRQHandler
                0x000000000800051c                TIM4_IRQHandler
                0x000000000800051c                I2C1_EV_IRQHandler
                0x000000000800051c                DMA1_Stream6_IRQHandler
                0x000000000800051c                DMA1_Stream1_IRQHandler
                0x000000000800051c                UART4_IRQHandler
                0x000000000800051c                TIM3_IRQHandler
                0x000000000800051c                RCC_IRQHandler
                0x000000000800051c                TIM8_BRK_TIM12_IRQHandler
                0x000000000800051c                Default_Handler
                0x000000000800051c                EXTI15_10_IRQHandler
                0x000000000800051c                ADC_IRQHandler
                0x000000000800051c                DMA1_Stream7_IRQHandler
                0x000000000800051c                TIM7_IRQHandler
                0x000000000800051c                CAN2_TX_IRQHandler
                0x000000000800051c                TIM5_IRQHandler
                0x000000000800051c                DMA2_Stream7_IRQHandler
                0x000000000800051c                I2C3_EV_IRQHandler
                0x000000000800051c                EXTI9_5_IRQHandler
                0x000000000800051c                RTC_WKUP_IRQHandler
                0x000000000800051c                ETH_WKUP_IRQHandler
                0x000000000800051c                SPI2_IRQHandler
                0x000000000800051c                OTG_HS_EP1_IN_IRQHandler
                0x000000000800051c                DMA1_Stream0_IRQHandler
                0x000000000800051c                CAN1_TX_IRQHandler
                0x000000000800051c                EXTI4_IRQHandler
                0x000000000800051c                FSMC_IRQHandler
                0x000000000800051c                ETH_IRQHandler
                0x000000000800051c                OTG_HS_EP1_OUT_IRQHandler
                0x000000000800051c                WWDG_IRQHandler
                0x000000000800051c                TIM2_IRQHandler
                0x000000000800051c                OTG_FS_WKUP_IRQHandler
                0x000000000800051c                TIM1_TRG_COM_TIM11_IRQHandler
                0x000000000800051c                OTG_HS_IRQHandler
                0x000000000800051c                EXTI1_IRQHandler
                0x000000000800051c                USART2_IRQHandler
                0x000000000800051c                I2C2_ER_IRQHandler
                0x000000000800051c                DMA2_Stream1_IRQHandler
                0x000000000800051c                CAN1_SCE_IRQHandler
                0x000000000800051c                FLASH_IRQHandler
                0x000000000800051c                DMA2_Stream4_IRQHandler
                0x000000000800051c                USART1_IRQHandler
                0x000000000800051c                OTG_FS_IRQHandler
                0x000000000800051c                SPI3_IRQHandler
                0x000000000800051c                DMA1_Stream4_IRQHandler
                0x000000000800051c                I2C1_ER_IRQHandler
                0x000000000800051c                DMA1_Stream3_IRQHandler
 .text.Error_Handler
                0x000000000800051e        0xa ./Application/User/main.o
 .text.HAL_UART_MspInit
                0x0000000008000528       0x7c ./Application/User/main.o
                0x0000000008000528                HAL_UART_MspInit
 .text.startup.main
                0x00000000080005a4      0x2e0 ./Application/User/main.o
                0x00000000080005a4                main
 .text.NMI_Handler
                0x0000000008000884        0x2 ./Application/User/stm32f4xx_it.o
                0x0000000008000884                NMI_Handler
 .text.HardFault_Handler
                0x0000000008000886        0x2 ./Application/User/stm32f4xx_it.o
                0x0000000008000886                HardFault_Handler
 .text.MemManage_Handler
                0x0000000008000888        0x2 ./Application/User/stm32f4xx_it.o
                0x0000000008000888                MemManage_Handler
 .text.BusFault_Handler
                0x000000000800088a        0x2 ./Application/User/stm32f4xx_it.o
                0x000000000800088a                BusFault_Handler
 .text.UsageFault_Handler
                0x000000000800088c        0x2 ./Application/User/stm32f4xx_it.o
                0x000000000800088c                UsageFault_Handler
 .text.SVC_Handler
                0x000000000800088e        0x2 ./Application/User/stm32f4xx_it.o
                0x000000000800088e                SVC_Handler
 .text.DebugMon_Handler
                0x0000000008000890        0x2 ./Application/User/stm32f4xx_it.o
                0x0000000008000890                DebugMon_Handler
 .text.PendSV_Handler
                0x0000000008000892        0x2 ./Application/User/stm32f4xx_it.o
                0x0000000008000892                PendSV_Handler
 .text.SysTick_Handler
                0x0000000008000894        0x4 ./Application/User/stm32f4xx_it.o
                0x0000000008000894                SysTick_Handler
 .text.DMA2_Stream3_IRQHandler
                0x0000000008000898        0xc ./Application/User/stm32f4xx_it.o
                0x0000000008000898                DMA2_Stream3_IRQHandler
 .text.DMA2_Stream6_IRQHandler
                0x00000000080008a4        0xc ./Application/User/stm32f4xx_it.o
                0x00000000080008a4                DMA2_Stream6_IRQHandler
 .text.SDIO_IRQHandler
                0x00000000080008b0        0xc ./Application/User/stm32f4xx_it.o
                0x00000000080008b0                SDIO_IRQHandler
 .text.BSP_LED_On
                0x00000000080008bc       0x1c ./Drivers/BSP/STM324xG_EVAL/stm324xg_eval.o
                0x00000000080008bc                BSP_LED_On
 .text.BSP_SD_ReadBlocks
                0x00000000080008d8       0x20 ./Drivers/BSP/STM324xG_EVAL/stm324xg_eval_sd.o
                0x00000000080008d8                BSP_SD_ReadBlocks
 .text.BSP_SD_WriteBlocks
                0x00000000080008f8       0x20 ./Drivers/BSP/STM324xG_EVAL/stm324xg_eval_sd.o
                0x00000000080008f8                BSP_SD_WriteBlocks
 .text.BSP_SD_MspInit
                0x0000000008000918      0x1b0 ./Drivers/BSP/STM324xG_EVAL/stm324xg_eval_sd.o
                0x0000000008000918                BSP_SD_MspInit
 .text.BSP_SD_Init
                0x0000000008000ac8       0x54 ./Drivers/BSP/STM324xG_EVAL/stm324xg_eval_sd.o
                0x0000000008000ac8                BSP_SD_Init
 .text.BSP_SD_GetCardState
                0x0000000008000b1c       0x14 ./Drivers/BSP/STM324xG_EVAL/stm324xg_eval_sd.o
                0x0000000008000b1c                BSP_SD_GetCardState
 .text.BSP_SD_GetCardInfo
                0x0000000008000b30        0xc ./Drivers/BSP/STM324xG_EVAL/stm324xg_eval_sd.o
                0x0000000008000b30                BSP_SD_GetCardInfo
 .text.BSP_SD_AbortCallback
                0x0000000008000b3c        0x2 ./Drivers/BSP/STM324xG_EVAL/stm324xg_eval_sd.o
                0x0000000008000b3c                BSP_SD_AbortCallback
 .text.HAL_SD_AbortCallback
                0x0000000008000b3e        0x8 ./Drivers/BSP/STM324xG_EVAL/stm324xg_eval_sd.o
                0x0000000008000b3e                HAL_SD_AbortCallback
 .text.BSP_SD_WriteCpltCallback
                0x0000000008000b46        0x2 ./Drivers/BSP/STM324xG_EVAL/stm324xg_eval_sd.o
                0x0000000008000b46                BSP_SD_WriteCpltCallback
 .text.HAL_SD_TxCpltCallback
                0x0000000008000b48        0x8 ./Drivers/BSP/STM324xG_EVAL/stm324xg_eval_sd.o
                0x0000000008000b48                HAL_SD_TxCpltCallback
 .text.BSP_SD_ReadCpltCallback
                0x0000000008000b50        0x2 ./Drivers/BSP/STM324xG_EVAL/stm324xg_eval_sd.o
                0x0000000008000b50                BSP_SD_ReadCpltCallback
 .text.HAL_SD_RxCpltCallback
                0x0000000008000b52        0x8 ./Drivers/BSP/STM324xG_EVAL/stm324xg_eval_sd.o
                0x0000000008000b52                HAL_SD_RxCpltCallback
 *fill*         0x0000000008000b5a        0x2 
 .text.SystemInit
                0x0000000008000b5c       0x4c ./Drivers/CMSIS/system_stm32f4xx.o
                0x0000000008000b5c                SystemInit
 .text.HAL_MspInit
                0x0000000008000ba8        0x2 ./Drivers/STM32F4xx_HAL_Driver/stm32f4xx_hal.o
                0x0000000008000ba8                HAL_MspInit
 *fill*         0x0000000008000baa        0x2 
 .text.HAL_InitTick
                0x0000000008000bac       0x44 ./Drivers/STM32F4xx_HAL_Driver/stm32f4xx_hal.o
                0x0000000008000bac                HAL_InitTick
 .text.HAL_Init
                0x0000000008000bf0       0x2c ./Drivers/STM32F4xx_HAL_Driver/stm32f4xx_hal.o
                0x0000000008000bf0                HAL_Init
 .text.HAL_IncTick
                0x0000000008000c1c       0x18 ./Drivers/STM32F4xx_HAL_Driver/stm32f4xx_hal.o
                0x0000000008000c1c                HAL_IncTick
 .text.HAL_GetTick
                0x0000000008000c34        0xc ./Drivers/STM32F4xx_HAL_Driver/stm32f4xx_hal.o
                0x0000000008000c34                HAL_GetTick
 .text.HAL_Delay
                0x0000000008000c40       0x28 ./Drivers/STM32F4xx_HAL_Driver/stm32f4xx_hal.o
                0x0000000008000c40                HAL_Delay
 .text.HAL_GetREVID
                0x0000000008000c68        0xc ./Drivers/STM32F4xx_HAL_Driver/stm32f4xx_hal.o
                0x0000000008000c68                HAL_GetREVID
 .text.HAL_NVIC_SetPriorityGrouping
                0x0000000008000c74       0x24 ./Drivers/STM32F4xx_HAL_Driver/stm32f4xx_hal_cortex.o
                0x0000000008000c74                HAL_NVIC_SetPriorityGrouping
 .text.HAL_NVIC_SetPriority
                0x0000000008000c98       0x64 ./Drivers/STM32F4xx_HAL_Driver/stm32f4xx_hal_cortex.o
                0x0000000008000c98                HAL_NVIC_SetPriority
 .text.HAL_NVIC_EnableIRQ
                0x0000000008000cfc       0x1c ./Drivers/STM32F4xx_HAL_Driver/stm32f4xx_hal_cortex.o
                0x0000000008000cfc                HAL_NVIC_EnableIRQ
 .text.HAL_SYSTICK_Config
                0x0000000008000d18       0x28 ./Drivers/STM32F4xx_HAL_Driver/stm32f4xx_hal_cortex.o
                0x0000000008000d18                HAL_SYSTICK_Config
 .text.DMA_CalcBaseAndBitshift
                0x0000000008000d40       0x2c ./Drivers/STM32F4xx_HAL_Driver/stm32f4xx_hal_dma.o
 .text.HAL_DMA_Init
                0x0000000008000d6c      0x100 ./Drivers/STM32F4xx_HAL_Driver/stm32f4xx_hal_dma.o
                0x0000000008000d6c                HAL_DMA_Init
 .text.HAL_DMA_DeInit
                0x0000000008000e6c       0x54 ./Drivers/STM32F4xx_HAL_Driver/stm32f4xx_hal_dma.o
                0x0000000008000e6c                HAL_DMA_DeInit
 .text.HAL_DMA_Abort_IT
                0x0000000008000ec0       0x24 ./Drivers/STM32F4xx_HAL_Driver/stm32f4xx_hal_dma.o
                0x0000000008000ec0                HAL_DMA_Abort_IT
 .text.HAL_DMA_IRQHandler
                0x0000000008000ee4      0x17c ./Drivers/STM32F4xx_HAL_Driver/stm32f4xx_hal_dma.o
                0x0000000008000ee4                HAL_DMA_IRQHandler
 .text.HAL_GPIO_Init
                0x0000000008001060      0x1b4 ./Drivers/STM32F4xx_HAL_Driver/stm32f4xx_hal_gpio.o
                0x0000000008001060                HAL_GPIO_Init
 .text.HAL_GPIO_WritePin
                0x0000000008001214        0xa ./Drivers/STM32F4xx_HAL_Driver/stm32f4xx_hal_gpio.o
                0x0000000008001214                HAL_GPIO_WritePin
 *fill*         0x000000000800121e        0x2 
 .text.HAL_RCC_OscConfig
                0x0000000008001220      0x360 ./Drivers/STM32F4xx_HAL_Driver/stm32f4xx_hal_rcc.o
                0x0000000008001220                HAL_RCC_OscConfig
 .text.HAL_RCC_GetSysClockFreq
                0x0000000008001580       0x5c ./Drivers/STM32F4xx_HAL_Driver/stm32f4xx_hal_rcc.o
                0x0000000008001580                HAL_RCC_GetSysClockFreq
 .text.HAL_RCC_ClockConfig
                0x00000000080015dc      0x138 ./Drivers/STM32F4xx_HAL_Driver/stm32f4xx_hal_rcc.o
                0x00000000080015dc                HAL_RCC_ClockConfig
 .text.HAL_RCC_GetPCLK1Freq
                0x0000000008001714       0x20 ./Drivers/STM32F4xx_HAL_Driver/stm32f4xx_hal_rcc.o
                0x0000000008001714                HAL_RCC_GetPCLK1Freq
 .text.HAL_RCC_GetPCLK2Freq
                0x0000000008001734       0x20 ./Drivers/STM32F4xx_HAL_Driver/stm32f4xx_hal_rcc.o
                0x0000000008001734                HAL_RCC_GetPCLK2Freq
 .text.SD_FindSCR
                0x0000000008001754       0xcc ./Drivers/STM32F4xx_HAL_Driver/stm32f4xx_hal_sd.o
 .text.HAL_SD_MspInit
                0x0000000008001820        0x2 ./Drivers/STM32F4xx_HAL_Driver/stm32f4xx_hal_sd.o
                0x0000000008001820                HAL_SD_MspInit
 *fill*         0x0000000008001822        0x2 
 .text.HAL_SD_ReadBlocks
                0x0000000008001824      0x208 ./Drivers/STM32F4xx_HAL_Driver/stm32f4xx_hal_sd.o
                0x0000000008001824                HAL_SD_ReadBlocks
 .text.HAL_SD_WriteBlocks
                0x0000000008001a2c      0x1a0 ./Drivers/STM32F4xx_HAL_Driver/stm32f4xx_hal_sd.o
                0x0000000008001a2c                HAL_SD_WriteBlocks
 .text.HAL_SD_ErrorCallback
                0x0000000008001bcc        0x2 ./Drivers/STM32F4xx_HAL_Driver/stm32f4xx_hal_sd.o
                0x0000000008001bcc                HAL_SD_ErrorCallback
 *fill*         0x0000000008001bce        0x2 
 .text.HAL_SD_GetCardCSD
                0x0000000008001bd0      0x16c ./Drivers/STM32F4xx_HAL_Driver/stm32f4xx_hal_sd.o
                0x0000000008001bd0                HAL_SD_GetCardCSD
 .text.HAL_SD_InitCard
                0x0000000008001d3c      0x204 ./Drivers/STM32F4xx_HAL_Driver/stm32f4xx_hal_sd.o
                0x0000000008001d3c                HAL_SD_InitCard
 .text.HAL_SD_Init
                0x0000000008001f40       0x36 ./Drivers/STM32F4xx_HAL_Driver/stm32f4xx_hal_sd.o
                0x0000000008001f40                HAL_SD_Init
 .text.HAL_SD_GetCardInfo
                0x0000000008001f76       0x24 ./Drivers/STM32F4xx_HAL_Driver/stm32f4xx_hal_sd.o
                0x0000000008001f76                HAL_SD_GetCardInfo
 *fill*         0x0000000008001f9a        0x2 
 .text.HAL_SD_ConfigWideBusOperation
                0x0000000008001f9c      0x114 ./Drivers/STM32F4xx_HAL_Driver/stm32f4xx_hal_sd.o
                0x0000000008001f9c                HAL_SD_ConfigWideBusOperation
 .text.HAL_SD_GetCardState
                0x00000000080020b0       0x28 ./Drivers/STM32F4xx_HAL_Driver/stm32f4xx_hal_sd.o
                0x00000000080020b0                HAL_SD_GetCardState
 .text.SD_DMATxAbort
                0x00000000080020d8       0x42 ./Drivers/STM32F4xx_HAL_Driver/stm32f4xx_hal_sd.o
 *fill*         0x000000000800211a        0x2 
 .text.HAL_SD_IRQHandler
                0x000000000800211c      0x218 ./Drivers/STM32F4xx_HAL_Driver/stm32f4xx_hal_sd.o
                0x000000000800211c                HAL_SD_IRQHandler
 .text.SD_DMARxAbort
                0x0000000008002334        0x4 ./Drivers/STM32F4xx_HAL_Driver/stm32f4xx_hal_sd.o
 .text.UART_SetConfig
                0x0000000008002338       0xbc ./Drivers/STM32F4xx_HAL_Driver/stm32f4xx_hal_uart.o
 .text.UART_WaitOnFlagUntilTimeout.constprop.0
                0x00000000080023f4       0x6c ./Drivers/STM32F4xx_HAL_Driver/stm32f4xx_hal_uart.o
 .text.HAL_UART_Init
                0x0000000008002460       0x5c ./Drivers/STM32F4xx_HAL_Driver/stm32f4xx_hal_uart.o
                0x0000000008002460                HAL_UART_Init
 .text.HAL_UART_Transmit
                0x00000000080024bc       0xaa ./Drivers/STM32F4xx_HAL_Driver/stm32f4xx_hal_uart.o
                0x00000000080024bc                HAL_UART_Transmit
 .text.SDIO_Init
                0x0000000008002566       0x38 ./Drivers/STM32F4xx_HAL_Driver/stm32f4xx_ll_sdmmc.o
                0x0000000008002566                SDIO_Init
 .text.SDIO_ReadFIFO
                0x000000000800259e        0x6 ./Drivers/STM32F4xx_HAL_Driver/stm32f4xx_ll_sdmmc.o
                0x000000000800259e                SDIO_ReadFIFO
 .text.SDIO_WriteFIFO
                0x00000000080025a4        0xa ./Drivers/STM32F4xx_HAL_Driver/stm32f4xx_ll_sdmmc.o
                0x00000000080025a4                SDIO_WriteFIFO
 .text.SDIO_PowerState_ON
                0x00000000080025ae        0x8 ./Drivers/STM32F4xx_HAL_Driver/stm32f4xx_ll_sdmmc.o
                0x00000000080025ae                SDIO_PowerState_ON
 .text.SDIO_GetPowerState
                0x00000000080025b6        0x8 ./Drivers/STM32F4xx_HAL_Driver/stm32f4xx_ll_sdmmc.o
                0x00000000080025b6                SDIO_GetPowerState
 .text.SDIO_SendCommand
                0x00000000080025be       0x26 ./Drivers/STM32F4xx_HAL_Driver/stm32f4xx_ll_sdmmc.o
                0x00000000080025be                SDIO_SendCommand
 .text.SDIO_GetResponse
                0x00000000080025e4        0x6 ./Drivers/STM32F4xx_HAL_Driver/stm32f4xx_ll_sdmmc.o
                0x00000000080025e4                SDIO_GetResponse
 .text.SDIO_ConfigData
                0x00000000080025ea       0x26 ./Drivers/STM32F4xx_HAL_Driver/stm32f4xx_ll_sdmmc.o
                0x00000000080025ea                SDIO_ConfigData
 .text.SDMMC_CmdGoIdleState
                0x0000000008002610       0x4c ./Drivers/STM32F4xx_HAL_Driver/stm32f4xx_ll_sdmmc.o
                0x0000000008002610                SDMMC_CmdGoIdleState
 .text.SDMMC_GetCmdResp1
                0x000000000800265c      0x120 ./Drivers/STM32F4xx_HAL_Driver/stm32f4xx_ll_sdmmc.o
                0x000000000800265c                SDMMC_GetCmdResp1
 .text.SDMMC_CmdBlockLength
                0x000000000800277c       0x30 ./Drivers/STM32F4xx_HAL_Driver/stm32f4xx_ll_sdmmc.o
                0x000000000800277c                SDMMC_CmdBlockLength
 .text.SDMMC_CmdReadSingleBlock
                0x00000000080027ac       0x30 ./Drivers/STM32F4xx_HAL_Driver/stm32f4xx_ll_sdmmc.o
                0x00000000080027ac                SDMMC_CmdReadSingleBlock
 .text.SDMMC_CmdReadMultiBlock
                0x00000000080027dc       0x30 ./Drivers/STM32F4xx_HAL_Driver/stm32f4xx_ll_sdmmc.o
                0x00000000080027dc                SDMMC_CmdReadMultiBlock
 .text.SDMMC_CmdWriteSingleBlock
                0x000000000800280c       0x30 ./Drivers/STM32F4xx_HAL_Driver/stm32f4xx_ll_sdmmc.o
                0x000000000800280c                SDMMC_CmdWriteSingleBlock
 .text.SDMMC_CmdWriteMultiBlock
                0x000000000800283c       0x30 ./Drivers/STM32F4xx_HAL_Driver/stm32f4xx_ll_sdmmc.o
                0x000000000800283c                SDMMC_CmdWriteMultiBlock
 .text.SDMMC_CmdStopTransfer
                0x000000000800286c       0x34 ./Drivers/STM32F4xx_HAL_Driver/stm32f4xx_ll_sdmmc.o
                0x000000000800286c                SDMMC_CmdStopTransfer
 .text.SDMMC_CmdSelDesel
                0x00000000080028a0       0x30 ./Drivers/STM32F4xx_HAL_Driver/stm32f4xx_ll_sdmmc.o
                0x00000000080028a0                SDMMC_CmdSelDesel
 .text.SDMMC_CmdAppCommand
                0x00000000080028d0       0x30 ./Drivers/STM32F4xx_HAL_Driver/stm32f4xx_ll_sdmmc.o
                0x00000000080028d0                SDMMC_CmdAppCommand
 .text.SDMMC_CmdBusWidth
                0x0000000008002900       0x30 ./Drivers/STM32F4xx_HAL_Driver/stm32f4xx_ll_sdmmc.o
                0x0000000008002900                SDMMC_CmdBusWidth
 .text.SDMMC_CmdSendSCR
                0x0000000008002930       0x30 ./Drivers/STM32F4xx_HAL_Driver/stm32f4xx_ll_sdmmc.o
                0x0000000008002930                SDMMC_CmdSendSCR
 .text.SDMMC_CmdSendStatus
                0x0000000008002960       0x30 ./Drivers/STM32F4xx_HAL_Driver/stm32f4xx_ll_sdmmc.o
                0x0000000008002960                SDMMC_CmdSendStatus
 .text.SDMMC_GetCmdResp2
                0x0000000008002990       0x4c ./Drivers/STM32F4xx_HAL_Driver/stm32f4xx_ll_sdmmc.o
                0x0000000008002990                SDMMC_GetCmdResp2
 .text.SDMMC_CmdSendCID
                0x00000000080029dc       0x2a ./Drivers/STM32F4xx_HAL_Driver/stm32f4xx_ll_sdmmc.o
                0x00000000080029dc                SDMMC_CmdSendCID
 .text.SDMMC_CmdSendCSD
                0x0000000008002a06       0x2a ./Drivers/STM32F4xx_HAL_Driver/stm32f4xx_ll_sdmmc.o
                0x0000000008002a06                SDMMC_CmdSendCSD
 .text.SDMMC_GetCmdResp3
                0x0000000008002a30       0x40 ./Drivers/STM32F4xx_HAL_Driver/stm32f4xx_ll_sdmmc.o
                0x0000000008002a30                SDMMC_GetCmdResp3
 .text.SDMMC_CmdAppOperCommand
                0x0000000008002a70       0x32 ./Drivers/STM32F4xx_HAL_Driver/stm32f4xx_ll_sdmmc.o
                0x0000000008002a70                SDMMC_CmdAppOperCommand
 *fill*         0x0000000008002aa2        0x2 
 .text.SDMMC_GetCmdResp6
                0x0000000008002aa4       0x84 ./Drivers/STM32F4xx_HAL_Driver/stm32f4xx_ll_sdmmc.o
                0x0000000008002aa4                SDMMC_GetCmdResp6
 .text.SDMMC_CmdSetRelAdd
                0x0000000008002b28       0x30 ./Drivers/STM32F4xx_HAL_Driver/stm32f4xx_ll_sdmmc.o
                0x0000000008002b28                SDMMC_CmdSetRelAdd
 .text.SDMMC_GetCmdResp7
                0x0000000008002b58       0x54 ./Drivers/STM32F4xx_HAL_Driver/stm32f4xx_ll_sdmmc.o
                0x0000000008002b58                SDMMC_GetCmdResp7
 .text.SDMMC_CmdOperCond
                0x0000000008002bac       0x2e ./Drivers/STM32F4xx_HAL_Driver/stm32f4xx_ll_sdmmc.o
                0x0000000008002bac                SDMMC_CmdOperCond
 *fill*         0x0000000008002bda        0x2 
 .text.disk_status
                0x0000000008002bdc       0x14 ./Middlewares/FatFs/Core/diskio.o
                0x0000000008002bdc                disk_status
 .text.disk_initialize
                0x0000000008002bf0       0x20 ./Middlewares/FatFs/Core/diskio.o
                0x0000000008002bf0                disk_initialize
 .text.disk_read
                0x0000000008002c10       0x1c ./Middlewares/FatFs/Core/diskio.o
                0x0000000008002c10                disk_read
 .text.disk_write
                0x0000000008002c2c       0x1c ./Middlewares/FatFs/Core/diskio.o
                0x0000000008002c2c                disk_write
 .text.disk_ioctl
                0x0000000008002c48       0x1c ./Middlewares/FatFs/Core/diskio.o
                0x0000000008002c48                disk_ioctl
 .text.get_fattime
                0x0000000008002c64        0x4 ./Middlewares/FatFs/Core/diskio.o
                0x0000000008002c64                get_fattime
 .text.ld_dword
                0x0000000008002c68        0x4 ./Middlewares/FatFs/Core/ff.o
 .text.st_dword
                0x0000000008002c6c       0x10 ./Middlewares/FatFs/Core/ff.o
 .text.mem_set  0x0000000008002c7c        0xc ./Middlewares/FatFs/Core/ff.o
 .text.chk_lock
                0x0000000008002c88       0x74 ./Middlewares/FatFs/Core/ff.o
 .text.inc_lock
                0x0000000008002cfc       0x84 ./Middlewares/FatFs/Core/ff.o
 .text.dec_lock
                0x0000000008002d80       0x3c ./Middlewares/FatFs/Core/ff.o
 .text.clear_lock
                0x0000000008002dbc       0x1c ./Middlewares/FatFs/Core/ff.o
 .text.clust2sect
                0x0000000008002dd8       0x16 ./Middlewares/FatFs/Core/ff.o
 .text.clmt_clust
                0x0000000008002dee       0x22 ./Middlewares/FatFs/Core/ff.o
 .text.st_clust
                0x0000000008002e10       0x18 ./Middlewares/FatFs/Core/ff.o
 .text.get_ldnumber
                0x0000000008002e28       0x3a ./Middlewares/FatFs/Core/ff.o
 .text.validate
                0x0000000008002e62       0x34 ./Middlewares/FatFs/Core/ff.o
 .text.mem_cpy.part.0
                0x0000000008002e96       0x12 ./Middlewares/FatFs/Core/ff.o
 .text.sync_window.part.0
                0x0000000008002ea8       0x4c ./Middlewares/FatFs/Core/ff.o
 .text.sync_window
                0x0000000008002ef4        0xc ./Middlewares/FatFs/Core/ff.o
 .text.move_window
                0x0000000008002f00       0x32 ./Middlewares/FatFs/Core/ff.o
 *fill*         0x0000000008002f32        0x2 
 .text.check_fs
                0x0000000008002f34       0x74 ./Middlewares/FatFs/Core/ff.o
 .text.find_volume
                0x0000000008002fa8      0x254 ./Middlewares/FatFs/Core/ff.o
 .text.put_fat  0x00000000080031fc       0xfa ./Middlewares/FatFs/Core/ff.o
 .text.sync_fs  0x00000000080032f6       0x96 ./Middlewares/FatFs/Core/ff.o
 .text.ld_clust.isra.0
                0x000000000800338c       0x10 ./Middlewares/FatFs/Core/ff.o
 .text.get_fat.isra.0
                0x000000000800339c       0xac ./Middlewares/FatFs/Core/ff.o
 .text.dir_sdi.constprop.0
                0x0000000008003448       0x64 ./Middlewares/FatFs/Core/ff.o
 .text.remove_chain
                0x00000000080034ac       0x70 ./Middlewares/FatFs/Core/ff.o
 .text.create_chain
                0x000000000800351c       0xb0 ./Middlewares/FatFs/Core/ff.o
 .text.dir_next
                0x00000000080035cc       0xea ./Middlewares/FatFs/Core/ff.o
 *fill*         0x00000000080036b6        0x2 
 .text.follow_path
                0x00000000080036b8      0x17c ./Middlewares/FatFs/Core/ff.o
 .text.dir_register
                0x0000000008003834       0x62 ./Middlewares/FatFs/Core/ff.o
 *fill*         0x0000000008003896        0x2 
 .text.f_mount  0x0000000008003898       0x58 ./Middlewares/FatFs/Core/ff.o
                0x0000000008003898                f_mount
 .text.f_open   0x00000000080038f0      0x200 ./Middlewares/FatFs/Core/ff.o
                0x00000000080038f0                f_open
 .text.f_read   0x0000000008003af0      0x166 ./Middlewares/FatFs/Core/ff.o
                0x0000000008003af0                f_read
 .text.f_sync   0x0000000008003c56       0x92 ./Middlewares/FatFs/Core/ff.o
                0x0000000008003c56                f_sync
 .text.f_close  0x0000000008003ce8       0x22 ./Middlewares/FatFs/Core/ff.o
                0x0000000008003ce8                f_close
 *fill*         0x0000000008003d0a        0x2 
 .text.FATFS_LinkDriverEx
                0x0000000008003d0c       0x44 ./Middlewares/FatFs/Core/ff_gen_drv.o
                0x0000000008003d0c                FATFS_LinkDriverEx
 .text.FATFS_LinkDriver
                0x0000000008003d50        0x6 ./Middlewares/FatFs/Core/ff_gen_drv.o
                0x0000000008003d50                FATFS_LinkDriver
 *fill*         0x0000000008003d56        0x2 
 .text.FATFS_UnLinkDriverEx
                0x0000000008003d58       0x30 ./Middlewares/FatFs/Core/ff_gen_drv.o
                0x0000000008003d58                FATFS_UnLinkDriverEx
 .text.FATFS_UnLinkDriver
                0x0000000008003d88        0x6 ./Middlewares/FatFs/Core/ff_gen_drv.o
                0x0000000008003d88                FATFS_UnLinkDriver
 *fill*         0x0000000008003d8e        0x2 
 .text.SD_ioctl
                0x0000000008003d90       0x54 ./Middlewares/FatFs/Drivers/sd_diskio.o
                0x0000000008003d90                SD_ioctl
 .text.SD_read  0x0000000008003de4       0x20 ./Middlewares/FatFs/Drivers/sd_diskio.o
                0x0000000008003de4                SD_read
 .text.SD_status
                0x0000000008003e04       0x20 ./Middlewares/FatFs/Drivers/sd_diskio.o
                0x0000000008003e04                SD_status
 .text.SD_write
                0x0000000008003e24       0x20 ./Middlewares/FatFs/Drivers/sd_diskio.o
                0x0000000008003e24                SD_write
 .text.SD_initialize
                0x0000000008003e44       0x2c ./Middlewares/FatFs/Drivers/sd_diskio.o
                0x0000000008003e44                SD_initialize
 .text.__libc_init_array
                0x0000000008003e70       0x48 c:/st/stm32cubeide_1.9.0/stm32cubeide/plugins/com.st.stm32cube.ide.mcu.externaltools.gnu-tools-for-stm32.10.3-2021.10.win32_1.0.0.202111181127/tools/bin/../lib/gcc/arm-none-eabi/10.3.1/../../../../arm-none-eabi/lib/thumb/v7e-m+fp/hard\libc_nano.a(lib_a-init.o)
                0x0000000008003e70                __libc_init_array
 .text.memset   0x0000000008003eb8       0x10 c:/st/stm32cubeide_1.9.0/stm32cubeide/plugins/com.st.stm32cube.ide.mcu.externaltools.gnu-tools-for-stm32.10.3-2021.10.win32_1.0.0.202111181127/tools/bin/../lib/gcc/arm-none-eabi/10.3.1/../../../../arm-none-eabi/lib/thumb/v7e-m+fp/hard\libc_nano.a(lib_a-memset.o)
                0x0000000008003eb8                memset
 *(.glue_7)
 .glue_7        0x0000000008003ec8        0x0 linker stubs
 *(.glue_7t)
 .glue_7t       0x0000000008003ec8        0x0 linker stubs
 *(.eh_frame)
 .eh_frame      0x0000000008003ec8        0x0 c:/st/stm32cubeide_1.9.0/stm32cubeide/plugins/com.st.stm32cube.ide.mcu.externaltools.gnu-tools-for-stm32.10.3-2021.10.win32_1.0.0.202111181127/tools/bin/../lib/gcc/arm-none-eabi/10.3.1/thumb/v7e-m+fp/hard/crtbegin.o
 *(.init)
 .init          0x0000000008003ec8        0x4 c:/st/stm32cubeide_1.9.0/stm32cubeide/plugins/com.st.stm32cube.ide.mcu.externaltools.gnu-tools-for-stm32.10.3-2021.10.win32_1.0.0.202111181127/tools/bin/../lib/gcc/arm-none-eabi/10.3.1/thumb/v7e-m+fp/hard/crti.o
                0x0000000008003ec8                _init
 .init          0x0000000008003ecc        0x8 c:/st/stm32cubeide_1.9.0/stm32cubeide/plugins/com.st.stm32cube.ide.mcu.externaltools.gnu-tools-for-stm32.10.3-2021.10.win32_1.0.0.202111181127/tools/bin/../lib/gcc/arm-none-eabi/10.3.1/thumb/v7e-m+fp/hard/crtn.o
 *(.fini)
 .fini          0x0000000008003ed4        0x4 c:/st/stm32cubeide_1.9.0/stm32cubeide/plugins/com.st.stm32cube.ide.mcu.externaltools.gnu-tools-for-stm32.10.3-2021.10.win32_1.0.0.202111181127/tools/bin/../lib/gcc/arm-none-eabi/10.3.1/thumb/v7e-m+fp/hard/crti.o
                0x0000000008003ed4                _fini
 .fini          0x0000000008003ed8        0x8 c:/st/stm32cubeide_1.9.0/stm32cubeide/plugins/com.st.stm32cube.ide.mcu.externaltools.gnu-tools-for-stm32.10.3-2021.10.win32_1.0.0.202111181127/tools/bin/../lib/gcc/arm-none-eabi/10.3.1/thumb/v7e-m+fp/hard/crtn.o
                0x0000000008003ee0                . = ALIGN (0x4)
                0x0000000008003ee0                _etext = .

.vfp11_veneer   0x0000000008003ee0        0x0
 .vfp11_veneer  0x0000000008003ee0        0x0 linker stubs

.v4_bx          0x0000000008003ee0        0x0
 .v4_bx         0x0000000008003ee0        0x0 linker stubs

.iplt           0x0000000008003ee0        0x0
 .iplt          0x0000000008003ee0        0x0 c:/st/stm32cubeide_1.9.0/stm32cubeide/plugins/com.st.stm32cube.ide.mcu.externaltools.gnu-tools-for-stm32.10.3-2021.10.win32_1.0.0.202111181127/tools/bin/../lib/gcc/arm-none-eabi/10.3.1/thumb/v7e-m+fp/hard/crtbegin.o

.rodata         0x0000000008003ee0      0x180
                0x0000000008003ee0                . = ALIGN (0x4)
 *(.rodata)
 .rodata        0x0000000008003ee0       0x1c ./Drivers/BSP/STM324xG_EVAL/stm324xg_eval.o
                0x0000000008003ee0                GPIO_PIN
                0x0000000008003ee8                BUTTON_PIN
                0x0000000008003eee                BUTTON_IRQn
                0x0000000008003ef4                COM_RX_AF
                0x0000000008003ef6                COM_TX_AF
                0x0000000008003ef8                COM_RX_PIN
                0x0000000008003efa                COM_TX_PIN
 .rodata        0x0000000008003efc       0x18 ./Drivers/CMSIS/system_stm32f4xx.o
                0x0000000008003efc                AHBPrescTable
                0x0000000008003f0c                APBPrescTable
 .rodata        0x0000000008003f14        0x8 ./Drivers/STM32F4xx_HAL_Driver/stm32f4xx_hal_dma.o
 .rodata        0x0000000008003f1c       0x9c ./Middlewares/FatFs/Core/ff.o
 .rodata        0x0000000008003fb8       0x14 ./Middlewares/FatFs/Drivers/sd_diskio.o
                0x0000000008003fb8                SD_Driver
 *(.rodata*)
 .rodata.str1.1
                0x0000000008003fcc       0x4f ./Application/User/main.o
 .rodata.str1.1
                0x000000000800401b       0x43 ./Middlewares/FatFs/Core/ff.o
                0x0000000008004060                . = ALIGN (0x4)
 *fill*         0x000000000800405e        0x2 

.ARM.extab
 *(.ARM.extab* .gnu.linkonce.armextab.*)

.ARM            0x0000000008004060        0x8
                0x0000000008004060                __exidx_start = .
 *(.ARM.exidx*)
 .ARM.exidx     0x0000000008004060        0x8 c:/st/stm32cubeide_1.9.0/stm32cubeide/plugins/com.st.stm32cube.ide.mcu.externaltools.gnu-tools-for-stm32.10.3-2021.10.win32_1.0.0.202111181127/tools/bin/../lib/gcc/arm-none-eabi/10.3.1/thumb/v7e-m+fp/hard\libgcc.a(_udivmoddi4.o)
                0x0000000008004068                __exidx_end = .

.rel.dyn        0x0000000008004068        0x0
 .rel.iplt      0x0000000008004068        0x0 c:/st/stm32cubeide_1.9.0/stm32cubeide/plugins/com.st.stm32cube.ide.mcu.externaltools.gnu-tools-for-stm32.10.3-2021.10.win32_1.0.0.202111181127/tools/bin/../lib/gcc/arm-none-eabi/10.3.1/thumb/v7e-m+fp/hard/crtbegin.o

.preinit_array  0x0000000008004068        0x0
                0x0000000008004068                PROVIDE (__preinit_array_start = .)
 *(.preinit_array*)
                0x0000000008004068                PROVIDE (__preinit_array_end = .)

.init_array     0x0000000008004068        0x4
                0x0000000008004068                PROVIDE (__init_array_start = .)
 *(SORT_BY_NAME(.init_array.*))
 *(.init_array*)
 .init_array    0x0000000008004068        0x4 c:/st/stm32cubeide_1.9.0/stm32cubeide/plugins/com.st.stm32cube.ide.mcu.externaltools.gnu-tools-for-stm32.10.3-2021.10.win32_1.0.0.202111181127/tools/bin/../lib/gcc/arm-none-eabi/10.3.1/thumb/v7e-m+fp/hard/crtbegin.o
                0x000000000800406c                PROVIDE (__init_array_end = .)

.fini_array     0x000000000800406c        0x4
                [!provide]                        PROVIDE (__fini_array_start = .)
 *(SORT_BY_NAME(.fini_array.*))
 *(.fini_array*)
 .fini_array    0x000000000800406c        0x4 c:/st/stm32cubeide_1.9.0/stm32cubeide/plugins/com.st.stm32cube.ide.mcu.externaltools.gnu-tools-for-stm32.10.3-2021.10.win32_1.0.0.202111181127/tools/bin/../lib/gcc/arm-none-eabi/10.3.1/thumb/v7e-m+fp/hard/crtbegin.o
                [!provide]                        PROVIDE (__fini_array_end = .)
                0x0000000008004070                _sidata = LOADADDR (.data)

.data           0x0000000020000000       0x38 load address 0x0000000008004070
                0x0000000020000000                . = ALIGN (0x4)
                0x0000000020000000                _sdata = .
 *(.data)
 .data          0x0000000020000000       0x28 ./Drivers/BSP/STM324xG_EVAL/stm324xg_eval.o
                0x0000000020000000                GPIO_PORT
                0x0000000020000010                BUTTON_PORT
                0x000000002000001c                COM_TX_PORT
                0x0000000020000020                COM_RX_PORT
                0x0000000020000024                COM_USART
 .data          0x0000000020000028        0x4 ./Drivers/CMSIS/system_stm32f4xx.o
                0x0000000020000028                SystemCoreClock
 .data          0x000000002000002c        0x8 ./Drivers/STM32F4xx_HAL_Driver/stm32f4xx_hal.o
                0x000000002000002c                uwTickFreq
                0x0000000020000030                uwTickPrio
 .data          0x0000000020000034        0x1 ./Middlewares/FatFs/Drivers/sd_diskio.o
 *(.data*)
                0x0000000020000038                . = ALIGN (0x4)
 *fill*         0x0000000020000035        0x3 
                0x0000000020000038                _edata = .
                0x00000000080040a8                _siccmram = LOADADDR (.ccmram)

.igot.plt       0x0000000020000038        0x0 load address 0x00000000080040a8
 .igot.plt      0x0000000020000038        0x0 c:/st/stm32cubeide_1.9.0/stm32cubeide/plugins/com.st.stm32cube.ide.mcu.externaltools.gnu-tools-for-stm32.10.3-2021.10.win32_1.0.0.202111181127/tools/bin/../lib/gcc/arm-none-eabi/10.3.1/thumb/v7e-m+fp/hard/crtbegin.o

.ccmram         0x0000000010000000        0x0 load address 0x00000000080040a8
                0x0000000010000000                . = ALIGN (0x4)
                0x0000000010000000                _sccmram = .
 *(.ccmram)
 *(.ccmram*)
                0x0000000010000000                . = ALIGN (0x4)
                0x0000000010000000                _eccmram = .
                0x0000000010000000                . = ALIGN (0x4)

.bss            0x0000000020000038      0x648
                0x0000000020000038                _sbss = .
                0x0000000020000038                __bss_start__ = _sbss
 *(.bss)
 .bss           0x0000000020000038       0x1c c:/st/stm32cubeide_1.9.0/stm32cubeide/plugins/com.st.stm32cube.ide.mcu.externaltools.gnu-tools-for-stm32.10.3-2021.10.win32_1.0.0.202111181127/tools/bin/../lib/gcc/arm-none-eabi/10.3.1/thumb/v7e-m+fp/hard/crtbegin.o
 .bss           0x0000000020000054      0x4a8 ./Application/User/main.o
                0x0000000020000054                UartHandle
                0x0000000020000098                SDPath
                0x000000002000009c                SDFatFs
                0x00000000200002cc                MyFile
 .bss           0x00000000200004fc      0x144 ./Drivers/BSP/STM324xG_EVAL/stm324xg_eval_sd.o
                0x00000000200004fc                uSdHandle
 .bss           0x0000000020000640        0x4 ./Drivers/STM32F4xx_HAL_Driver/stm32f4xx_hal.o
                0x0000000020000640                uwTick
 .bss           0x0000000020000644       0x2a ./Middlewares/FatFs/Core/ff.o
 *fill*         0x000000002000066e        0x2 
 .bss           0x0000000020000670       0x10 ./Middlewares/FatFs/Core/ff_gen_drv.o
                0x0000000020000670                disk
 *(.bss*)
 *(COMMON)
                0x0000000020000680                . = ALIGN (0x4)
                0x0000000020000680                _ebss = .
                0x0000000020000680                __bss_end__ = _ebss

._user_heap_stack
                0x0000000020000680      0xa00
                0x0000000020000680                . = ALIGN (0x8)
                [!provide]                        PROVIDE (end = .)
                [!provide]                        PROVIDE (_end = .)
                0x0000000020000880                . = (. + _Min_Heap_Size)
 *fill*         0x0000000020000680      0x200 
                0x0000000020001080                . = (. + _Min_Stack_Size)
 *fill*         0x0000000020000880      0x800 
                0x0000000020001080                . = ALIGN (0x8)

/DISCARD/
 libc.a(*)
 libm.a(*)
 libgcc.a(*)

.ARM.attributes
                0x0000000000000000       0x30
 *(.ARM.attributes)
 .ARM.attributes
                0x0000000000000000       0x1e c:/st/stm32cubeide_1.9.0/stm32cubeide/plugins/com.st.stm32cube.ide.mcu.externaltools.gnu-tools-for-stm32.10.3-2021.10.win32_1.0.0.202111181127/tools/bin/../lib/gcc/arm-none-eabi/10.3.1/thumb/v7e-m+fp/hard/crti.o
 .ARM.attributes
                0x000000000000001e       0x34 c:/st/stm32cubeide_1.9.0/stm32cubeide/plugins/com.st.stm32cube.ide.mcu.externaltools.gnu-tools-for-stm32.10.3-2021.10.win32_1.0.0.202111181127/tools/bin/../lib/gcc/arm-none-eabi/10.3.1/thumb/v7e-m+fp/hard/crtbegin.o
 .ARM.attributes
                0x0000000000000052       0x21 ./Application/SW4STM32/startup_stm32f407xx.o
 .ARM.attributes
                0x0000000000000073       0x34 ./Application/User/main.o
 .ARM.attributes
                0x00000000000000a7       0x34 ./Application/User/stm32f4xx_it.o
 .ARM.attributes
                0x00000000000000db       0x34 ./Drivers/BSP/STM324xG_EVAL/stm324xg_eval.o
 .ARM.attributes
                0x000000000000010f       0x34 ./Drivers/BSP/STM324xG_EVAL/stm324xg_eval_sd.o
 .ARM.attributes
                0x0000000000000143       0x34 ./Drivers/CMSIS/system_stm32f4xx.o
 .ARM.attributes
                0x0000000000000177       0x34 ./Drivers/STM32F4xx_HAL_Driver/stm32f4xx_hal.o
 .ARM.attributes
                0x00000000000001ab       0x34 ./Drivers/STM32F4xx_HAL_Driver/stm32f4xx_hal_cortex.o
 .ARM.attributes
                0x00000000000001df       0x34 ./Drivers/STM32F4xx_HAL_Driver/stm32f4xx_hal_dma.o
 .ARM.attributes
                0x0000000000000213       0x34 ./Drivers/STM32F4xx_HAL_Driver/stm32f4xx_hal_gpio.o
 .ARM.attributes
                0x0000000000000247       0x34 ./Drivers/STM32F4xx_HAL_Driver/stm32f4xx_hal_rcc.o
 .ARM.attributes
                0x000000000000027b       0x34 ./Drivers/STM32F4xx_HAL_Driver/stm32f4xx_hal_sd.o
 .ARM.attributes
                0x00000000000002af       0x34 ./Drivers/STM32F4xx_HAL_Driver/stm32f4xx_hal_uart.o
 .ARM.attributes
                0x00000000000002e3       0x34 ./Drivers/STM32F4xx_HAL_Driver/stm32f4xx_ll_sdmmc.o
 .ARM.attributes
                0x0000000000000317       0x34 ./Middlewares/FatFs/Core/diskio.o
 .ARM.attributes
                0x000000000000034b       0x34 ./Middlewares/FatFs/Core/ff.o
 .ARM.attributes
                0x000000000000037f       0x34 ./Middlewares/FatFs/Core/ff_gen_drv.o
 .ARM.attributes
                0x00000000000003b3       0x34 ./Middlewares/FatFs/Drivers/sd_diskio.o
 .ARM.attributes
                0x00000000000003e7       0x34 c:/st/stm32cubeide_1.9.0/stm32cubeide/plugins/com.st.stm32cube.ide.mcu.externaltools.gnu-tools-for-stm32.10.3-2021.10.win32_1.0.0.202111181127/tools/bin/../lib/gcc/arm-none-eabi/10.3.1/../../../../arm-none-eabi/lib/thumb/v7e-m+fp/hard\libc_nano.a(lib_a-init.o)
 .ARM.attributes
                0x000000000000041b       0x34 c:/st/stm32cubeide_1.9.0/stm32cubeide/plugins/com.st.stm32cube.ide.mcu.externaltools.gnu-tools-for-stm32.10.3-2021.10.win32_1.0.0.202111181127/tools/bin/../lib/gcc/arm-none-eabi/10.3.1/../../../../arm-none-eabi/lib/thumb/v7e-m+fp/hard\libc_nano.a(lib_a-memset.o)
 .ARM.attributes
                0x000000000000044f       0x1e c:/st/stm32cubeide_1.9.0/stm32cubeide/plugins/com.st.stm32cube.ide.mcu.externaltools.gnu-tools-for-stm32.10.3-2021.10.win32_1.0.0.202111181127/tools/bin/../lib/gcc/arm-none-eabi/10.3.1/thumb/v7e-m+fp/hard\libgcc.a(_aeabi_uldivmod.o)
 .ARM.attributes
                0x000000000000046d       0x34 c:/st/stm32cubeide_1.9.0/stm32cubeide/plugins/com.st.stm32cube.ide.mcu.externaltools.gnu-tools-for-stm32.10.3-2021.10.win32_1.0.0.202111181127/tools/bin/../lib/gcc/arm-none-eabi/10.3.1/thumb/v7e-m+fp/hard\libgcc.a(_udivmoddi4.o)
 .ARM.attributes
                0x00000000000004a1       0x1e c:/st/stm32cubeide_1.9.0/stm32cubeide/plugins/com.st.stm32cube.ide.mcu.externaltools.gnu-tools-for-stm32.10.3-2021.10.win32_1.0.0.202111181127/tools/bin/../lib/gcc/arm-none-eabi/10.3.1/thumb/v7e-m+fp/hard\libgcc.a(_dvmd_tls.o)
 .ARM.attributes
                0x00000000000004bf       0x1e c:/st/stm32cubeide_1.9.0/stm32cubeide/plugins/com.st.stm32cube.ide.mcu.externaltools.gnu-tools-for-stm32.10.3-2021.10.win32_1.0.0.202111181127/tools/bin/../lib/gcc/arm-none-eabi/10.3.1/thumb/v7e-m+fp/hard/crtn.o
OUTPUT(FatFs_uSD.elf elf32-littlearm)
LOAD linker stubs
LOAD c:/st/stm32cubeide_1.9.0/stm32cubeide/plugins/com.st.stm32cube.ide.mcu.externaltools.gnu-tools-for-stm32.10.3-2021.10.win32_1.0.0.202111181127/tools/bin/../lib/gcc/arm-none-eabi/10.3.1/../../../../arm-none-eabi/lib/thumb/v7e-m+fp/hard\libc.a
LOAD c:/st/stm32cubeide_1.9.0/stm32cubeide/plugins/com.st.stm32cube.ide.mcu.externaltools.gnu-tools-for-stm32.10.3-2021.10.win32_1.0.0.202111181127/tools/bin/../lib/gcc/arm-none-eabi/10.3.1/../../../../arm-none-eabi/lib/thumb/v7e-m+fp/hard\libm.a
LOAD c:/st/stm32cubeide_1.9.0/stm32cubeide/plugins/com.st.stm32cube.ide.mcu.externaltools.gnu-tools-for-stm32.10.3-2021.10.win32_1.0.0.202111181127/tools/bin/../lib/gcc/arm-none-eabi/10.3.1/thumb/v7e-m+fp/hard\libgcc.a

.debug_line     0x0000000000000000    0x1556f
 .debug_line    0x0000000000000000       0xb1 ./Application/SW4STM32/startup_stm32f407xx.o
 .debug_line    0x00000000000000b1      0xcf8 ./Application/User/main.o
 .debug_line    0x0000000000000da9      0x8f3 ./Application/User/stm32f4xx_it.o
 .debug_line    0x000000000000169c     0x120e ./Drivers/BSP/STM324xG_EVAL/stm324xg_eval.o
 .debug_line    0x00000000000028aa      0xad4 ./Drivers/BSP/STM324xG_EVAL/stm324xg_eval_sd.o
 .debug_line    0x000000000000337e      0x819 ./Drivers/CMSIS/system_stm32f4xx.o
 .debug_line    0x0000000000003b97      0xab6 ./Drivers/STM32F4xx_HAL_Driver/stm32f4xx_hal.o
 .debug_line    0x000000000000464d      0xd20 ./Drivers/STM32F4xx_HAL_Driver/stm32f4xx_hal_cortex.o
 .debug_line    0x000000000000536d     0x128d ./Drivers/STM32F4xx_HAL_Driver/stm32f4xx_hal_dma.o
 .debug_line    0x00000000000065fa      0xcc4 ./Drivers/STM32F4xx_HAL_Driver/stm32f4xx_hal_gpio.o
 .debug_line    0x00000000000072be     0x1034 ./Drivers/STM32F4xx_HAL_Driver/stm32f4xx_hal_rcc.o
 .debug_line    0x00000000000082f2     0x27a7 ./Drivers/STM32F4xx_HAL_Driver/stm32f4xx_hal_sd.o
 .debug_line    0x000000000000aa99     0x4713 ./Drivers/STM32F4xx_HAL_Driver/stm32f4xx_hal_uart.o
 .debug_line    0x000000000000f1ac     0x15c8 ./Drivers/STM32F4xx_HAL_Driver/stm32f4xx_ll_sdmmc.o
 .debug_line    0x0000000000010774      0x501 ./Middlewares/FatFs/Core/diskio.o
 .debug_line    0x0000000000010c75     0x3a71 ./Middlewares/FatFs/Core/ff.o
 .debug_line    0x00000000000146e6      0x533 ./Middlewares/FatFs/Core/ff_gen_drv.o
 .debug_line    0x0000000000014c19      0x956 ./Middlewares/FatFs/Drivers/sd_diskio.o

.debug_info     0x0000000000000000    0x1871a
 .debug_info    0x0000000000000000       0x22 ./Application/SW4STM32/startup_stm32f407xx.o
 .debug_info    0x0000000000000022     0x201c ./Application/User/main.o
 .debug_info    0x000000000000203e      0x7e4 ./Application/User/stm32f4xx_it.o
 .debug_info    0x0000000000002822     0x29f2 ./Drivers/BSP/STM324xG_EVAL/stm324xg_eval.o
 .debug_info    0x0000000000005214     0x1552 ./Drivers/BSP/STM324xG_EVAL/stm324xg_eval_sd.o
 .debug_info    0x0000000000006766      0x53c ./Drivers/CMSIS/system_stm32f4xx.o
 .debug_info    0x0000000000006ca2      0xa50 ./Drivers/STM32F4xx_HAL_Driver/stm32f4xx_hal.o
 .debug_info    0x00000000000076f2     0x108c ./Drivers/STM32F4xx_HAL_Driver/stm32f4xx_hal_cortex.o
 .debug_info    0x000000000000877e      0xb48 ./Drivers/STM32F4xx_HAL_Driver/stm32f4xx_hal_dma.o
 .debug_info    0x00000000000092c6      0x7b0 ./Drivers/STM32F4xx_HAL_Driver/stm32f4xx_hal_gpio.o
 .debug_info    0x0000000000009a76      0xb93 ./Drivers/STM32F4xx_HAL_Driver/stm32f4xx_hal_rcc.o
 .debug_info    0x000000000000a609     0x2818 ./Drivers/STM32F4xx_HAL_Driver/stm32f4xx_hal_sd.o
 .debug_info    0x000000000000ce21     0x4373 ./Drivers/STM32F4xx_HAL_Driver/stm32f4xx_hal_uart.o
 .debug_info    0x0000000000011194     0x1c06 ./Drivers/STM32F4xx_HAL_Driver/stm32f4xx_ll_sdmmc.o
 .debug_info    0x0000000000012d9a      0x481 ./Middlewares/FatFs/Core/diskio.o
 .debug_info    0x000000000001321b     0x4962 ./Middlewares/FatFs/Core/ff.o
 .debug_info    0x0000000000017b7d      0x4d7 ./Middlewares/FatFs/Core/ff_gen_drv.o
 .debug_info    0x0000000000018054      0x6c6 ./Middlewares/FatFs/Drivers/sd_diskio.o

.debug_abbrev   0x0000000000000000     0x32b9
 .debug_abbrev  0x0000000000000000       0x12 ./Application/SW4STM32/startup_stm32f407xx.o
 .debug_abbrev  0x0000000000000012      0x3cf ./Application/User/main.o
 .debug_abbrev  0x00000000000003e1      0x1cd ./Application/User/stm32f4xx_it.o
 .debug_abbrev  0x00000000000005ae      0x537 ./Drivers/BSP/STM324xG_EVAL/stm324xg_eval.o
 .debug_abbrev  0x0000000000000ae5      0x340 ./Drivers/BSP/STM324xG_EVAL/stm324xg_eval_sd.o
 .debug_abbrev  0x0000000000000e25      0x11c ./Drivers/CMSIS/system_stm32f4xx.o
 .debug_abbrev  0x0000000000000f41      0x289 ./Drivers/STM32F4xx_HAL_Driver/stm32f4xx_hal.o
 .debug_abbrev  0x00000000000011ca      0x372 ./Drivers/STM32F4xx_HAL_Driver/stm32f4xx_hal_cortex.o
 .debug_abbrev  0x000000000000153c      0x343 ./Drivers/STM32F4xx_HAL_Driver/stm32f4xx_hal_dma.o
 .debug_abbrev  0x000000000000187f      0x1f0 ./Drivers/STM32F4xx_HAL_Driver/stm32f4xx_hal_gpio.o
 .debug_abbrev  0x0000000000001a6f      0x344 ./Drivers/STM32F4xx_HAL_Driver/stm32f4xx_hal_rcc.o
 .debug_abbrev  0x0000000000001db3      0x3d3 ./Drivers/STM32F4xx_HAL_Driver/stm32f4xx_hal_sd.o
 .debug_abbrev  0x0000000000002186      0x3e6 ./Drivers/STM32F4xx_HAL_Driver/stm32f4xx_hal_uart.o
 .debug_abbrev  0x000000000000256c      0x313 ./Drivers/STM32F4xx_HAL_Driver/stm32f4xx_ll_sdmmc.o
 .debug_abbrev  0x000000000000287f      0x1bb ./Middlewares/FatFs/Core/diskio.o
 .debug_abbrev  0x0000000000002a3a      0x3d3 ./Middlewares/FatFs/Core/ff.o
 .debug_abbrev  0x0000000000002e0d      0x227 ./Middlewares/FatFs/Core/ff_gen_drv.o
 .debug_abbrev  0x0000000000003034      0x285 ./Middlewares/FatFs/Drivers/sd_diskio.o

.debug_aranges  0x0000000000000000      0xbc8
 .debug_aranges
                0x0000000000000000       0x28 ./Application/SW4STM32/startup_stm32f407xx.o
 .debug_aranges
                0x0000000000000028       0x40 ./Application/User/main.o
 .debug_aranges
                0x0000000000000068       0x60 ./Application/User/stm32f4xx_it.o
 .debug_aranges
                0x00000000000000c8       0xf8 ./Drivers/BSP/STM324xG_EVAL/stm324xg_eval.o
 .debug_aranges
                0x00000000000001c0       0x98 ./Drivers/BSP/STM324xG_EVAL/stm324xg_eval_sd.o
 .debug_aranges
                0x0000000000000258       0x28 ./Drivers/CMSIS/system_stm32f4xx.o
 .debug_aranges
                0x0000000000000280       0xe8 ./Drivers/STM32F4xx_HAL_Driver/stm32f4xx_hal.o
 .debug_aranges
                0x0000000000000368       0xa8 ./Drivers/STM32F4xx_HAL_Driver/stm32f4xx_hal_cortex.o
 .debug_aranges
                0x0000000000000410       0x80 ./Drivers/STM32F4xx_HAL_Driver/stm32f4xx_hal_dma.o
 .debug_aranges
                0x0000000000000490       0x58 ./Drivers/STM32F4xx_HAL_Driver/stm32f4xx_hal_gpio.o
 .debug_aranges
                0x00000000000004e8       0x88 ./Drivers/STM32F4xx_HAL_Driver/stm32f4xx_hal_rcc.o
 .debug_aranges
                0x0000000000000570       0xf0 ./Drivers/STM32F4xx_HAL_Driver/stm32f4xx_hal_sd.o
 .debug_aranges
                0x0000000000000660      0x1a0 ./Drivers/STM32F4xx_HAL_Driver/stm32f4xx_hal_uart.o
 .debug_aranges
                0x0000000000000800      0x170 ./Drivers/STM32F4xx_HAL_Driver/stm32f4xx_ll_sdmmc.o
 .debug_aranges
                0x0000000000000970       0x48 ./Middlewares/FatFs/Core/diskio.o
 .debug_aranges
                0x00000000000009b8      0x190 ./Middlewares/FatFs/Core/ff.o
 .debug_aranges
                0x0000000000000b48       0x40 ./Middlewares/FatFs/Core/ff_gen_drv.o
 .debug_aranges
                0x0000000000000b88       0x40 ./Middlewares/FatFs/Drivers/sd_diskio.o

.debug_str      0x0000000000000000    0xd09f7
 .debug_str     0x0000000000000000       0xb4 ./Application/SW4STM32/startup_stm32f407xx.o
 .debug_str     0x00000000000000b4    0xcb24e ./Application/User/main.o
                                      0xcb607 (size before relaxing)
 .debug_str     0x00000000000cb302      0x2cf ./Application/User/stm32f4xx_it.o
                                      0xc6e3d (size before relaxing)
 .debug_str     0x00000000000cb5d1     0x1dbb ./Drivers/BSP/STM324xG_EVAL/stm324xg_eval.o
                                      0xc829a (size before relaxing)
 .debug_str     0x00000000000cd38c      0x2f7 ./Drivers/BSP/STM324xG_EVAL/stm324xg_eval_sd.o
                                      0xc5ebb (size before relaxing)
 .debug_str     0x00000000000cd683      0x11d ./Drivers/CMSIS/system_stm32f4xx.o
                                      0xc4edd (size before relaxing)
 .debug_str     0x00000000000cd7a0      0x616 ./Drivers/STM32F4xx_HAL_Driver/stm32f4xx_hal.o
                                      0xc5a51 (size before relaxing)
 .debug_str     0x00000000000cddb6      0x373 ./Drivers/STM32F4xx_HAL_Driver/stm32f4xx_hal_cortex.o
                                      0xc5784 (size before relaxing)
 .debug_str     0x00000000000ce129      0x320 ./Drivers/STM32F4xx_HAL_Driver/stm32f4xx_hal_dma.o
                                      0xc52e7 (size before relaxing)
 .debug_str     0x00000000000ce449      0x12f ./Drivers/STM32F4xx_HAL_Driver/stm32f4xx_hal_gpio.o
                                      0xc5048 (size before relaxing)
 .debug_str     0x00000000000ce578      0x276 ./Drivers/STM32F4xx_HAL_Driver/stm32f4xx_hal_rcc.o
                                      0xc5312 (size before relaxing)
 .debug_str     0x00000000000ce7ee      0x863 ./Drivers/STM32F4xx_HAL_Driver/stm32f4xx_hal_sd.o
                                      0xc5c46 (size before relaxing)
 .debug_str     0x00000000000cf051      0x617 ./Drivers/STM32F4xx_HAL_Driver/stm32f4xx_hal_uart.o
                                      0xc58b1 (size before relaxing)
 .debug_str     0x00000000000cf668      0x259 ./Drivers/STM32F4xx_HAL_Driver/stm32f4xx_ll_sdmmc.o
                                      0xc5354 (size before relaxing)
 .debug_str     0x00000000000cf8c1       0x9c ./Middlewares/FatFs/Core/diskio.o
                                       0x433b (size before relaxing)
 .debug_str     0x00000000000cf95d      0xf28 ./Middlewares/FatFs/Core/ff.o
                                       0x453a (size before relaxing)
 .debug_str     0x00000000000d0885       0xb0 ./Middlewares/FatFs/Core/ff_gen_drv.o
                                       0x436f (size before relaxing)
 .debug_str     0x00000000000d0935       0xc2 ./Middlewares/FatFs/Drivers/sd_diskio.o
                                      0xc582e (size before relaxing)

.debug_ranges   0x0000000000000000     0x12c0
 .debug_ranges  0x0000000000000000       0x20 ./Application/SW4STM32/startup_stm32f407xx.o
 .debug_ranges  0x0000000000000020       0xb0 ./Application/User/main.o
 .debug_ranges  0x00000000000000d0       0x50 ./Application/User/stm32f4xx_it.o
 .debug_ranges  0x0000000000000120      0x230 ./Drivers/BSP/STM324xG_EVAL/stm324xg_eval.o
 .debug_ranges  0x0000000000000350       0xb8 ./Drivers/BSP/STM324xG_EVAL/stm324xg_eval_sd.o
 .debug_ranges  0x0000000000000408       0x18 ./Drivers/CMSIS/system_stm32f4xx.o
 .debug_ranges  0x0000000000000420       0xd8 ./Drivers/STM32F4xx_HAL_Driver/stm32f4xx_hal.o
 .debug_ranges  0x00000000000004f8      0x150 ./Drivers/STM32F4xx_HAL_Driver/stm32f4xx_hal_cortex.o
 .debug_ranges  0x0000000000000648       0xc8 ./Drivers/STM32F4xx_HAL_Driver/stm32f4xx_hal_dma.o
 .debug_ranges  0x0000000000000710       0x68 ./Drivers/STM32F4xx_HAL_Driver/stm32f4xx_hal_gpio.o
 .debug_ranges  0x0000000000000778       0xb0 ./Drivers/STM32F4xx_HAL_Driver/stm32f4xx_hal_rcc.o
 .debug_ranges  0x0000000000000828      0x200 ./Drivers/STM32F4xx_HAL_Driver/stm32f4xx_hal_sd.o
 .debug_ranges  0x0000000000000a28      0x1a8 ./Drivers/STM32F4xx_HAL_Driver/stm32f4xx_hal_uart.o
 .debug_ranges  0x0000000000000bd0      0x1a8 ./Drivers/STM32F4xx_HAL_Driver/stm32f4xx_ll_sdmmc.o
 .debug_ranges  0x0000000000000d78       0x38 ./Middlewares/FatFs/Core/diskio.o
 .debug_ranges  0x0000000000000db0      0x498 ./Middlewares/FatFs/Core/ff.o
 .debug_ranges  0x0000000000001248       0x30 ./Middlewares/FatFs/Core/ff_gen_drv.o
 .debug_ranges  0x0000000000001278       0x48 ./Middlewares/FatFs/Drivers/sd_diskio.o

.debug_loc      0x0000000000000000    0x1036b
 .debug_loc     0x0000000000000000       0xa7 ./Application/User/main.o
 .debug_loc     0x00000000000000a7      0xa94 ./Drivers/BSP/STM324xG_EVAL/stm324xg_eval.o
 .debug_loc     0x0000000000000b3b      0x43e ./Drivers/BSP/STM324xG_EVAL/stm324xg_eval_sd.o
 .debug_loc     0x0000000000000f79      0x118 ./Drivers/CMSIS/system_stm32f4xx.o
 .debug_loc     0x0000000000001091      0x139 ./Drivers/STM32F4xx_HAL_Driver/stm32f4xx_hal.o
 .debug_loc     0x00000000000011ca      0x5d3 ./Drivers/STM32F4xx_HAL_Driver/stm32f4xx_hal_cortex.o
 .debug_loc     0x000000000000179d      0x8ca ./Drivers/STM32F4xx_HAL_Driver/stm32f4xx_hal_dma.o
 .debug_loc     0x0000000000002067      0x422 ./Drivers/STM32F4xx_HAL_Driver/stm32f4xx_hal_gpio.o
 .debug_loc     0x0000000000002489      0x4af ./Drivers/STM32F4xx_HAL_Driver/stm32f4xx_hal_rcc.o
 .debug_loc     0x0000000000002938     0x1f10 ./Drivers/STM32F4xx_HAL_Driver/stm32f4xx_hal_sd.o
 .debug_loc     0x0000000000004848     0x4415 ./Drivers/STM32F4xx_HAL_Driver/stm32f4xx_hal_uart.o
 .debug_loc     0x0000000000008c5d     0x1335 ./Drivers/STM32F4xx_HAL_Driver/stm32f4xx_ll_sdmmc.o
 .debug_loc     0x0000000000009f92      0x1fe ./Middlewares/FatFs/Core/diskio.o
 .debug_loc     0x000000000000a190     0x5a9c ./Middlewares/FatFs/Core/ff.o
 .debug_loc     0x000000000000fc2c      0x302 ./Middlewares/FatFs/Core/ff_gen_drv.o
 .debug_loc     0x000000000000ff2e      0x43d ./Middlewares/FatFs/Drivers/sd_diskio.o

.debug_macro    0x0000000000000000    0x22b63
 .debug_macro   0x0000000000000000      0x404 ./Application/User/main.o
 .debug_macro   0x0000000000000404      0xa7e ./Application/User/main.o
 .debug_macro   0x0000000000000e82      0x2c9 ./Application/User/main.o
 .debug_macro   0x000000000000114b       0x2e ./Application/User/main.o
 .debug_macro   0x0000000000001179       0x2f ./Application/User/main.o
 .debug_macro   0x00000000000011a8       0x22 ./Application/User/main.o
 .debug_macro   0x00000000000011ca       0x8e ./Application/User/main.o
 .debug_macro   0x0000000000001258       0x51 ./Application/User/main.o
 .debug_macro   0x00000000000012a9      0x103 ./Application/User/main.o
 .debug_macro   0x00000000000013ac       0x6a ./Application/User/main.o
 .debug_macro   0x0000000000001416      0x1df ./Application/User/main.o
 .debug_macro   0x00000000000015f5       0x1c ./Application/User/main.o
 .debug_macro   0x0000000000001611       0x22 ./Application/User/main.o
 .debug_macro   0x0000000000001633       0xd9 ./Application/User/main.o
 .debug_macro   0x000000000000170c     0x102d ./Application/User/main.o
 .debug_macro   0x0000000000002739      0x11f ./Application/User/main.o
 .debug_macro   0x0000000000002858    0x15e82 ./Application/User/main.o
 .debug_macro   0x00000000000186da       0x6d ./Application/User/main.o
 .debug_macro   0x0000000000018747     0x367e ./Application/User/main.o
 .debug_macro   0x000000000001bdc5      0x174 ./Application/User/main.o
 .debug_macro   0x000000000001bf39       0x5c ./Application/User/main.o
 .debug_macro   0x000000000001bf95      0x96b ./Application/User/main.o
 .debug_macro   0x000000000001c900      0x9fe ./Application/User/main.o
 .debug_macro   0x000000000001d2fe      0x115 ./Application/User/main.o
 .debug_macro   0x000000000001d413      0x13e ./Application/User/main.o
 .debug_macro   0x000000000001d551       0xa5 ./Application/User/main.o
 .debug_macro   0x000000000001d5f6      0x287 ./Application/User/main.o
 .debug_macro   0x000000000001d87d       0x5f ./Application/User/main.o
 .debug_macro   0x000000000001d8dc      0x236 ./Application/User/main.o
 .debug_macro   0x000000000001db12      0x12c ./Application/User/main.o
 .debug_macro   0x000000000001dc3e      0x21e ./Application/User/main.o
 .debug_macro   0x000000000001de5c       0x2e ./Application/User/main.o
 .debug_macro   0x000000000001de8a      0x516 ./Application/User/main.o
 .debug_macro   0x000000000001e3a0      0x1b5 ./Application/User/main.o
 .debug_macro   0x000000000001e555       0xd6 ./Application/User/main.o
 .debug_macro   0x000000000001e62b      0x11a ./Application/User/main.o
 .debug_macro   0x000000000001e745       0x7e ./Application/User/main.o
 .debug_macro   0x000000000001e7c3       0x89 ./Application/User/main.o
 .debug_macro   0x000000000001e84c      0x861 ./Application/User/main.o
 .debug_macro   0x000000000001f0ad      0x1d5 ./Application/User/main.o
 .debug_macro   0x000000000001f282      0x295 ./Application/User/main.o
 .debug_macro   0x000000000001f517      0x12d ./Application/User/main.o
 .debug_macro   0x000000000001f644      0x249 ./Application/User/main.o
 .debug_macro   0x000000000001f88d       0x16 ./Application/User/main.o
 .debug_macro   0x000000000001f8a3       0x7c ./Application/User/main.o
 .debug_macro   0x000000000001f91f       0xdd ./Application/User/main.o
 .debug_macro   0x000000000001f9fc       0xe2 ./Application/User/main.o
 .debug_macro   0x000000000001fade       0x94 ./Application/User/main.o
 .debug_macro   0x000000000001fb72       0x4c ./Application/User/main.o
 .debug_macro   0x000000000001fbbe       0x52 ./Application/User/main.o
 .debug_macro   0x000000000001fc10       0x1e ./Application/User/main.o
 .debug_macro   0x000000000001fc2e       0x3c ./Application/User/main.o
 .debug_macro   0x000000000001fc6a       0x34 ./Application/User/main.o
 .debug_macro   0x000000000001fc9e       0x16 ./Application/User/main.o
 .debug_macro   0x000000000001fcb4       0x35 ./Application/User/main.o
 .debug_macro   0x000000000001fce9      0x341 ./Application/User/main.o
 .debug_macro   0x000000000002002a       0x10 ./Application/User/main.o
 .debug_macro   0x000000000002003a       0x16 ./Application/User/main.o
 .debug_macro   0x0000000000020050       0x43 ./Application/User/main.o
 .debug_macro   0x0000000000020093       0x34 ./Application/User/main.o
 .debug_macro   0x00000000000200c7       0x10 ./Application/User/main.o
 .debug_macro   0x00000000000200d7       0x58 ./Application/User/main.o
 .debug_macro   0x000000000002012f       0x71 ./Application/User/main.o
 .debug_macro   0x00000000000201a0       0x1c ./Application/User/main.o
 .debug_macro   0x00000000000201bc      0x12a ./Application/User/main.o
 .debug_macro   0x00000000000202e6       0x10 ./Application/User/main.o
 .debug_macro   0x00000000000202f6       0x1c ./Application/User/main.o
 .debug_macro   0x0000000000020312       0x52 ./Application/User/main.o
 .debug_macro   0x0000000000020364       0x22 ./Application/User/main.o
 .debug_macro   0x0000000000020386       0x10 ./Application/User/main.o
 .debug_macro   0x0000000000020396       0x52 ./Application/User/main.o
 .debug_macro   0x00000000000203e8       0xd5 ./Application/User/main.o
 .debug_macro   0x00000000000204bd       0x1c ./Application/User/main.o
 .debug_macro   0x00000000000204d9       0x3d ./Application/User/main.o
 .debug_macro   0x0000000000020516       0x16 ./Application/User/main.o
 .debug_macro   0x000000000002052c      0x145 ./Application/User/main.o
 .debug_macro   0x0000000000020671      0x271 ./Application/User/stm32f4xx_it.o
 .debug_macro   0x00000000000208e2      0x26f ./Drivers/BSP/STM324xG_EVAL/stm324xg_eval.o
 .debug_macro   0x0000000000020b51      0x243 ./Drivers/BSP/STM324xG_EVAL/stm324xg_eval.o
 .debug_macro   0x0000000000020d94       0x3a ./Drivers/BSP/STM324xG_EVAL/stm324xg_eval.o
 .debug_macro   0x0000000000020dce      0x20d ./Drivers/BSP/STM324xG_EVAL/stm324xg_eval_sd.o
 .debug_macro   0x0000000000020fdb       0x8e ./Drivers/BSP/STM324xG_EVAL/stm324xg_eval_sd.o
 .debug_macro   0x0000000000021069      0x204 ./Drivers/CMSIS/system_stm32f4xx.o
 .debug_macro   0x000000000002126d      0x25e ./Drivers/STM32F4xx_HAL_Driver/stm32f4xx_hal.o
 .debug_macro   0x00000000000214cb      0x1fe ./Drivers/STM32F4xx_HAL_Driver/stm32f4xx_hal_cortex.o
 .debug_macro   0x00000000000216c9      0x204 ./Drivers/STM32F4xx_HAL_Driver/stm32f4xx_hal_dma.o
 .debug_macro   0x00000000000218cd      0x204 ./Drivers/STM32F4xx_HAL_Driver/stm32f4xx_hal_gpio.o
 .debug_macro   0x0000000000021ad1      0x222 ./Drivers/STM32F4xx_HAL_Driver/stm32f4xx_hal_rcc.o
 .debug_macro   0x0000000000021cf3      0x1ff ./Drivers/STM32F4xx_HAL_Driver/stm32f4xx_hal_sd.o
 .debug_macro   0x0000000000021ef2      0x1ff ./Drivers/STM32F4xx_HAL_Driver/stm32f4xx_hal_uart.o
 .debug_macro   0x00000000000220f1      0x1ff ./Drivers/STM32F4xx_HAL_Driver/stm32f4xx_ll_sdmmc.o
 .debug_macro   0x00000000000222f0       0xa3 ./Middlewares/FatFs/Core/diskio.o
 .debug_macro   0x0000000000022393      0x448 ./Middlewares/FatFs/Core/ff.o
 .debug_macro   0x00000000000227db       0x8e ./Middlewares/FatFs/Core/ff.o
 .debug_macro   0x0000000000022869       0x9d ./Middlewares/FatFs/Core/ff_gen_drv.o
 .debug_macro   0x0000000000022906      0x25d ./Middlewares/FatFs/Drivers/sd_diskio.o

.comment        0x0000000000000000       0x50
 .comment       0x0000000000000000       0x50 ./Application/User/main.o
                                         0x51 (size before relaxing)
 .comment       0x0000000000000050       0x51 ./Application/User/stm32f4xx_it.o
 .comment       0x0000000000000050       0x51 ./Drivers/BSP/STM324xG_EVAL/stm324xg_eval.o
 .comment       0x0000000000000050       0x51 ./Drivers/BSP/STM324xG_EVAL/stm324xg_eval_sd.o
 .comment       0x0000000000000050       0x51 ./Drivers/CMSIS/system_stm32f4xx.o
 .comment       0x0000000000000050       0x51 ./Drivers/STM32F4xx_HAL_Driver/stm32f4xx_hal.o
 .comment       0x0000000000000050       0x51 ./Drivers/STM32F4xx_HAL_Driver/stm32f4xx_hal_cortex.o
 .comment       0x0000000000000050       0x51 ./Drivers/STM32F4xx_HAL_Driver/stm32f4xx_hal_dma.o
 .comment       0x0000000000000050       0x51 ./Drivers/STM32F4xx_HAL_Driver/stm32f4xx_hal_gpio.o
 .comment       0x0000000000000050       0x51 ./Drivers/STM32F4xx_HAL_Driver/stm32f4xx_hal_rcc.o
 .comment       0x0000000000000050       0x51 ./Drivers/STM32F4xx_HAL_Driver/stm32f4xx_hal_sd.o
 .comment       0x0000000000000050       0x51 ./Drivers/STM32F4xx_HAL_Driver/stm32f4xx_hal_uart.o
 .comment       0x0000000000000050       0x51 ./Drivers/STM32F4xx_HAL_Driver/stm32f4xx_ll_sdmmc.o
 .comment       0x0000000000000050       0x51 ./Middlewares/FatFs/Core/diskio.o
 .comment       0x0000000000000050       0x51 ./Middlewares/FatFs/Core/ff.o
 .comment       0x0000000000000050       0x51 ./Middlewares/FatFs/Core/ff_gen_drv.o
 .comment       0x0000000000000050       0x51 ./Middlewares/FatFs/Drivers/sd_diskio.o

.debug_frame    0x0000000000000000     0x234c
 .debug_frame   0x0000000000000000       0xa4 ./Application/User/main.o
 .debug_frame   0x00000000000000a4       0xd0 ./Application/User/stm32f4xx_it.o
 .debug_frame   0x0000000000000174      0x320 ./Drivers/BSP/STM324xG_EVAL/stm324xg_eval.o
 .debug_frame   0x0000000000000494      0x1cc ./Drivers/BSP/STM324xG_EVAL/stm324xg_eval_sd.o
 .debug_frame   0x0000000000000660       0x30 ./Drivers/CMSIS/system_stm32f4xx.o
 .debug_frame   0x0000000000000690      0x1f4 ./Drivers/STM32F4xx_HAL_Driver/stm32f4xx_hal.o
 .debug_frame   0x0000000000000884      0x158 ./Drivers/STM32F4xx_HAL_Driver/stm32f4xx_hal_cortex.o
 .debug_frame   0x00000000000009dc      0x16c ./Drivers/STM32F4xx_HAL_Driver/stm32f4xx_hal_dma.o
 .debug_frame   0x0000000000000b48       0xd4 ./Drivers/STM32F4xx_HAL_Driver/stm32f4xx_hal_gpio.o
 .debug_frame   0x0000000000000c1c      0x13c ./Drivers/STM32F4xx_HAL_Driver/stm32f4xx_hal_rcc.o
 .debug_frame   0x0000000000000d58      0x3b4 ./Drivers/STM32F4xx_HAL_Driver/stm32f4xx_hal_sd.o
 .debug_frame   0x000000000000110c      0x588 ./Drivers/STM32F4xx_HAL_Driver/stm32f4xx_hal_uart.o
 .debug_frame   0x0000000000001694      0x4b4 ./Drivers/STM32F4xx_HAL_Driver/stm32f4xx_ll_sdmmc.o
 .debug_frame   0x0000000000001b48       0x94 ./Middlewares/FatFs/Core/diskio.o
 .debug_frame   0x0000000000001bdc      0x5c0 ./Middlewares/FatFs/Core/ff.o
 .debug_frame   0x000000000000219c       0x6c ./Middlewares/FatFs/Core/ff_gen_drv.o
 .debug_frame   0x0000000000002208       0x98 ./Middlewares/FatFs/Drivers/sd_diskio.o
 .debug_frame   0x00000000000022a0       0x2c c:/st/stm32cubeide_1.9.0/stm32cubeide/plugins/com.st.stm32cube.ide.mcu.externaltools.gnu-tools-for-stm32.10.3-2021.10.win32_1.0.0.202111181127/tools/bin/../lib/gcc/arm-none-eabi/10.3.1/../../../../arm-none-eabi/lib/thumb/v7e-m+fp/hard\libc_nano.a(lib_a-init.o)
 .debug_frame   0x00000000000022cc       0x20 c:/st/stm32cubeide_1.9.0/stm32cubeide/plugins/com.st.stm32cube.ide.mcu.externaltools.gnu-tools-for-stm32.10.3-2021.10.win32_1.0.0.202111181127/tools/bin/../lib/gcc/arm-none-eabi/10.3.1/../../../../arm-none-eabi/lib/thumb/v7e-m+fp/hard\libc_nano.a(lib_a-memset.o)
 .debug_frame   0x00000000000022ec       0x2c c:/st/stm32cubeide_1.9.0/stm32cubeide/plugins/com.st.stm32cube.ide.mcu.externaltools.gnu-tools-for-stm32.10.3-2021.10.win32_1.0.0.202111181127/tools/bin/../lib/gcc/arm-none-eabi/10.3.1/thumb/v7e-m+fp/hard\libgcc.a(_aeabi_uldivmod.o)
 .debug_frame   0x0000000000002318       0x34 c:/st/stm32cubeide_1.9.0/stm32cubeide/plugins/com.st.stm32cube.ide.mcu.externaltools.gnu-tools-for-stm32.10.3-2021.10.win32_1.0.0.202111181127/tools/bin/../lib/gcc/arm-none-eabi/10.3.1/thumb/v7e-m+fp/hard\libgcc.a(_udivmoddi4.o)
