C:/Users/ASUS/STM32CubeIDE/workspace_1.9.0/FatFs_uSD/Src/main.c:435:13:Error_Handler	8	static
C:/Users/ASUS/STM32CubeIDE/workspace_1.9.0/FatFs_uSD/Src/main.c:129:6:HAL_UART_MspInit	40	static
C:/Users/ASUS/STM32CubeIDE/workspace_1.9.0/FatFs_uSD/Src/main.c:166:6:HAL_UART_MspDeInit	8	static
C:/Users/ASUS/STM32CubeIDE/workspace_1.9.0/FatFs_uSD/Src/main.c:185:5:main	16464	static
c:\st\stm32cubeide_1.9.0\stm32cubeide\plugins\com.st.stm32cube.ide.mcu.externaltools.gnu-tools-for-stm32.10.3-2021.10.win32_1.0.0.202111181127\tools\arm-none-eabi\include\stdio.h:214:5:fputc	16	static
